To honour the JVM settings for this build a single-use Daemon process will be forked. For more on this, please refer to https://docs.gradle.org/8.6/userguide/gradle_daemon.html#sec:disabling_the_daemon in the Gradle documentation.
Daemon will be stopped at the end of the build 
Directory 'C:\Program Files\Eclipse Adoptium\jdk-11.0.27.6-hotspot' (Windows Registry) used for java installations does not exist
Directory 'C:\Program Files\Eclipse Adoptium\jdk-17.0.15.6-hotspot' (Windows Registry) used for java installations does not exist
.\gradlew.bat : Warning: SDK processing. This version only understands SDK XML versions up to 3 but an SDK XML file of 
version 4 was encountered. This can happen if you use versions of Android Studio and the command-line tools that were 
released at different times.
At C:\Users\vbozkaya\AppData\Local\Temp\ps-script-0ca86889-6ea2-4258-99f3-9120829b6a08.ps1:84 char:1
+ .\gradlew.bat compileDebugUnitTestKotlin --no-daemon > compile_errors ...
+ ~~~~~~~~~~~~~~~~~~~~~~~~~~~~~~~~~~~~~~~~~~~~~~~~~~~~~~~~~~~~~~~~~~~~~
    + CategoryInfo          : NotSpecified: (Warning: SDK pr...ifferent times.:String) [], RemoteException
    + FullyQualifiedErrorId : NativeCommandError
 
> Task :app:checkKotlinGradlePluginConfigurationErrors
> Task :app:preBuild UP-TO-DATE
> Task :app:preDebugBuild UP-TO-DATE
> Task :app:dataBindingMergeDependencyArtifactsDebug UP-TO-DATE
> Task :app:generateDebugResValues UP-TO-DATE
> Task :app:generateDebugResources UP-TO-DATE
> Task :app:injectCrashlyticsMappingFileIdDebug UP-TO-DATE
> Task :app:processDebugGoogleServices UP-TO-DATE
> Task :app:mergeDebugResources UP-TO-DATE
> Task :app:packageDebugResources UP-TO-DATE
> Task :app:parseDebugLocalResources UP-TO-DATE
> Task :app:dataBindingGenBaseClassesDebug UP-TO-DATE
> Task :app:generateDebugBuildConfig UP-TO-DATE
> Task :app:checkDebugAarMetadata UP-TO-DATE
> Task :app:mapDebugSourceSetPaths UP-TO-DATE
> Task :app:createDebugCompatibleScreenManifests UP-TO-DATE
> Task :app:extractDeepLinksDebug UP-TO-DATE
> Task :app:processDebugMainManifest UP-TO-DATE
> Task :app:processDebugManifest UP-TO-DATE
> Task :app:processDebugManifestForPackage UP-TO-DATE
> Task :app:processDebugResources UP-TO-DATE
> Task :app:kspDebugKotlin UP-TO-DATE
> Task :app:compileDebugKotlin UP-TO-DATE
> Task :app:javaPreCompileDebug UP-TO-DATE
> Task :app:compileDebugJavaWithJavac UP-TO-DATE
> Task :app:hiltAggregateDepsDebug UP-TO-DATE
> Task :app:hiltJavaCompileDebug UP-TO-DATE
> Task :app:bundleDebugClassesToCompileJar UP-TO-DATE
> Task :app:kspDebugUnitTestKotlin UP-TO-DATE

> Task :app:compileDebugUnitTestKotlin FAILED
e: file:///C:/Users/vbozkaya/Desktop/PNR%20TV/app/src/test/java/com/pnr/tv/MainViewModelTest.kt:53:29 Unresolved 
reference: MainViewModel
e: file:///C:/Users/vbozkaya/Desktop/PNR%20TV/app/src/test/java/com/pnr/tv/MainViewModelTest.kt:69:29 Unresolved 
reference: MainViewModel
e: file:///C:/Users/vbozkaya/Desktop/PNR%20TV/app/src/test/java/com/pnr/tv/MainViewModelTest.kt:86:29 Unresolved 
reference: MainViewModel
e: file:///C:/Users/vbozkaya/Desktop/PNR%20TV/app/src/test/java/com/pnr/tv/MainViewModelTest.kt:91:45 Unresolved 
reference: MainViewModel
e: file:///C:/Users/vbozkaya/Desktop/PNR%20TV/app/src/test/java/com/pnr/tv/MainViewModelTest.kt:109:30 Unresolved 
reference: MainViewModel
e: file:///C:/Users/vbozkaya/Desktop/PNR%20TV/app/src/test/java/com/pnr/tv/MainViewModelTest.kt:114:46 Unresolved 
reference: MainViewModel
e: file:///C:/Users/vbozkaya/Desktop/PNR%20TV/app/src/test/java/com/pnr/tv/MainViewModelTest.kt:132:30 Unresolved 
reference: MainViewModel
e: file:///C:/Users/vbozkaya/Desktop/PNR%20TV/app/src/test/java/com/pnr/tv/MainViewModelTest.kt:134:30 Unresolved 
reference: MainViewModel
e: file:///C:/Users/vbozkaya/Desktop/PNR%20TV/app/src/test/java/com/pnr/tv/MainViewModelTest.kt:158:29 Unresolved 
reference: MainViewModel
e: file:///C:/Users/vbozkaya/Desktop/PNR%20TV/app/src/test/java/com/pnr/tv/MainViewModelTest.kt:163:45 Unresolved 
reference: MainViewModel
e: file:///C:/Users/vbozkaya/Desktop/PNR%20TV/app/src/test/java/com/pnr/tv/network/ApiServiceTest.kt:150:45 Unresolved 
reference: password
e: file:///C:/Users/vbozkaya/Desktop/PNR%20TV/app/src/test/java/com/pnr/tv/repository/SeriesRepositoryTest.kt:219:25 
Cannot find a parameter with this name: streamIconUrl
e: file:///C:/Users/vbozkaya/Desktop/PNR%20TV/app/src/test/java/com/pnr/tv/repository/SeriesRepositoryTest.kt:225:25 
Cannot find a parameter with this name: containerExtension
e: file:///C:/Users/vbozkaya/Desktop/PNR%20TV/app/src/test/java/com/pnr/tv/repository/SeriesRepositoryTest.kt:225:25 
No value passed for parameter 'coverUrl'
e: file:///C:/Users/vbozkaya/Desktop/PNR%20TV/app/src/test/java/com/pnr/tv/repository/SeriesRepositoryTest.kt:225:25 
No value passed for parameter 'releaseDate'
e: file:///C:/Users/vbozkaya/Desktop/PNR%20TV/app/src/test/java/com/pnr/tv/repository/SeriesRepositoryTest.kt:230:25 
Cannot find a parameter with this name: streamIconUrl
e: file:///C:/Users/vbozkaya/Desktop/PNR%20TV/app/src/test/java/com/pnr/tv/repository/SeriesRepositoryTest.kt:236:25 
Cannot find a parameter with this name: containerExtension
e: file:///C:/Users/vbozkaya/Desktop/PNR%20TV/app/src/test/java/com/pnr/tv/repository/SeriesRepositoryTest.kt:236:25 
No value passed for parameter 'coverUrl'
e: file:///C:/Users/vbozkaya/Desktop/PNR%20TV/app/src/test/java/com/pnr/tv/repository/SeriesRepositoryTest.kt:236:25 
No value passed for parameter 'releaseDate'

FAILURE: Build failed with an exception.

* What went wrong:
Execution failed for task ':app:compileDebugUnitTestKotlin'.
> A failure occurred while executing 
org.jetbrains.kotlin.compilerRunner.GradleCompilerRunnerWithWorkers$GradleKotlinCompilerWorkAction
   > Compilation error. See log for more details

* Try:
> Run with --stacktrace option to get the stack trace.
> Run with --info or --debug option to get more log output.
> Run with --scan to get full insights.
> Get more help at https://help.gradle.org.

BUILD FAILED in 19s
28 actionable tasks: 2 executed, 26 up-to-date
