12-06 23:03:58.838 V/WindowManagerShell( 1156):         {m=OPEN f=FILLS_TASK leash=Surface(name=ActivityRecord{114661585 u0 com.pnr.tv/.PlayerActivity)/@0x52130f7 sb=Rect(0, 0 - 0, 0) eb=Rect(0, 0 - 3840, 2160) epz=Point(3840, 2160) d=-1->0 r=-1->0:-1 bc=ff303030 component=com.pnr.tv/.PlayerActivity opt={t=FROM_STYLE mUserId=0}},
12-06 23:03:58.838 V/WindowManagerShell( 1156):         {m=TO_BACK f=FILLS_TASK leash=Surface(name=ActivityRecord{212702205 u0 com.pnr.tv/.MainActivity)/@0x2174b64 sb=Rect(0, 0 - 3840, 2160) eb=Rect(0, 0 - 3840, 2160) epz=Point(3840, 2160) d=0 bc=ff303030 component=com.pnr.tv/.MainActivity opt={t=FROM_STYLE mUserId=0}}
12-06 23:03:58.839 V/WindowManagerShell( 1156): Transition doesn't have explicit remote, search filters for match for {id=23 t=OPEN f=0x0 trk=0 r=[0@Point(0, 0)] c=[{m=OPEN f=FILLS_TASK leash=Surface(name=ActivityRecord{114661585 u0 com.pnr.tv/.PlayerActivity)/@0x52130f7 sb=Rect(0, 0 - 0, 0) eb=Rect(0, 0 - 3840, 2160) epz=Point(3840, 2160) d=-1->0 r=-1->0:-1 bc=ff303030 component=com.pnr.tv/.PlayerActivity opt={t=FROM_STYLE mUserId=0}},{m=TO_BACK f=FILLS_TASK leash=Surface(name=ActivityRecord{212702205 u0 com.pnr.tv/.MainActivity)/@0x2174b64 sb=Rect(0, 0 - 3840, 2160) eb=Rect(0, 0 - 3840, 2160) epz=Point(3840, 2160) d=0 bc=ff303030 component=com.pnr.tv/.MainActivity opt={t=FROM_STYLE mUserId=0}}]}
12-06 23:03:58.839 V/WindowManagerShell( 1156): start default transition animation, info = {id=23 t=OPEN f=0x0 trk=0 r=[0@Point(0, 0)] c=[{m=OPEN f=FILLS_TASK leash=Surface(name=ActivityRecord{114661585 u0 com.pnr.tv/.PlayerActivity)/@0x52130f7 sb=Rect(0, 0 - 0, 0) eb=Rect(0, 0 - 3840, 2160) epz=Point(3840, 2160) d=-1->0 r=-1->0:-1 bc=ff303030 component=com.pnr.tv/.PlayerActivity opt={t=FROM_STYLE mUserId=0}},{m=TO_BACK f=FILLS_TASK leash=Surface(name=ActivityRecord{212702205 u0 com.pnr.tv/.MainActivity)/@0x2174b64 sb=Rect(0, 0 - 3840, 2160) eb=Rect(0, 0 - 3840, 2160) epz=Point(3840, 2160) d=0 bc=ff303030 component=com.pnr.tv/.MainActivity opt={t=FROM_STYLE mUserId=0}}]}
12-06 23:03:58.854 D/PlayerViewModel$playVideo( 5444): 🔍 Saved position: null
12-06 23:03:58.854 D/PlayerViewModel$playVideo( 5444): ▶️ Yeni video, baştan başlatılıyor
12-06 23:03:58.890 I/ImeTracker(  676): com.pnr.tv:9669f315: onRequestHide at ORIGIN_SERVER reason HIDE_UNSPECIFIED_WINDOW fromUser false
12-06 23:03:58.891 I/ImeTracker( 5444): com.pnr.tv:9669f315: onCancelled at PHASE_CLIENT_ALREADY_HIDDEN
12-06 23:03:58.898 I/GoogleInputMethodService( 2056): GoogleInputMethodService.onStartInput():1345 onStartInput(EditorInfo{EditorInfo{packageName=com.pnr.tv, inputType=0, inputTypeString=NULL, enableLearning=false, autoCorrection=false, autoComplete=false, imeOptions=0, privateImeOptions=null, actionName=UNSPECIFIED, actionLabel=null, initialSelStart=-1, initialSelEnd=-1, initialCapsMode=0, label=null, fieldId=0, fieldName=null, extras=null, hintText=null, hintLocales=[]}}, false)
12-06 23:03:58.908 W/PackageConfigPersister(  676): App-specific configuration not found for packageName: com.pnr.tv and userId: 0
12-06 23:04:03.520 E/com.pnr.tv( 5444): Failed to query component interface for required system resources: 6
12-06 23:04:03.644 E/com.pnr.tv( 5444): Failed to query component interface for required system resources: 6
12-06 23:04:04.935 E/AppOps  (  676): attributionTag  not declared in manifest of com.pnr.tv
12-06 23:04:04.937 E/AppOps  (  676): attributionTag  not declared in manifest of com.pnr.tv
12-06 23:04:04.944 D/PlayerControlView( 5444): 🎮 Buton durumu güncellendi: isPlaying=true
12-06 23:04:06.471 D/PlayerActivity( 5444): 🎮 Tuş basıldı: keyCode=19
12-06 23:04:06.471 D/PlayerActivity( 5444): 📱 Kontrol paneli gösteriliyor...
12-06 23:04:06.471 D/PlayerActivity( 5444): 🔍 playerControlView null mu? false
12-06 23:04:06.471 D/PlayerControlView( 5444): 🎛️ showControls() çağrıldı
12-06 23:04:06.471 D/PlayerControlView( 5444): 🔍 showControls: visibility=8, isFirstPanelOpen=true
12-06 23:04:06.472 D/PlayerControlView( 5444): 🔍 showControls: isFirstOpen=true
12-06 23:04:06.473 D/PlayerControlView( 5444): ▶️ Panel gösteriliyor ve animasyon başlatılıyor
12-06 23:04:06.473 D/PlayerControlView( 5444): 🔍 Visibility ayarlandı: parent=0, top=0, bottom=0
12-06 23:04:06.474 D/PlayerControlView( 5444): 🔍 Elevation: 20.0, Parent: ConstraintLayout
12-06 23:04:06.483 D/PlayerControlView( 5444): ✅ Panel gösterildi, 8 saniye sonra otomatik gizlenecek
12-06 23:04:06.499 D/PlayerControlView( 5444): 🔍 Child view boyutları:
12-06 23:04:06.499 D/PlayerControlView( 5444):   - panelTopSection: 3840x160, visibility=0
12-06 23:04:06.499 D/PlayerControlView( 5444):   - panelBottomSection: 3840x480, visibility=0
12-06 23:04:06.499 D/PlayerControlView( 5444):   - txtContentTitle: 603x76, visibility=0, text='Altered - 2025  •  6.6 ⭐'
12-06 23:04:06.499 D/PlayerControlView( 5444):   - seekbarProgress: 3712x16, visibility=0
12-06 23:04:06.499 D/PlayerControlView( 5444):   - btnPlay: 0x0, visibility=8
12-06 23:04:06.500 D/PlayerControlView( 5444):   - btnStop: 192x192, visibility=0
12-06 23:04:06.510 I/GoogleInputMethodService( 2056): GoogleInputMethodService.onStartInput():1345 onStartInput(EditorInfo{EditorInfo{packageName=com.pnr.tv, inputType=0, inputTypeString=NULL, enableLearning=false, autoCorrection=false, autoComplete=false, imeOptions=0, privateImeOptions=null, actionName=UNSPECIFIED, actionLabel=null, initialSelStart=-1, initialSelEnd=-1, initialCapsMode=0, label=null, fieldId=0, fieldName=null, extras=null, hintText=null, hintLocales=[]}}, false)
12-06 23:04:06.514 W/PackageConfigPersister(  676): App-specific configuration not found for packageName: com.pnr.tv and userId: 0
12-06 23:04:06.802 D/PlayerControlView$showControls( 5444): 🎯 İlk açılış: Stop butonuna focus verildi
12-06 23:04:07.033 D/PlayerControlView$showControls$2$onAnimationEnd( 5444): ✅ İlk focus süresi bitti, click aktif
12-06 23:04:08.071 D/PlayerActivity( 5444): 🎮 Tuş basıldı: keyCode=19
12-06 23:04:08.071 D/PlayerActivity( 5444): 📱 Kontrol paneli gösteriliyor...
12-06 23:04:08.072 D/PlayerActivity( 5444): 🔍 playerControlView null mu? false
12-06 23:04:08.072 D/PlayerControlView( 5444): 🎛️ showControls() çağrıldı
12-06 23:04:08.072 D/PlayerControlView( 5444): 🔍 showControls: visibility=0, isFirstPanelOpen=false
12-06 23:04:08.072 D/PlayerControlView( 5444): 🔍 showControls: isFirstOpen=false
12-06 23:04:08.073 D/PlayerControlView( 5444): ℹ️ Panel zaten görünür, sayaç sıfırlanıyor
12-06 23:04:09.959 D/PlayerControlView( 5444): ⏩ SeekBar ileri: 5s (normal basma)
12-06 23:04:10.841 D/PlayerControlView( 5444): ⏩ SeekBar ileri: 5s (normal basma)
12-06 23:04:11.377 D/PlayerControlView( 5444): ⏩ SeekBar ileri: 5s (normal basma)
12-06 23:04:11.824 D/PlayerControlView( 5444): ⏩ SeekBar ileri: 5s (normal basma)
12-06 23:04:11.966 D/PlayerControlView( 5444): ⏩ SeekBar ileri: 5s (normal basma)
12-06 23:04:12.189 D/PlayerControlView( 5444): ⏩ SeekBar ileri: 5s (normal basma)
12-06 23:04:12.407 D/PlayerControlView( 5444): ⏩ SeekBar ileri: 5s (normal basma)
12-06 23:04:12.651 D/PlayerControlView( 5444): ⏩ SeekBar ileri: 5s (normal basma)
12-06 23:04:12.822 D/PlayerControlView( 5444): ⏩ SeekBar ileri: 5s (normal basma)
12-06 23:04:13.009 D/PlayerControlView( 5444): ⏩ SeekBar ileri: 5s (normal basma)
12-06 23:04:13.210 D/PlayerControlView( 5444): ⏩ SeekBar ileri: 5s (normal basma)
12-06 23:04:13.813 D/PlayerControlView( 5444): 🎮 Buton durumu güncellendi: isPlaying=false
12-06 23:04:13.815 D/PlayerControlView( 5444): 🎯 Video pozisyonu değiştirildi: 00:00
12-06 23:04:13.816 E/AppOps  (  676): attributionTag  not declared in manifest of com.pnr.tv
12-06 23:04:13.817 D/PlayerControlView( 5444): ✅ SeekBar pozisyonu onaylandı (OK tuşu)
12-06 23:04:13.818 E/AppOps  (  676): attributionTag  not declared in manifest of com.pnr.tv
12-06 23:04:14.935 E/AppOps  (  676): attributionTag  not declared in manifest of com.pnr.tv
12-06 23:04:14.936 E/AppOps  (  676): attributionTag  not declared in manifest of com.pnr.tv
12-06 23:04:14.941 D/PlayerControlView( 5444): 🎮 Buton durumu güncellendi: isPlaying=true
12-06 23:04:15.714 D/PlayerControlView( 5444): ✅ SeekBar pozisyonu onaylandı (OK tuşu)
12-06 23:04:16.739 D/PlayerControlView( 5444): ✅ SeekBar pozisyonu onaylandı (OK tuşu)
12-06 23:04:16.974 D/PlayerControlView( 5444): ✅ SeekBar pozisyonu onaylandı (OK tuşu)
12-06 23:04:17.179 D/PlayerControlView( 5444): ✅ SeekBar pozisyonu onaylandı (OK tuşu)
12-06 23:04:17.387 D/PlayerControlView( 5444): ✅ SeekBar pozisyonu onaylandı (OK tuşu)
12-06 23:04:17.653 D/PlayerControlView( 5444): ✅ SeekBar pozisyonu onaylandı (OK tuşu)
12-06 23:04:17.852 D/PlayerControlView( 5444): ✅ SeekBar pozisyonu onaylandı (OK tuşu)
12-06 23:04:18.051 D/PlayerControlView( 5444): ✅ SeekBar pozisyonu onaylandı (OK tuşu)
12-06 23:04:18.823 D/PlayerControlView( 5444): 🎯 SeekBar'dan Stop butonuna focus
12-06 23:04:19.809 D/PlayerActivity( 5444): 🎮 Tuş basıldı: keyCode=23
12-06 23:04:19.809 D/PlayerActivity( 5444): 📱 Kontrol paneli gösteriliyor...
12-06 23:04:19.809 D/PlayerActivity( 5444): 🔍 playerControlView null mu? false
12-06 23:04:19.809 D/PlayerControlView( 5444): 🎛️ showControls() çağrıldı
12-06 23:04:19.809 D/PlayerControlView( 5444): 🔍 showControls: visibility=0, isFirstPanelOpen=false
12-06 23:04:19.809 D/PlayerControlView( 5444): 🔍 showControls: isFirstOpen=false
12-06 23:04:19.809 D/PlayerControlView( 5444): ℹ️ Panel zaten görünür, sayaç sıfırlanıyor
12-06 23:04:21.866 D/PlayerActivity( 5444): 🎮 Tuş basıldı: keyCode=23
12-06 23:04:21.867 D/PlayerActivity( 5444): 📱 Kontrol paneli gösteriliyor...
12-06 23:04:21.872 D/PlayerActivity( 5444): 🔍 playerControlView null mu? false
12-06 23:04:21.874 D/PlayerControlView( 5444): 🎛️ showControls() çağrıldı
12-06 23:04:21.878 D/PlayerControlView( 5444): 🔍 showControls: visibility=0, isFirstPanelOpen=false
12-06 23:04:21.880 D/PlayerControlView( 5444): 🔍 showControls: isFirstOpen=false
12-06 23:04:21.886 D/PlayerControlView( 5444): ℹ️ Panel zaten görünür, sayaç sıfırlanıyor
12-06 23:04:22.542 D/PlayerActivity( 5444): 🎮 Tuş basıldı: keyCode=23
12-06 23:04:22.542 D/PlayerActivity( 5444): 📱 Kontrol paneli gösteriliyor...
12-06 23:04:22.548 D/PlayerActivity( 5444): 🔍 playerControlView null mu? false
12-06 23:04:22.551 D/PlayerControlView( 5444): 🎛️ showControls() çağrıldı
12-06 23:04:22.551 D/PlayerControlView( 5444): 🔍 showControls: visibility=0, isFirstPanelOpen=false
12-06 23:04:22.551 D/PlayerControlView( 5444): 🔍 showControls: isFirstOpen=false
12-06 23:04:22.552 D/PlayerControlView( 5444): ℹ️ Panel zaten görünür, sayaç sıfırlanıyor
12-06 23:04:23.121 D/PlayerActivity( 5444): 🎮 Tuş basıldı: keyCode=23
12-06 23:04:23.121 D/PlayerActivity( 5444): 📱 Kontrol paneli gösteriliyor...
12-06 23:04:23.121 D/PlayerActivity( 5444): 🔍 playerControlView null mu? false
12-06 23:04:23.121 D/PlayerControlView( 5444): 🎛️ showControls() çağrıldı
12-06 23:04:23.121 D/PlayerControlView( 5444): 🔍 showControls: visibility=0, isFirstPanelOpen=false
12-06 23:04:23.122 D/PlayerControlView( 5444): 🔍 showControls: isFirstOpen=false
12-06 23:04:23.122 D/PlayerControlView( 5444): ℹ️ Panel zaten görünür, sayaç sıfırlanıyor
12-06 23:04:23.428 D/PlayerActivity( 5444): 🎮 Tuş basıldı: keyCode=23
12-06 23:04:23.429 D/PlayerActivity( 5444): 📱 Kontrol paneli gösteriliyor...
12-06 23:04:23.430 D/PlayerActivity( 5444): 🔍 playerControlView null mu? false
12-06 23:04:23.433 D/PlayerControlView( 5444): 🎛️ showControls() çağrıldı
12-06 23:04:23.434 D/PlayerControlView( 5444): 🔍 showControls: visibility=0, isFirstPanelOpen=false
12-06 23:04:23.436 D/PlayerControlView( 5444): 🔍 showControls: isFirstOpen=false
12-06 23:04:23.437 D/PlayerControlView( 5444): ℹ️ Panel zaten görünür, sayaç sıfırlanıyor
12-06 23:04:23.652 D/PlayerActivity( 5444): 🎮 Tuş basıldı: keyCode=23
12-06 23:04:23.652 D/PlayerActivity( 5444): 📱 Kontrol paneli gösteriliyor...
12-06 23:04:23.652 D/PlayerActivity( 5444): 🔍 playerControlView null mu? false
12-06 23:04:23.653 D/PlayerControlView( 5444): 🎛️ showControls() çağrıldı
12-06 23:04:23.653 D/PlayerControlView( 5444): 🔍 showControls: visibility=0, isFirstPanelOpen=false
12-06 23:04:23.653 D/PlayerControlView( 5444): 🔍 showControls: isFirstOpen=false
12-06 23:04:23.654 D/PlayerControlView( 5444): ℹ️ Panel zaten görünür, sayaç sıfırlanıyor
12-06 23:04:23.852 D/PlayerActivity( 5444): 🎮 Tuş basıldı: keyCode=23
12-06 23:04:23.852 D/PlayerActivity( 5444): 📱 Kontrol paneli gösteriliyor...
12-06 23:04:23.852 D/PlayerActivity( 5444): 🔍 playerControlView null mu? false
12-06 23:04:23.852 D/PlayerControlView( 5444): 🎛️ showControls() çağrıldı
12-06 23:04:23.852 D/PlayerControlView( 5444): 🔍 showControls: visibility=0, isFirstPanelOpen=false
12-06 23:04:23.853 D/PlayerControlView( 5444): 🔍 showControls: isFirstOpen=false
12-06 23:04:23.853 D/PlayerControlView( 5444): ℹ️ Panel zaten görünür, sayaç sıfırlanıyor
12-06 23:04:24.031 D/PlayerActivity( 5444): 🎮 Tuş basıldı: keyCode=23
12-06 23:04:24.032 D/PlayerActivity( 5444): 📱 Kontrol paneli gösteriliyor...
12-06 23:04:24.033 D/PlayerActivity( 5444): 🔍 playerControlView null mu? false
12-06 23:04:24.035 D/PlayerControlView( 5444): 🎛️ showControls() çağrıldı
12-06 23:04:24.036 D/PlayerControlView( 5444): 🔍 showControls: visibility=0, isFirstPanelOpen=false
12-06 23:04:24.036 D/PlayerControlView( 5444): 🔍 showControls: isFirstOpen=false
12-06 23:04:24.037 D/PlayerControlView( 5444): ℹ️ Panel zaten görünür, sayaç sıfırlanıyor
12-06 23:04:24.217 D/PlayerActivity( 5444): 🎮 Tuş basıldı: keyCode=23
12-06 23:04:24.217 D/PlayerActivity( 5444): 📱 Kontrol paneli gösteriliyor...
12-06 23:04:24.217 D/PlayerActivity( 5444): 🔍 playerControlView null mu? false
12-06 23:04:24.217 D/PlayerControlView( 5444): 🎛️ showControls() çağrıldı
12-06 23:04:24.218 D/PlayerControlView( 5444): 🔍 showControls: visibility=0, isFirstPanelOpen=false
12-06 23:04:24.218 D/PlayerControlView( 5444): 🔍 showControls: isFirstOpen=false
12-06 23:04:24.218 D/PlayerControlView( 5444): ℹ️ Panel zaten görünür, sayaç sıfırlanıyor
12-06 23:04:24.412 D/PlayerActivity( 5444): 🎮 Tuş basıldı: keyCode=23
12-06 23:04:24.412 D/PlayerActivity( 5444): 📱 Kontrol paneli gösteriliyor...
12-06 23:04:24.413 D/PlayerActivity( 5444): 🔍 playerControlView null mu? false
12-06 23:04:24.413 D/PlayerControlView( 5444): 🎛️ showControls() çağrıldı
12-06 23:04:24.413 D/PlayerControlView( 5444): 🔍 showControls: visibility=0, isFirstPanelOpen=false
12-06 23:04:24.414 D/PlayerControlView( 5444): 🔍 showControls: isFirstOpen=false
12-06 23:04:24.414 D/PlayerControlView( 5444): ℹ️ Panel zaten görünür, sayaç sıfırlanıyor
12-06 23:04:24.579 D/PlayerActivity( 5444): 🎮 Tuş basıldı: keyCode=23
12-06 23:04:24.579 D/PlayerActivity( 5444): 📱 Kontrol paneli gösteriliyor...
12-06 23:04:24.579 D/PlayerActivity( 5444): 🔍 playerControlView null mu? false
12-06 23:04:24.580 D/PlayerControlView( 5444): 🎛️ showControls() çağrıldı
12-06 23:04:24.580 D/PlayerControlView( 5444): 🔍 showControls: visibility=0, isFirstPanelOpen=false
12-06 23:04:24.580 D/PlayerControlView( 5444): 🔍 showControls: isFirstOpen=false
12-06 23:04:24.581 D/PlayerControlView( 5444): ℹ️ Panel zaten görünür, sayaç sıfırlanıyor
12-06 23:04:24.762 D/PlayerActivity( 5444): 🎮 Tuş basıldı: keyCode=23
12-06 23:04:24.762 D/PlayerActivity( 5444): 📱 Kontrol paneli gösteriliyor...
12-06 23:04:24.762 D/PlayerActivity( 5444): 🔍 playerControlView null mu? false
12-06 23:04:24.762 D/PlayerControlView( 5444): 🎛️ showControls() çağrıldı
12-06 23:04:24.762 D/PlayerControlView( 5444): 🔍 showControls: visibility=0, isFirstPanelOpen=false
12-06 23:04:24.762 D/PlayerControlView( 5444): 🔍 showControls: isFirstOpen=false
12-06 23:04:24.763 D/PlayerControlView( 5444): ℹ️ Panel zaten görünür, sayaç sıfırlanıyor
12-06 23:04:24.945 D/PlayerActivity( 5444): 🎮 Tuş basıldı: keyCode=23
12-06 23:04:24.945 D/PlayerActivity( 5444): 📱 Kontrol paneli gösteriliyor...
12-06 23:04:24.946 D/PlayerActivity( 5444): 🔍 playerControlView null mu? false
12-06 23:04:24.948 D/PlayerControlView( 5444): 🎛️ showControls() çağrıldı
12-06 23:04:24.949 D/PlayerControlView( 5444): 🔍 showControls: visibility=0, isFirstPanelOpen=false
12-06 23:04:24.949 D/PlayerControlView( 5444): 🔍 showControls: isFirstOpen=false
12-06 23:04:24.949 D/PlayerControlView( 5444): ℹ️ Panel zaten görünür, sayaç sıfırlanıyor
12-06 23:04:25.407 D/PlayerActivity( 5444): 🎮 Tuş basıldı: keyCode=22
12-06 23:04:25.408 D/PlayerActivity( 5444): 📱 Kontrol paneli gösteriliyor...
12-06 23:04:25.409 D/PlayerActivity( 5444): 🔍 playerControlView null mu? false
12-06 23:04:25.409 D/PlayerControlView( 5444): 🎛️ showControls() çağrıldı
12-06 23:04:25.409 D/PlayerControlView( 5444): 🔍 showControls: visibility=0, isFirstPanelOpen=false
12-06 23:04:25.409 D/PlayerControlView( 5444): 🔍 showControls: isFirstOpen=false
12-06 23:04:25.410 D/PlayerControlView( 5444): ℹ️ Panel zaten görünür, sayaç sıfırlanıyor
12-06 23:04:26.349 D/PlayerControlView( 5444): 🎯 Backward'dan Stop butonuna focus
12-06 23:04:26.747 D/PlayerActivity( 5444): 🎮 Tuş basıldı: keyCode=23
12-06 23:04:26.748 D/PlayerActivity( 5444): 📱 Kontrol paneli gösteriliyor...
12-06 23:04:26.752 D/PlayerActivity( 5444): 🔍 playerControlView null mu? false
12-06 23:04:26.753 D/PlayerControlView( 5444): 🎛️ showControls() çağrıldı
12-06 23:04:26.753 D/PlayerControlView( 5444): 🔍 showControls: visibility=0, isFirstPanelOpen=false
12-06 23:04:26.753 D/PlayerControlView( 5444): 🔍 showControls: isFirstOpen=false
12-06 23:04:26.753 D/PlayerControlView( 5444): ℹ️ Panel zaten görünür, sayaç sıfırlanıyor
12-06 23:04:27.236 D/PlayerActivity( 5444): 🎮 Tuş basıldı: keyCode=23
12-06 23:04:27.236 D/PlayerActivity( 5444): 📱 Kontrol paneli gösteriliyor...
12-06 23:04:27.236 D/PlayerActivity( 5444): 🔍 playerControlView null mu? false
12-06 23:04:27.236 D/PlayerControlView( 5444): 🎛️ showControls() çağrıldı
12-06 23:04:27.237 D/PlayerControlView( 5444): 🔍 showControls: visibility=0, isFirstPanelOpen=false
12-06 23:04:27.237 D/PlayerControlView( 5444): 🔍 showControls: isFirstOpen=false
12-06 23:04:27.237 D/PlayerControlView( 5444): ℹ️ Panel zaten görünür, sayaç sıfırlanıyor
12-06 23:04:27.430 D/PlayerActivity( 5444): 🎮 Tuş basıldı: keyCode=23
12-06 23:04:27.430 D/PlayerActivity( 5444): 📱 Kontrol paneli gösteriliyor...
12-06 23:04:27.430 D/PlayerActivity( 5444): 🔍 playerControlView null mu? false
12-06 23:04:27.430 D/PlayerControlView( 5444): 🎛️ showControls() çağrıldı
12-06 23:04:27.430 D/PlayerControlView( 5444): 🔍 showControls: visibility=0, isFirstPanelOpen=false
12-06 23:04:27.430 D/PlayerControlView( 5444): 🔍 showControls: isFirstOpen=false
12-06 23:04:27.430 D/PlayerControlView( 5444): ℹ️ Panel zaten görünür, sayaç sıfırlanıyor
12-06 23:04:27.611 D/PlayerActivity( 5444): 🎮 Tuş basıldı: keyCode=23
12-06 23:04:27.611 D/PlayerActivity( 5444): 📱 Kontrol paneli gösteriliyor...
12-06 23:04:27.611 D/PlayerActivity( 5444): 🔍 playerControlView null mu? false
12-06 23:04:27.612 D/PlayerControlView( 5444): 🎛️ showControls() çağrıldı
12-06 23:04:27.612 D/PlayerControlView( 5444): 🔍 showControls: visibility=0, isFirstPanelOpen=false
12-06 23:04:27.612 D/PlayerControlView( 5444): 🔍 showControls: isFirstOpen=false
12-06 23:04:27.612 D/PlayerControlView( 5444): ℹ️ Panel zaten görünür, sayaç sıfırlanıyor
12-06 23:04:27.809 D/PlayerActivity( 5444): 🎮 Tuş basıldı: keyCode=23
12-06 23:04:27.810 D/PlayerActivity( 5444): 📱 Kontrol paneli gösteriliyor...
12-06 23:04:27.810 D/PlayerActivity( 5444): 🔍 playerControlView null mu? false
12-06 23:04:27.811 D/PlayerControlView( 5444): 🎛️ showControls() çağrıldı
12-06 23:04:27.811 D/PlayerControlView( 5444): 🔍 showControls: visibility=0, isFirstPanelOpen=false
12-06 23:04:27.811 D/PlayerControlView( 5444): 🔍 showControls: isFirstOpen=false
12-06 23:04:27.811 D/PlayerControlView( 5444): ℹ️ Panel zaten görünür, sayaç sıfırlanıyor
12-06 23:04:27.976 D/PlayerActivity( 5444): 🎮 Tuş basıldı: keyCode=23
12-06 23:04:27.977 D/PlayerActivity( 5444): 📱 Kontrol paneli gösteriliyor...
12-06 23:04:27.977 D/PlayerActivity( 5444): 🔍 playerControlView null mu? false
12-06 23:04:27.978 D/PlayerControlView( 5444): 🎛️ showControls() çağrıldı
12-06 23:04:27.983 D/PlayerControlView( 5444): 🔍 showControls: visibility=0, isFirstPanelOpen=false
12-06 23:04:27.983 D/PlayerControlView( 5444): 🔍 showControls: isFirstOpen=false
12-06 23:04:27.984 D/PlayerControlView( 5444): ℹ️ Panel zaten görünür, sayaç sıfırlanıyor
12-06 23:04:28.174 D/PlayerActivity( 5444): 🎮 Tuş basıldı: keyCode=23
12-06 23:04:28.174 D/PlayerActivity( 5444): 📱 Kontrol paneli gösteriliyor...
12-06 23:04:28.175 D/PlayerActivity( 5444): 🔍 playerControlView null mu? false
12-06 23:04:28.175 D/PlayerControlView( 5444): 🎛️ showControls() çağrıldı
12-06 23:04:28.175 D/PlayerControlView( 5444): 🔍 showControls: visibility=0, isFirstPanelOpen=false
12-06 23:04:28.176 D/PlayerControlView( 5444): 🔍 showControls: isFirstOpen=false
12-06 23:04:28.176 D/PlayerControlView( 5444): ℹ️ Panel zaten görünür, sayaç sıfırlanıyor
12-06 23:04:28.337 D/PlayerActivity( 5444): 🎮 Tuş basıldı: keyCode=23
12-06 23:04:28.338 D/PlayerActivity( 5444): 📱 Kontrol paneli gösteriliyor...
12-06 23:04:28.338 D/PlayerActivity( 5444): 🔍 playerControlView null mu? false
12-06 23:04:28.339 D/PlayerControlView( 5444): 🎛️ showControls() çağrıldı
12-06 23:04:28.339 D/PlayerControlView( 5444): 🔍 showControls: visibility=0, isFirstPanelOpen=false
12-06 23:04:28.344 D/PlayerControlView( 5444): 🔍 showControls: isFirstOpen=false
12-06 23:04:28.345 D/PlayerControlView( 5444): ℹ️ Panel zaten görünür, sayaç sıfırlanıyor
12-06 23:04:28.529 D/PlayerActivity( 5444): 🎮 Tuş basıldı: keyCode=23
12-06 23:04:28.529 D/PlayerActivity( 5444): 📱 Kontrol paneli gösteriliyor...
12-06 23:04:28.530 D/PlayerActivity( 5444): 🔍 playerControlView null mu? false
12-06 23:04:28.530 D/PlayerControlView( 5444): 🎛️ showControls() çağrıldı
12-06 23:04:28.530 D/PlayerControlView( 5444): 🔍 showControls: visibility=0, isFirstPanelOpen=false
12-06 23:04:28.531 D/PlayerControlView( 5444): 🔍 showControls: isFirstOpen=false
12-06 23:04:28.531 D/PlayerControlView( 5444): ℹ️ Panel zaten görünür, sayaç sıfırlanıyor
12-06 23:04:29.559 D/PlayerActivity( 5444): 🎮 Tuş basıldı: keyCode=19
12-06 23:04:29.559 D/PlayerActivity( 5444): 📱 Kontrol paneli gösteriliyor...
12-06 23:04:29.559 D/PlayerActivity( 5444): 🔍 playerControlView null mu? false
12-06 23:04:29.559 D/PlayerControlView( 5444): 🎛️ showControls() çağrıldı
12-06 23:04:29.559 D/PlayerControlView( 5444): 🔍 showControls: visibility=0, isFirstPanelOpen=false
12-06 23:04:29.559 D/PlayerControlView( 5444): 🔍 showControls: isFirstOpen=false
12-06 23:04:29.559 D/PlayerControlView( 5444): ℹ️ Panel zaten görünür, sayaç sıfırlanıyor
12-06 23:04:30.632 D/PlayerControlView( 5444): ⏩ SeekBar ileri: 5s (normal basma)
12-06 23:04:30.889 D/PlayerControlView( 5444): ⏩ SeekBar ileri: 5s (normal basma)
12-06 23:04:31.119 D/PlayerControlView( 5444): ⏩ SeekBar ileri: 5s (normal basma)
12-06 23:04:31.309 D/PlayerControlView( 5444): ⏩ SeekBar ileri: 5s (normal basma)
12-06 23:04:31.496 D/PlayerControlView( 5444): ⏩ SeekBar ileri: 5s (normal basma)
12-06 23:04:31.912 D/PlayerControlView( 5444): ⏩ SeekBar ileri: 5s (normal basma)
12-06 23:04:31.956 D/PlayerControlView( 5444): ⏩ SeekBar ileri: 5s (normal basma)
12-06 23:04:32.010 D/PlayerControlView( 5444): ⏩ SeekBar ileri: 30s (uzun basma)
12-06 23:04:32.059 D/PlayerControlView( 5444): ⏩ SeekBar ileri: 30s (uzun basma)
12-06 23:04:32.121 D/PlayerControlView( 5444): ⏩ SeekBar ileri: 30s (uzun basma)
12-06 23:04:32.161 D/PlayerControlView( 5444): ⏩ SeekBar ileri: 30s (uzun basma)
12-06 23:04:32.214 D/PlayerControlView( 5444): ⏩ SeekBar ileri: 30s (uzun basma)
12-06 23:04:32.264 D/PlayerControlView( 5444): ⏩ SeekBar ileri: 30s (uzun basma)
12-06 23:04:32.322 D/PlayerControlView( 5444): ⏩ SeekBar ileri: 30s (uzun basma)
12-06 23:04:32.372 D/PlayerControlView( 5444): ⏩ SeekBar ileri: 30s (uzun basma)
12-06 23:04:32.423 D/PlayerControlView( 5444): ⏩ SeekBar ileri: 30s (uzun basma)
12-06 23:04:32.475 D/PlayerControlView( 5444): ⏩ SeekBar ileri: 30s (uzun basma)
12-06 23:04:32.526 D/PlayerControlView( 5444): ⏩ SeekBar ileri: 30s (uzun basma)
12-06 23:04:32.578 D/PlayerControlView( 5444): ⏩ SeekBar ileri: 30s (uzun basma)
12-06 23:04:32.630 D/PlayerControlView( 5444): ⏩ SeekBar ileri: 30s (uzun basma)
12-06 23:04:32.682 D/PlayerControlView( 5444): ⏩ SeekBar ileri: 30s (uzun basma)
12-06 23:04:32.733 D/PlayerControlView( 5444): ⏩ SeekBar ileri: 30s (uzun basma)
12-06 23:04:32.795 D/PlayerControlView( 5444): ⏩ SeekBar ileri: 30s (uzun basma)
12-06 23:04:32.845 D/PlayerControlView( 5444): ⏩ SeekBar ileri: 30s (uzun basma)
12-06 23:04:32.897 D/PlayerControlView( 5444): ⏩ SeekBar ileri: 30s (uzun basma)
12-06 23:04:32.952 D/PlayerControlView( 5444): ⏩ SeekBar ileri: 30s (uzun basma)
12-06 23:04:33.004 D/PlayerControlView( 5444): ⏩ SeekBar ileri: 30s (uzun basma)
12-06 23:04:33.064 D/PlayerControlView( 5444): ⏩ SeekBar ileri: 30s (uzun basma)
12-06 23:04:33.106 D/PlayerControlView( 5444): ⏩ SeekBar ileri: 30s (uzun basma)
12-06 23:04:33.159 D/PlayerControlView( 5444): ⏩ SeekBar ileri: 30s (uzun basma)
12-06 23:04:33.212 D/PlayerControlView( 5444): ⏩ SeekBar ileri: 30s (uzun basma)
12-06 23:04:33.263 D/PlayerControlView( 5444): ⏩ SeekBar ileri: 30s (uzun basma)
12-06 23:04:33.315 D/PlayerControlView( 5444): ⏩ SeekBar ileri: 30s (uzun basma)
12-06 23:04:33.365 D/PlayerControlView( 5444): ⏩ SeekBar ileri: 30s (uzun basma)
12-06 23:04:33.417 D/PlayerControlView( 5444): ⏩ SeekBar ileri: 30s (uzun basma)
12-06 23:04:33.470 D/PlayerControlView( 5444): ⏩ SeekBar ileri: 30s (uzun basma)
12-06 23:04:33.521 D/PlayerControlView( 5444): ⏩ SeekBar ileri: 30s (uzun basma)
12-06 23:04:33.572 D/PlayerControlView( 5444): ⏩ SeekBar ileri: 30s (uzun basma)
12-06 23:04:33.624 D/PlayerControlView( 5444): ⏩ SeekBar ileri: 30s (uzun basma)
12-06 23:04:33.676 D/PlayerControlView( 5444): ⏩ SeekBar ileri: 30s (uzun basma)
12-06 23:04:33.732 D/PlayerControlView( 5444): ⏩ SeekBar ileri: 30s (uzun basma)
12-06 23:04:33.779 D/PlayerControlView( 5444): ⏩ SeekBar ileri: 30s (uzun basma)
12-06 23:04:33.830 D/PlayerControlView( 5444): ⏩ SeekBar ileri: 30s (uzun basma)
12-06 23:04:33.882 D/PlayerControlView( 5444): ⏩ SeekBar ileri: 30s (uzun basma)
12-06 23:04:33.949 D/PlayerControlView( 5444): ⏩ SeekBar ileri: 30s (uzun basma)
12-06 23:04:33.983 D/PlayerControlView( 5444): ⏩ SeekBar ileri: 30s (uzun basma)
12-06 23:04:34.041 D/PlayerControlView( 5444): ⏩ SeekBar ileri: 30s (uzun basma)
12-06 23:04:34.091 D/PlayerControlView( 5444): ⏩ SeekBar ileri: 30s (uzun basma)
12-06 23:04:34.141 D/PlayerControlView( 5444): ⏩ SeekBar ileri: 30s (uzun basma)
12-06 23:04:34.774 D/PlayerControlView( 5444): 🎮 Buton durumu güncellendi: isPlaying=false
12-06 23:04:34.776 E/AppOps  (  676): attributionTag  not declared in manifest of com.pnr.tv
12-06 23:04:34.777 D/PlayerControlView( 5444): 🎯 Video pozisyonu değiştirildi: 00:00
12-06 23:04:34.777 E/AppOps  (  676): attributionTag  not declared in manifest of com.pnr.tv
12-06 23:04:34.778 D/PlayerControlView( 5444): ✅ SeekBar pozisyonu onaylandı (OK tuşu)
12-06 23:04:36.187 E/AppOps  (  676): attributionTag  not declared in manifest of com.pnr.tv
12-06 23:04:36.189 E/AppOps  (  676): attributionTag  not declared in manifest of com.pnr.tv
12-06 23:04:36.191 D/PlayerControlView( 5444): 🎮 Buton durumu güncellendi: isPlaying=true
12-06 23:04:36.264 D/PlayerControlView( 5444): 🎯 SeekBar'dan Stop butonuna focus
12-06 23:04:37.068 D/PlayerActivity( 5444): 🎮 Tuş basıldı: keyCode=23
12-06 23:04:37.074 D/PlayerActivity( 5444): 📱 Kontrol paneli gösteriliyor...
12-06 23:04:37.077 D/PlayerActivity( 5444): 🔍 playerControlView null mu? false
12-06 23:04:37.077 D/PlayerControlView( 5444): 🎛️ showControls() çağrıldı
12-06 23:04:37.079 D/PlayerControlView( 5444): 🔍 showControls: visibility=0, isFirstPanelOpen=false
12-06 23:04:37.088 D/PlayerControlView( 5444): 🔍 showControls: isFirstOpen=false
12-06 23:04:37.094 D/PlayerControlView( 5444): ℹ️ Panel zaten görünür, sayaç sıfırlanıyor
12-06 23:04:37.659 D/PlayerActivity( 5444): 🎮 Tuş basıldı: keyCode=23
12-06 23:04:37.659 D/PlayerActivity( 5444): 📱 Kontrol paneli gösteriliyor...
12-06 23:04:37.659 D/PlayerActivity( 5444): 🔍 playerControlView null mu? false
12-06 23:04:37.659 D/PlayerControlView( 5444): 🎛️ showControls() çağrıldı
12-06 23:04:37.659 D/PlayerControlView( 5444): 🔍 showControls: visibility=0, isFirstPanelOpen=false
12-06 23:04:37.659 D/PlayerControlView( 5444): 🔍 showControls: isFirstOpen=false
12-06 23:04:37.659 D/PlayerControlView( 5444): ℹ️ Panel zaten görünür, sayaç sıfırlanıyor
12-06 23:04:37.878 D/PlayerActivity( 5444): 🎮 Tuş basıldı: keyCode=23
12-06 23:04:37.878 D/PlayerActivity( 5444): 📱 Kontrol paneli gösteriliyor...
12-06 23:04:37.878 D/PlayerActivity( 5444): 🔍 playerControlView null mu? false
12-06 23:04:37.878 D/PlayerControlView( 5444): 🎛️ showControls() çağrıldı
12-06 23:04:37.879 D/PlayerControlView( 5444): 🔍 showControls: visibility=0, isFirstPanelOpen=false
12-06 23:04:37.879 D/PlayerControlView( 5444): 🔍 showControls: isFirstOpen=false
12-06 23:04:37.879 D/PlayerControlView( 5444): ℹ️ Panel zaten görünür, sayaç sıfırlanıyor
12-06 23:04:38.054 D/PlayerActivity( 5444): 🎮 Tuş basıldı: keyCode=23
12-06 23:04:38.054 D/PlayerActivity( 5444): 📱 Kontrol paneli gösteriliyor...
12-06 23:04:38.054 D/PlayerActivity( 5444): 🔍 playerControlView null mu? false
12-06 23:04:38.054 D/PlayerControlView( 5444): 🎛️ showControls() çağrıldı
12-06 23:04:38.054 D/PlayerControlView( 5444): 🔍 showControls: visibility=0, isFirstPanelOpen=false
12-06 23:04:38.054 D/PlayerControlView( 5444): 🔍 showControls: isFirstOpen=false
12-06 23:04:38.054 D/PlayerControlView( 5444): ℹ️ Panel zaten görünür, sayaç sıfırlanıyor
12-06 23:04:38.236 D/PlayerActivity( 5444): 🎮 Tuş basıldı: keyCode=23
12-06 23:04:38.237 D/PlayerActivity( 5444): 📱 Kontrol paneli gösteriliyor...
12-06 23:04:38.237 D/PlayerActivity( 5444): 🔍 playerControlView null mu? false
12-06 23:04:38.238 D/PlayerControlView( 5444): 🎛️ showControls() çağrıldı
12-06 23:04:38.238 D/PlayerControlView( 5444): 🔍 showControls: visibility=0, isFirstPanelOpen=false
12-06 23:04:38.238 D/PlayerControlView( 5444): 🔍 showControls: isFirstOpen=false
12-06 23:04:38.239 D/PlayerControlView( 5444): ℹ️ Panel zaten görünür, sayaç sıfırlanıyor
12-06 23:04:38.442 D/PlayerActivity( 5444): 🎮 Tuş basıldı: keyCode=23
12-06 23:04:38.442 D/PlayerActivity( 5444): 📱 Kontrol paneli gösteriliyor...
12-06 23:04:38.442 D/PlayerActivity( 5444): 🔍 playerControlView null mu? false
12-06 23:04:38.442 D/PlayerControlView( 5444): 🎛️ showControls() çağrıldı
12-06 23:04:38.442 D/PlayerControlView( 5444): 🔍 showControls: visibility=0, isFirstPanelOpen=false
12-06 23:04:38.442 D/PlayerControlView( 5444): 🔍 showControls: isFirstOpen=false
12-06 23:04:38.442 D/PlayerControlView( 5444): ℹ️ Panel zaten görünür, sayaç sıfırlanıyor
12-06 23:04:38.604 D/PlayerActivity( 5444): 🎮 Tuş basıldı: keyCode=23
12-06 23:04:38.608 D/PlayerActivity( 5444): 📱 Kontrol paneli gösteriliyor...
12-06 23:04:38.608 D/PlayerActivity( 5444): 🔍 playerControlView null mu? false
12-06 23:04:38.608 D/PlayerControlView( 5444): 🎛️ showControls() çağrıldı
12-06 23:04:38.608 D/PlayerControlView( 5444): 🔍 showControls: visibility=0, isFirstPanelOpen=false
12-06 23:04:38.608 D/PlayerControlView( 5444): 🔍 showControls: isFirstOpen=false
12-06 23:04:38.608 D/PlayerControlView( 5444): ℹ️ Panel zaten görünür, sayaç sıfırlanıyor
12-06 23:04:38.785 D/PlayerActivity( 5444): 🎮 Tuş basıldı: keyCode=23
12-06 23:04:38.786 D/PlayerActivity( 5444): 📱 Kontrol paneli gösteriliyor...
12-06 23:04:38.786 D/PlayerActivity( 5444): 🔍 playerControlView null mu? false
12-06 23:04:38.786 D/PlayerControlView( 5444): 🎛️ showControls() çağrıldı
12-06 23:04:38.786 D/PlayerControlView( 5444): 🔍 showControls: visibility=0, isFirstPanelOpen=false
12-06 23:04:38.787 D/PlayerControlView( 5444): 🔍 showControls: isFirstOpen=false
12-06 23:04:38.787 D/PlayerControlView( 5444): ℹ️ Panel zaten görünür, sayaç sıfırlanıyor
12-06 23:04:38.991 D/PlayerActivity( 5444): 🎮 Tuş basıldı: keyCode=23
12-06 23:04:38.993 D/PlayerActivity( 5444): 📱 Kontrol paneli gösteriliyor...
12-06 23:04:38.994 D/PlayerActivity( 5444): 🔍 playerControlView null mu? false
12-06 23:04:38.994 D/PlayerControlView( 5444): 🎛️ showControls() çağrıldı
12-06 23:04:38.994 D/PlayerControlView( 5444): 🔍 showControls: visibility=0, isFirstPanelOpen=false
12-06 23:04:39.008 D/PlayerControlView( 5444): 🔍 showControls: isFirstOpen=false
12-06 23:04:39.018 D/PlayerControlView( 5444): ℹ️ Panel zaten görünür, sayaç sıfırlanıyor
12-06 23:04:39.160 D/PlayerActivity( 5444): 🎮 Tuş basıldı: keyCode=23
12-06 23:04:39.160 D/PlayerActivity( 5444): 📱 Kontrol paneli gösteriliyor...
12-06 23:04:39.160 D/PlayerActivity( 5444): 🔍 playerControlView null mu? false
12-06 23:04:39.160 D/PlayerControlView( 5444): 🎛️ showControls() çağrıldı
12-06 23:04:39.160 D/PlayerControlView( 5444): 🔍 showControls: visibility=0, isFirstPanelOpen=false
12-06 23:04:39.161 D/PlayerControlView( 5444): 🔍 showControls: isFirstOpen=false
12-06 23:04:39.161 D/PlayerControlView( 5444): ℹ️ Panel zaten görünür, sayaç sıfırlanıyor
12-06 23:04:39.347 D/PlayerActivity( 5444): 🎮 Tuş basıldı: keyCode=23
12-06 23:04:39.354 D/PlayerActivity( 5444): 📱 Kontrol paneli gösteriliyor...
12-06 23:04:39.357 D/PlayerActivity( 5444): 🔍 playerControlView null mu? false
12-06 23:04:39.357 D/PlayerControlView( 5444): 🎛️ showControls() çağrıldı
12-06 23:04:39.357 D/PlayerControlView( 5444): 🔍 showControls: visibility=0, isFirstPanelOpen=false
12-06 23:04:39.357 D/PlayerControlView( 5444): 🔍 showControls: isFirstOpen=false
12-06 23:04:39.357 D/PlayerControlView( 5444): ℹ️ Panel zaten görünür, sayaç sıfırlanıyor
12-06 23:06:04.225 I/com.pnr.tv( 5444): Background concurrent mark compact GC freed 1092KB AllocSpace bytes, 0(0B) LOS objects, 23% free, 76MB/100MB, paused 1.869ms,3.118ms total 263.978ms
12-06 23:12:10.474 I/com.pnr.tv( 5444): Background concurrent mark compact GC freed 13MB AllocSpace bytes, 1(68KB) LOS objects, 21% free, 86MB/110MB, paused 1.655ms,2.148ms total 153.309ms
12-06 23:17:21.417 I/com.pnr.tv( 5444): Background concurrent mark compact GC freed 20MB AllocSpace bytes, 19(1100KB) LOS objects, 21% free, 89MB/113MB, paused 1.841ms,3.177ms total 190.412ms
12-06 23:19:43.726 D/PlayerActivity( 5444): 🎮 Tuş basıldı: keyCode=19
12-06 23:19:43.726 D/PlayerActivity( 5444): 📱 Kontrol paneli gösteriliyor...
12-06 23:19:43.727 D/PlayerActivity( 5444): 🔍 playerControlView null mu? false
12-06 23:19:43.727 D/PlayerControlView( 5444): 🎛️ showControls() çağrıldı
12-06 23:19:43.728 D/PlayerControlView( 5444): 🔍 showControls: visibility=8, isFirstPanelOpen=false
12-06 23:19:43.728 D/PlayerControlView( 5444): 🔍 showControls: isFirstOpen=false
12-06 23:19:43.729 D/PlayerControlView( 5444): ▶️ Panel gösteriliyor ve animasyon başlatılıyor
12-06 23:19:43.732 D/PlayerControlView( 5444): 🔍 Visibility ayarlandı: parent=0, top=0, bottom=0
12-06 23:19:43.732 D/PlayerControlView( 5444): 🔍 Elevation: 20.0, Parent: ConstraintLayout
12-06 23:19:43.739 D/PlayerControlView( 5444): ✅ Panel gösterildi, 8 saniye sonra otomatik gizlenecek
12-06 23:19:43.773 D/PlayerControlView( 5444): 🔍 Child view boyutları:
12-06 23:19:43.773 D/PlayerControlView( 5444):   - panelTopSection: 3840x160, visibility=0
12-06 23:19:43.774 D/PlayerControlView( 5444):   - panelBottomSection: 3840x480, visibility=0
12-06 23:19:43.774 D/PlayerControlView( 5444):   - txtContentTitle: 603x76, visibility=0, text='Altered - 2025  •  6.6 ⭐'
12-06 23:19:43.774 D/PlayerControlView( 5444):   - seekbarProgress: 3712x16, visibility=0
12-06 23:19:43.775 D/PlayerControlView( 5444):   - btnPlay: 192x192, visibility=8
12-06 23:19:43.775 D/PlayerControlView( 5444):   - btnStop: 192x192, visibility=0
12-06 23:19:45.051 I/ActivityManager(  676): Force stopping com.pnr.tv appid=10092 user=0: from pid 5639
12-06 23:19:45.057 I/ActivityManager(  676): Killing 5444:com.pnr.tv/u0a92 (adj 0): stop com.pnr.tv due to from pid 5639
12-06 23:19:45.066 W/ActivityTaskManager(  676): Force removing ActivityRecord{114661585 u0 com.pnr.tv/.PlayerActivity t9 f}}: app died, no saved state
12-06 23:19:45.066 E/AppOps  (  676): attributionTag  not declared in manifest of com.pnr.tv
12-06 23:19:45.066 E/AppOps  (  676): Operation not started: uid=10092 pkg=com.pnr.tv(null) op=CONTROL_AUDIO_PARTIAL
12-06 23:19:45.067 E/AppOps  (  676): attributionTag  not declared in manifest of com.pnr.tv
12-06 23:19:45.067 E/AppOps  (  676): Operation not started: uid=10092 pkg=com.pnr.tv(null) op=CONTROL_AUDIO
12-06 23:19:45.073 I/AS.AudioService(  676): AudioHardening background playback would be muted for com.pnr.tv (10092), level: partial
12-06 23:19:45.077 W/ActivityTaskManager(  676): Force removing ActivityRecord{212702205 u0 com.pnr.tv/.MainActivity t9 f}}: app died, no saved state
12-06 23:19:45.079 W/UsageStatsService(  676): Unexpected activity event reported! (com.pnr.tv/com.pnr.tv.MainActivity event : 23 instanceId : 36567875)
12-06 23:19:45.118 W/InputDispatcher(  676): channel 'd882328 com.pnr.tv/com.pnr.tv.PlayerActivity' ~ Consumer closed input channel or an error occurred.  events=0x9
12-06 23:19:45.118 E/InputDispatcher(  676): channel 'd882328 com.pnr.tv/com.pnr.tv.PlayerActivity' ~ Channel is unrecoverably broken and will be disposed!
12-06 23:19:45.118 I/WindowManager(  676): WINDOW DIED Window{d882328 u0 com.pnr.tv/com.pnr.tv.PlayerActivity}
12-06 23:19:45.250 I/WindowManager(  676): WIN DEATH: Window{d882328 u0 com.pnr.tv/com.pnr.tv.PlayerActivity EXITING}
12-06 23:19:45.251 I/WindowManager(  676): WIN DEATH: Window{24dc96f u0 com.pnr.tv/com.pnr.tv.MainActivity}
12-06 23:19:45.260 I/ImeTracker(  676): com.pnr.tv:5fd9cebe: onRequestHide at ORIGIN_SERVER reason HIDE_REMOVE_CLIENT fromUser false
12-06 23:19:45.261 I/ImeTracker(  676): com.pnr.tv:5fd9cebe: onCancelled at PHASE_SERVER_SHOULD_HIDE
12-06 23:19:45.297 V/ActivityManager(  676): Got obituary of 5444:com.pnr.tv
12-06 23:19:45.350 I/ActivityManager(  676): Force stopping com.pnr.tv appid=10092 user=0: from pid 5641
12-06 23:19:45.351 I/WindowManager(  676):   Force removing ActivityRecord{114661585 u0 com.pnr.tv/.PlayerActivity t9 f} isExiting}
12-06 23:19:45.351 W/WindowManager(  676): removeAppToken: Attempted to remove non-existing token: Token{27ef36 ActivityRecord{114661585 u0 com.pnr.tv/.PlayerActivity t9 f} isExiting}}
12-06 23:19:45.351 I/WindowManager(  676):   Force removing ActivityRecord{212702205 u0 com.pnr.tv/.MainActivity t9 f} isExiting}
12-06 23:19:45.351 W/WindowManager(  676): removeAppToken: Attempted to remove non-existing token: Token{22dfb43 ActivityRecord{212702205 u0 com.pnr.tv/.MainActivity t9 f} isExiting}}
12-06 23:19:45.881 V/WindowManager(  676):         {WCT{RemoteToken{59605bd Task{bad48f2 #9 type=standard A=10092:com.pnr.tv}}} m=TO_BACK f=NONE leash=Surface(name=Task=9)/@0xb7c4f26 sb=Rect(0, 0 - 3840, 2160) eb=Rect(0, 0 - 3840, 2160) epz=Point(3840, 2160) d=0 taskParent=-1}
12-06 23:19:46.372 W/WindowManager(  676): Exception thrown during dispatchAppVisibility Window{d882328 u0 com.pnr.tv/com.pnr.tv.PlayerActivity EXITING}
12-06 23:19:46.727 E/studio.deploy( 5429): ERROR: Could not remove dir '/data/data/com.pnr.tv/code_cache/.ll/': No such file or directory
12-06 23:19:46.899 I/ActivityManager(  676): Force stopping com.pnr.tv appid=10092 user=0: from pid 5687
12-06 23:19:47.608 I/ActivityTaskManager(  676): START u0 {act=android.intent.action.MAIN cat=[android.intent.category.LEANBACK_LAUNCHER] flg=0x10000000 xflg=0x4 cmp=com.pnr.tv/.MainActivity} with LAUNCH_MULTIPLE from uid 2000 (BAL_ALLOW_PERMISSION) result code=0
12-06 23:19:47.609 V/WindowManagerShell( 1156): Transition requested (#25): android.os.BinderProxy@f1c64bf TransitionRequestInfo { type = OPEN, triggerTask = TaskInfo{userId=0 taskId=10 effectiveUid=10092 displayId=0 isRunning=true baseIntent=Intent { act=android.intent.action.MAIN cat=[android.intent.category.LEANBACK_LAUNCHER] flg=0x10000000 cmp=com.pnr.tv/.MainActivity } baseActivity=ComponentInfo{com.pnr.tv/com.pnr.tv.MainActivity} topActivity=ComponentInfo{com.pnr.tv/com.pnr.tv.MainActivity} origActivity=null realActivity=ComponentInfo{com.pnr.tv/com.pnr.tv.MainActivity} numActivities=1 lastActiveTime=6043607 supportsMultiWindow=false resizeMode=1 isResizeable=true minWidth=-1 minHeight=-1 defaultMinSize=220 token=WCT{android.window.IWindowContainerToken$Stub$Proxy@83478c} topActivityType=1 pictureInPictureParams=null shouldDockBigOverlays=true launchIntoPipHostTaskId=-1 lastParentTaskIdBeforePip=-1 displayCutoutSafeInsets=Rect(0, 0 - 0, 0) topActivityInfo=ActivityInfo{9fa4ed5 com.pnr.tv.MainActivity} launchCookies=[] positionInParent=Point(0, 0) parentTaskId=-1 isFocused=false isVisible=false isVisibleRequested=false isTopActivityNoDisplay=false isSleeping=false locusId=null displayAreaFeatureId=1 isTopActivityTransparent=false isActivityStackTransparent=false lastNonFullscreenBounds=Rect(1374, 108 - 2467, 2052) capturedLink=null capturedLinkTimestamp=0 requestedVisibleTypes=-9 topActivityRequestOpenInBrowserEducationTimestamp=0 appCompatTaskInfo=AppCompatTaskInfo { topActivityInSizeCompat=false eligibleForLetterboxEducation= false isLetterboxEducationEnabled= false isLetterboxDoubleTapEnabled= false eligibleForUserAspectRatioButton= false topActivityBoundsLetterboxed= false isFromLetterboxDoubleTap= false topActivityLetterboxVerticalPosition= -1 topActivityLetterboxHorizontalPosition= -1 topActivityLetterboxWidth=-1 topActivityLetterboxHeight=-1 topActivityAppBounds=Rect(0, 0 - 3840, 2160) isUserFullscreenOverrideEnabled=false isSystemFullscreenOverrideEnabled=false hasMinAspectRatioOverride=false topActivityLetterboxBounds=null cameraCompatTaskInfo=CameraCompatTaskInfo { freeformCameraCompatMode=inactive}} topActivityMainWindowFrame=null}, pipChange = null, remoteTransition = null, displayChange = null, flags = 0, debugId = 25 }
12-06 23:19:47.668 I/ActivityManager(  676): Start proc 5698:com.pnr.tv/u0a92 for next-top-activity {com.pnr.tv/com.pnr.tv.MainActivity}
12-06 23:19:47.746 I/com.pnr.tv( 5698): Late-enabling -Xcheck:jni
12-06 23:19:47.803 I/com.pnr.tv( 5698): Using CollectorTypeCMC GC.
12-06 23:19:47.809 W/com.pnr.tv( 5698): Unexpected CPU variant for x86: x86.
12-06 23:19:47.809 W/com.pnr.tv( 5698): Known variants: atom, sandybridge, silvermont, goldmont, goldmont-plus, goldmont-without-sha-xsaves, tremont, kabylake, alderlake, default
12-06 23:19:47.892 W/re-initialized>( 5698): type=1400 audit(0.0:432): avc:  granted  { execute } for  path="/data/data/com.pnr.tv/code_cache/startup_agents/69b40b6c-agent.so" dev="dm-52" ino=345219 scontext=u:r:untrusted_app:s0:c92,c256,c512,c768 tcontext=u:object_r:app_data_file:s0:c92,c256,c512,c768 tclass=file app=com.pnr.tv
12-06 23:19:47.901 D/nativeloader( 5698): Load /data/user/0/com.pnr.tv/code_cache/startup_agents/69b40b6c-agent.so using system ns (caller=<unknown>): ok
12-06 23:19:47.917 W/com.pnr.tv( 5698): hiddenapi: DexFile /data/data/com.pnr.tv/code_cache/.studio/instruments-cbb5ff5f.jar is in boot class path but is not in a known location
12-06 23:19:48.112 W/com.pnr.tv( 5698): Redefining intrinsic method java.lang.Thread java.lang.Thread.currentThread(). This may cause the unexpected use of the original definition of java.lang.Thread java.lang.Thread.currentThread()in methods that have already been compiled.
12-06 23:19:48.115 W/com.pnr.tv( 5698): Redefining intrinsic method boolean java.lang.Thread.interrupted(). This may cause the unexpected use of the original definition of boolean java.lang.Thread.interrupted()in methods that have already been compiled.
12-06 23:19:48.650 D/nativeloader( 5698): Configuring clns-7 for other apk /data/app/~~7En2Hot3WpWcfEWuX3-Y-A==/com.pnr.tv-fYIeh40kV42ZHWAO6tELAg==/base.apk. target_sdk_version=34, uses_libraries=, library_path=/data/app/~~7En2Hot3WpWcfEWuX3-Y-A==/com.pnr.tv-fYIeh40kV42ZHWAO6tELAg==/lib/x86:/data/app/~~7En2Hot3WpWcfEWuX3-Y-A==/com.pnr.tv-fYIeh40kV42ZHWAO6tELAg==/base.apk!/lib/x86, permitted_path=/data:/mnt/expand:/data/user/0/com.pnr.tv
12-06 23:19:48.720 I/com.pnr.tv( 5698): AssetManager2(0xf2602f54) locale list changing from [] to [en-US]
12-06 23:19:48.723 I/com.pnr.tv( 5698): AssetManager2(0xf26057d4) locale list changing from [] to [en-US]
12-06 23:19:48.732 V/GraphicsEnvironment( 5698): com.pnr.tv is not listed in per-application setting
12-06 23:19:48.732 V/GraphicsEnvironment( 5698): com.pnr.tv is not listed in ANGLE allowlist or settings, returning default
12-06 23:19:48.769 W/com.pnr.tv( 5698): Method void com.google.android.gms.common.api.internal.BackgroundDetector.initialize(android.app.Application) failed lock verification and will run slower.
12-06 23:19:48.769 W/com.pnr.tv( 5698): Common causes for lock verification issues are non-optimized dex code
12-06 23:19:48.769 W/com.pnr.tv( 5698): and incorrect proguard optimizations.
12-06 23:19:48.770 W/com.pnr.tv( 5698): Method void com.google.android.gms.common.api.internal.BackgroundDetector.zza(boolean) failed lock verification and will run slower.
12-06 23:19:48.770 W/com.pnr.tv( 5698): Method void com.google.android.gms.common.api.internal.BackgroundDetector.addListener(com.google.android.gms.common.api.internal.BackgroundDetector$BackgroundStateChangeListener) failed lock verification and will run slower.
12-06 23:19:48.863 W/com.pnr.tv( 5698): Method void com.google.android.gms.tasks.zzw.zzi() failed lock verification and will run slower.
12-06 23:19:48.867 W/com.pnr.tv( 5698): Method void com.google.android.gms.tasks.zzr.zza(com.google.android.gms.tasks.zzq) failed lock verification and will run slower.
12-06 23:19:48.867 W/com.pnr.tv( 5698): Method void com.google.android.gms.tasks.zzr.zzb(com.google.android.gms.tasks.Task) failed lock verification and will run slower.
12-06 23:19:48.872 W/com.pnr.tv( 5698): Method void com.google.android.gms.common.internal.zzag.zzc(android.content.Context) failed lock verification and will run slower.
12-06 23:19:48.880 W/com.pnr.tv( 5698): Method void com.google.android.gms.common.zzn.zzj() failed lock verification and will run slower.
12-06 23:19:48.896 W/com.pnr.tv( 5698): Method java.lang.ClassLoader com.google.android.gms.dynamite.zzb.zzb() failed lock verification and will run slower.
12-06 23:19:48.899 W/com.pnr.tv( 5698): Method java.lang.Thread com.google.android.gms.dynamite.zzb.zzc() failed lock verification and will run slower.
12-06 23:19:48.901 W/com.pnr.tv( 5698): Method void com.google.android.gms.dynamite.zza.run() failed lock verification and will run slower.
12-06 23:19:48.945 I/com.pnr.tv( 5698): AssetManager2(0xf2609b54) locale list changing from [] to [en-US]
12-06 23:19:48.975 I/com.pnr.tv( 5698): AssetManager2(0xf2605354) locale list changing from [] to [en-US]
12-06 23:19:48.978 I/com.pnr.tv( 5698): AssetManager2(0xf26069d4) locale list changing from [] to [en-US]
12-06 23:19:49.079 I/com.pnr.tv( 5698): AssetManager2(0xf260bd14) locale list changing from [] to [en-US]
12-06 23:19:49.255 W/com.pnr.tv( 5698): Verification of androidx.fragment.app.strictmode.FragmentStrictMode$Policy androidx.fragment.app.FragmentManager.getStrictModePolicy() took 123.660ms (97.04 bytecodes/s) (0B arena alloc)
12-06 23:19:49.325 I/com.pnr.tv( 5698): AssetManager2(0xf260ab14) locale list changing from [] to [en-US]
12-06 23:19:49.437 I/FA      ( 5698):   adb shell setprop debug.firebase.analytics.app com.pnr.tv
12-06 23:19:49.477 W/com.pnr.tv( 5698): Method void com.google.android.gms.tasks.zzn.zzc() failed lock verification and will run slower.
12-06 23:19:49.478 W/com.pnr.tv( 5698): Method void com.google.android.gms.tasks.zzn.zzd(com.google.android.gms.tasks.Task) failed lock verification and will run slower.
12-06 23:19:49.481 W/com.pnr.tv( 5698): Method void com.google.android.gms.tasks.zzl.zzc() failed lock verification and will run slower.
12-06 23:19:49.483 W/com.pnr.tv( 5698): Method void com.google.android.gms.tasks.zzl.zzd(com.google.android.gms.tasks.Task) failed lock verification and will run slower.
12-06 23:19:49.484 W/com.pnr.tv( 5698): Method void com.google.android.gms.tasks.zzh.zzc() failed lock verification and will run slower.
12-06 23:19:49.485 W/com.pnr.tv( 5698): Method void com.google.android.gms.tasks.zzh.zzd(com.google.android.gms.tasks.Task) failed lock verification and will run slower.
12-06 23:19:49.490 W/com.pnr.tv( 5698): Method void com.google.android.gms.tasks.zzm.run() failed lock verification and will run slower.
12-06 23:19:49.847 I/com.pnr.tv( 5698): hiddenapi: Accessing hidden method Landroid/view/View;->computeFitSystemWindows(Landroid/graphics/Rect;Landroid/graphics/Rect;)Z (runtime_flags=0, domain=platform, api=unsupported) from Landroidx/appcompat/widget/ViewUtils; (domain=app) using reflection: allowed
12-06 23:19:49.847 I/com.pnr.tv( 5698): hiddenapi: Accessing hidden method Landroid/view/ViewGroup;->makeOptionalFitsSystemWindows()V (runtime_flags=0, domain=platform, api=unsupported) from Landroidx/appcompat/widget/ViewUtils; (domain=app) using reflection: allowed
12-06 23:19:50.463 I/com.pnr.tv( 5698): hiddenapi: Accessing hidden method Ljava/lang/invoke/MethodHandles$Lookup;-><init>(Ljava/lang/Class;I)V (runtime_flags=0, domain=core-platform, api=unsupported) from Lretrofit2/Platform; (domain=app) using reflection: allowed
12-06 23:19:50.669 D/CoreBackPreview(  676): Window{d69842c u0 com.pnr.tv/com.pnr.tv.MainActivity}: Setting back callback OnBackInvokedCallbackInfo{mCallback=android.window.IOnBackInvokedCallback$Stub$Proxy@97dc48a, mPriority=0, mIsAnimationCallback=false, mOverrideBehavior=0}
12-06 23:19:51.156 I/ActivityTaskManager(  676): Displayed com.pnr.tv/.MainActivity for user 0: +3s564ms
