--------- beginning of main
12-07 00:28:12.657  8108  8108 I com.pnr.tv: Late-enabling -Xcheck:jni
12-07 00:28:12.941  8108  8108 I com.pnr.tv: Using CollectorTypeCMC GC.
12-07 00:28:12.950  8108  8108 W com.pnr.tv: Unexpected CPU variant for x86: x86.
12-07 00:28:12.950  8108  8108 W com.pnr.tv: Known variants: atom, sandybridge, silvermont, goldmont, goldmont-plus, goldmont-without-sha-xsaves, tremont, kabylake, alderlake, default
12-07 00:28:13.369  8108  8108 W com.pnr.tv: hiddenapi: DexFile /data/data/com.pnr.tv/code_cache/.studio/instruments-cbb5ff5f.jar is in boot class path but is not in a known location
12-07 00:28:13.580  8108  8108 W com.pnr.tv: Redefining intrinsic method java.lang.Thread java.lang.Thread.currentThread(). This may cause the unexpected use of the original definition of java.lang.Thread java.lang.Thread.currentThread()in methods that have already been compiled.
12-07 00:28:13.580  8108  8108 W com.pnr.tv: Redefining intrinsic method boolean java.lang.Thread.interrupted(). This may cause the unexpected use of the original definition of boolean java.lang.Thread.interrupted()in methods that have already been compiled.
12-07 00:28:15.287  8108  8108 I com.pnr.tv: AssetManager2(0xf2602f54) locale list changing from [] to [en-US]
12-07 00:28:15.291  8108  8108 I com.pnr.tv: AssetManager2(0xf26057d4) locale list changing from [] to [en-US]
12-07 00:28:15.393  8108  8108 W com.pnr.tv: Method void com.google.android.gms.common.api.internal.BackgroundDetector.initialize(android.app.Application) failed lock verification and will run slower.
12-07 00:28:15.393  8108  8108 W com.pnr.tv: Common causes for lock verification issues are non-optimized dex code
12-07 00:28:15.393  8108  8108 W com.pnr.tv: and incorrect proguard optimizations.
12-07 00:28:15.393  8108  8108 W com.pnr.tv: Method void com.google.android.gms.common.api.internal.BackgroundDetector.zza(boolean) failed lock verification and will run slower.
12-07 00:28:15.393  8108  8108 W com.pnr.tv: Method void com.google.android.gms.common.api.internal.BackgroundDetector.addListener(com.google.android.gms.common.api.internal.BackgroundDetector$BackgroundStateChangeListener) failed lock verification and will run slower.
12-07 00:28:15.490  8108  8108 W com.pnr.tv: Method void com.google.android.gms.tasks.zzw.zzi() failed lock verification and will run slower.
12-07 00:28:15.495  8108  8123 W com.pnr.tv: Method void com.google.android.gms.common.internal.zzag.zzc(android.content.Context) failed lock verification and will run slower.
12-07 00:28:15.501  8108  8108 W com.pnr.tv: Method void com.google.android.gms.tasks.zzr.zza(com.google.android.gms.tasks.zzq) failed lock verification and will run slower.
12-07 00:28:15.501  8108  8108 W com.pnr.tv: Method void com.google.android.gms.tasks.zzr.zzb(com.google.android.gms.tasks.Task) failed lock verification and will run slower.
12-07 00:28:15.525  8108  8123 W com.pnr.tv: Method void com.google.android.gms.common.zzn.zzj() failed lock verification and will run slower.
12-07 00:28:15.549  8108  8123 W com.pnr.tv: Method java.lang.ClassLoader com.google.android.gms.dynamite.zzb.zzb() failed lock verification and will run slower.
12-07 00:28:15.549  8108  8123 W com.pnr.tv: Method java.lang.Thread com.google.android.gms.dynamite.zzb.zzc() failed lock verification and will run slower.
12-07 00:28:15.550  8108  8123 W com.pnr.tv: Method void com.google.android.gms.dynamite.zza.run() failed lock verification and will run slower.
12-07 00:28:15.636  8108  8123 I com.pnr.tv: AssetManager2(0xf2609b54) locale list changing from [] to [en-US]
12-07 00:28:15.753  8108  8126 W com.pnr.tv: JNI critical lock held for 17.082ms on Thread[18,tid=8126,Runnable,Thread*=0xe99d0a10,peer=0x2207d68,"WM.task-1"]
12-07 00:28:15.786  8108  8108 I com.pnr.tv: AssetManager2(0xf260ee94) locale list changing from [] to [en-US]
12-07 00:28:15.793  8108  8123 I com.pnr.tv: AssetManager2(0xf260d5d4) locale list changing from [] to [en-US]
12-07 00:28:15.800  8108  8123 I com.pnr.tv: AssetManager2(0xf260c3d4) locale list changing from [] to [en-US]
12-07 00:28:15.910  8108  8108 I com.pnr.tv: AssetManager2(0xf260bd14) locale list changing from [] to [en-US]
12-07 00:28:16.276  8108  8130 W com.pnr.tv: Method void com.google.android.gms.tasks.zzn.zzc() failed lock verification and will run slower.
12-07 00:28:16.277  8108  8130 W com.pnr.tv: Method void com.google.android.gms.tasks.zzn.zzd(com.google.android.gms.tasks.Task) failed lock verification and will run slower.
12-07 00:28:16.277  8108  8130 W com.pnr.tv: Method void com.google.android.gms.tasks.zzl.zzc() failed lock verification and will run slower.
12-07 00:28:16.278  8108  8130 W com.pnr.tv: Method void com.google.android.gms.tasks.zzl.zzd(com.google.android.gms.tasks.Task) failed lock verification and will run slower.
12-07 00:28:16.279  8108  8130 W com.pnr.tv: Method void com.google.android.gms.tasks.zzh.zzc() failed lock verification and will run slower.
12-07 00:28:16.279  8108  8130 W com.pnr.tv: Method void com.google.android.gms.tasks.zzh.zzd(com.google.android.gms.tasks.Task) failed lock verification and will run slower.
12-07 00:28:16.285  8108  8133 W com.pnr.tv: Method void com.google.android.gms.tasks.zzm.run() failed lock verification and will run slower.
12-07 00:28:16.607  8108  8108 I com.pnr.tv: hiddenapi: Accessing hidden method Landroid/view/View;->computeFitSystemWindows(Landroid/graphics/Rect;Landroid/graphics/Rect;)Z (runtime_flags=0, domain=platform, api=unsupported) from Landroidx/appcompat/widget/ViewUtils; (domain=app) using reflection: allowed
12-07 00:28:16.607  8108  8108 I com.pnr.tv: hiddenapi: Accessing hidden method Landroid/view/ViewGroup;->makeOptionalFitsSystemWindows()V (runtime_flags=0, domain=platform, api=unsupported) from Landroidx/appcompat/widget/ViewUtils; (domain=app) using reflection: allowed
12-07 00:28:17.606  8108  8108 I com.pnr.tv: hiddenapi: Accessing hidden method Ljava/lang/invoke/MethodHandles$Lookup;-><init>(Ljava/lang/Class;I)V (runtime_flags=0, domain=core-platform, api=unsupported) from Lretrofit2/Platform; (domain=app) using reflection: allowed
12-07 00:28:18.166  8108  8113 I com.pnr.tv: NativeAlloc concurrent mark compact GC freed 3736KB AllocSpace bytes, 15(492KB) LOS objects, 49% free, 4443KB/8887KB, paused 1.711ms,4.214ms total 127.224ms
12-07 00:28:23.695  8108  8108 I com.pnr.tv: IncrementDisableThreadFlip blocked for 5.532ms
12-07 00:28:23.745  8108  8113 I com.pnr.tv: Background concurrent mark compact GC freed 2380KB AllocSpace bytes, 3(60KB) LOS objects, 49% free, 6855KB/13MB, paused 1.885ms,5.310ms total 92.088ms
12-07 00:28:24.783  8108  8113 I com.pnr.tv: Background concurrent mark compact GC freed 3668KB AllocSpace bytes, 6(120KB) LOS objects, 49% free, 9834KB/19MB, paused 2.792ms,3.756ms total 101.284ms
12-07 00:28:25.959  8108  8113 I com.pnr.tv: NativeAlloc concurrent mark compact GC freed 2984KB AllocSpace bytes, 19(1116KB) LOS objects, 49% free, 10MB/20MB, paused 3.243ms,3.720ms total 361.775ms
12-07 00:28:28.113  8108  8108 I com.pnr.tv: AssetManager2(0xf2618554) locale list changing from [] to [en-US]
12-07 00:28:28.159  8108  8108 D PlayerControlView: ✅ Tüm view'lar focusable yapıldı
12-07 00:28:28.282  8108  8108 D PlayerActivity: 🔍 onCreate: playerControlView null mu? false
12-07 00:28:28.294  8108  8108 D PlayerControlView: 📝 İçerik bilgisi ayarlandı: Altered - 2025  •  6.6 ⭐
12-07 00:28:28.430  8108  8108 I com.pnr.tv: hiddenapi: Accessing hidden method Landroid/media/AudioTrack;->getLatency()I (runtime_flags=0, domain=platform, api=unsupported) from Landroidx/media3/exoplayer/audio/AudioTrackPositionTracker; (domain=app) using reflection: allowed
12-07 00:28:28.548  8108  8108 D PlayerControlView: 🎮 Buton durumu güncellendi: isPlaying=false
12-07 00:28:28.551  8108  8108 D PlayerActivity: 🎬 Video URL: http://global3b.xyz:8080/movie/suayuk/nDUAR2DW66ec1/728314.mp4, Content ID: movie_728314
12-07 00:28:28.551  8108  8108 D PlayerViewModel: 🎬 playVideo çağrıldı: url=http://global3b.xyz:8080/movie/suayuk/nDUAR2DW66ec1/728314.mp4, contentId=movie_728314
12-07 00:28:28.552  8108  8108 D PlayerViewModel: 🔍 Player null mu? false
12-07 00:28:28.552  8108  8108 D PlayerViewModel: 📺 MediaItem oluşturuldu: http://global3b.xyz:8080/movie/suayuk/nDUAR2DW66ec1/728314.mp4
12-07 00:28:28.577  8108  8108 D PlayerViewModel: ✅ Player prepare() çağrıldı
12-07 00:28:28.578  8108  8108 D PlayerViewModel: 🎮 player?.play() çağrılıyor (hemen)...
12-07 00:28:28.581  8108  8108 D PlayerViewModel: ✅ player?.play() çağrıldı, playbackState: 2
12-07 00:28:28.581  8108  8108 D PlayerViewModel: 🔍 contentId var, coroutine başlatılıyor: movie_728314
12-07 00:28:28.589  8108  8108 D PlayerActivity: 🔍 onStart: ExoPlayer null mu? false
12-07 00:28:28.591  8108  8108 D PlayerActivity: ✅ ExoPlayer PlayerView'a atandı
12-07 00:28:28.626  8108  8108 D PlayerControlView: ✅ CoroutineScope onAttachedToWindow içinde yeniden oluşturuldu.
12-07 00:28:33.621  8108  8209 E com.pnr.tv: Failed to query component interface for required system resources: 6
12-07 00:28:33.930  8108  8218 E com.pnr.tv: Failed to query component interface for required system resources: 6
12-07 00:28:34.524  8108  8108 D PlayerControlView: 🎮 Buton durumu güncellendi: isPlaying=true
12-07 00:28:34.977  8108  8108 D PlayerActivity: 📱 Kontrol paneli kapalıydı, gösteriliyor...
12-07 00:28:34.977  8108  8108 D PlayerControlView: 🎛️ showControls() çağrıldı
12-07 00:28:34.977  8108  8108 D PlayerControlView: 🔍 showControls: visibility=8, isFirstPanelOpen=true
12-07 00:28:34.977  8108  8108 D PlayerControlView: 🔍 showControls: isFirstOpen=true
12-07 00:28:34.977  8108  8108 D PlayerControlView: ▶️ Panel gösteriliyor ve animasyon başlatılıyor
12-07 00:28:34.978  8108  8108 D PlayerControlView: 🔍 Visibility ayarlandı: parent=0, top=0, bottom=0
12-07 00:28:34.979  8108  8108 D PlayerControlView: 🔍 Elevation: 20.0, Parent: ConstraintLayout
12-07 00:28:34.991  8108  8108 D PlayerControlView: ✅ Panel gösterildi, 8 saniye sonra otomatik gizlenecek
12-07 00:28:35.015  8108  8108 D PlayerControlView: 🔍 Child view boyutları:
12-07 00:28:35.015  8108  8108 D PlayerControlView:   - panelTopSection: 3840x160, visibility=0
12-07 00:28:35.016  8108  8108 D PlayerControlView:   - panelBottomSection: 3840x480, visibility=0
12-07 00:28:35.022  8108  8108 D PlayerControlView:   - txtContentTitle: 603x76, visibility=0, text='Altered - 2025  •  6.6 ⭐'
12-07 00:28:35.025  8108  8108 D PlayerControlView:   - seekbarProgress: 3712x16, visibility=0
12-07 00:28:35.026  8108  8108 D PlayerControlView:   - btnPlay: 0x0, visibility=8
12-07 00:28:35.026  8108  8108 D PlayerControlView:   - btnStop: 192x192, visibility=0
12-07 00:28:35.099  8108  8108 D PlayerControlView: 🔍 dispatchKeyEvent: action=1, keyCode=19, focusedView=SeekBar
12-07 00:28:35.101  8108  8108 D PlayerControlView: 🔍 ACTION_UP: keyCode=19, focus değişti mi? false, yeni focus=SeekBar
12-07 00:28:35.498  8108  8113 I com.pnr.tv: Background concurrent mark compact GC freed 1326KB AllocSpace bytes, 12(6244KB) LOS objects, 43% free, 31MB/55MB, paused 1.267ms,1.810ms total 122.207ms
12-07 00:28:36.288  8108  8108 D PlayerControlView: 🔍 dispatchKeyEvent: action=0, keyCode=19, focusedView=Stop
12-07 00:28:36.290  8108  8108 D PlayerControlView: 🔍 dispatchKeyEvent sonu: result=false, final focus=Stop
12-07 00:28:36.425  8108  8108 D PlayerControlView: 🔍 dispatchKeyEvent: action=1, keyCode=19, focusedView=SeekBar
12-07 00:28:36.425  8108  8108 D PlayerControlView: 🔍 ACTION_UP: keyCode=19, focus değişti mi? false, yeni focus=SeekBar
12-07 00:28:38.153  8108  8108 D PlayerControlView: 🔍 dispatchKeyEvent: action=0, keyCode=22, focusedView=SeekBar
12-07 00:28:38.158  8108  8108 D PlayerControlView: 📊 SeekBar'da tuş basıldı: keyCode=22
12-07 00:28:38.161  8108  8108 D PlayerControlView: 🔘 handleSeekButtonClick başladı: amount=5s, focus önce=AppCompatSeekBar
12-07 00:28:38.165  8108  8108 D PlayerControlView: 🔘 handleSeekButtonClick: currentPosition=3s, newPosition=8s, newProgress=0, post bloğu çağrılıyor...
12-07 00:28:38.171  8108  8108 D PlayerControlView: 🔘 handleSeekButtonClick tamamlandı
12-07 00:28:38.171  8108  8108 D PlayerControlView: ⏩ SeekBar ileri: 5s
12-07 00:28:38.175  8108  8108 D PlayerControlView: 🔘 POST bloğu içinde (handleSeekButtonClick): focus=AppCompatSeekBar
12-07 00:28:38.176  8108  8108 D PlayerControlView: 🔘 POST bloğu sonrası (handleSeekButtonClick): focus=AppCompatSeekBar
12-07 00:28:38.235  8108  8108 D PlayerControlView: 🔍 dispatchKeyEvent: action=1, keyCode=22, focusedView=SeekBar
12-07 00:28:38.235  8108  8108 D PlayerControlView: 🔍 ACTION_UP: keyCode=22, focus değişti mi? false, yeni focus=SeekBar
12-07 00:28:39.178  8108  8108 D PlayerControlView: ‼️ commitSeekPosition çağrıldı. isUserSeeking: true, newPosition: 00:08
12-07 00:28:39.205  8108  8108 D PlayerControlView: 🎮 Buton durumu güncellendi: isPlaying=false
12-07 00:28:39.206  8108  8108 D PlayerControlView: ✅ onSeekTo(8649ms) çağrıldı.
12-07 00:28:39.207  8108  8108 D PlayerControlView: ✅ Kilit kaldırıldı. isUserSeeking: false
12-07 00:28:39.211  8108  8108 D PlayerControlView: 🎯 Video pozisyonu değiştirildi: 00:08
12-07 00:28:39.395  8108  8108 D PlayerControlView: 🔍 dispatchKeyEvent: action=0, keyCode=22, focusedView=SeekBar
12-07 00:28:39.398  8108  8108 D PlayerControlView: 📊 SeekBar'da tuş basıldı: keyCode=22
12-07 00:28:39.398  8108  8108 D PlayerControlView: 🔘 handleSeekButtonClick başladı: amount=5s, focus önce=AppCompatSeekBar
12-07 00:28:39.422  8108  8108 D PlayerControlView: 🔘 handleSeekButtonClick: currentPosition=8s, newPosition=13s, newProgress=0, post bloğu çağrılıyor...
12-07 00:28:39.423  8108  8108 D PlayerControlView: 🔘 handleSeekButtonClick tamamlandı
12-07 00:28:39.424  8108  8108 D PlayerControlView: ⏩ SeekBar ileri: 5s
12-07 00:28:39.435  8108  8108 D PlayerControlView: 🔍 dispatchKeyEvent: action=1, keyCode=22, focusedView=SeekBar
12-07 00:28:39.435  8108  8108 D PlayerControlView: 🔍 ACTION_UP: keyCode=22, focus değişti mi? false, yeni focus=SeekBar
12-07 00:28:39.462  8108  8108 D PlayerControlView: 🔘 POST bloğu içinde (handleSeekButtonClick): focus=AppCompatSeekBar
12-07 00:28:39.471  8108  8108 D PlayerControlView: 🔘 POST bloğu sonrası (handleSeekButtonClick): focus=AppCompatSeekBar
12-07 00:28:39.808  8108  8108 D PlayerControlView: 🎮 Buton durumu güncellendi: isPlaying=true
12-07 00:28:40.483  8108  8108 D PlayerControlView: ‼️ commitSeekPosition çağrıldı. isUserSeeking: true, newPosition: 00:13
12-07 00:28:40.489  8108  8108 D PlayerControlView: 🎮 Buton durumu güncellendi: isPlaying=false
12-07 00:28:40.489  8108  8108 D PlayerControlView: ✅ onSeekTo(13649ms) çağrıldı.
12-07 00:28:40.490  8108  8108 D PlayerControlView: ✅ Kilit kaldırıldı. isUserSeeking: false
12-07 00:28:40.490  8108  8108 D PlayerControlView: 🎯 Video pozisyonu değiştirildi: 00:13
12-07 00:28:41.225  8108  8108 D PlayerControlView: 🎮 Buton durumu güncellendi: isPlaying=true
12-07 00:28:42.538  8108  8108 D PlayerControlView: 🔍 dispatchKeyEvent: action=0, keyCode=22, focusedView=SeekBar
12-07 00:28:42.539  8108  8108 D PlayerControlView: 📊 SeekBar'da tuş basıldı: keyCode=22
12-07 00:28:42.539  8108  8108 D PlayerControlView: 🔘 handleSeekButtonClick başladı: amount=5s, focus önce=AppCompatSeekBar
12-07 00:28:42.542  8108  8108 D PlayerControlView: 🔘 handleSeekButtonClick: currentPosition=14s, newPosition=19s, newProgress=0, post bloğu çağrılıyor...
12-07 00:28:42.545  8108  8108 D PlayerControlView: 🔘 handleSeekButtonClick tamamlandı
12-07 00:28:42.547  8108  8108 D PlayerControlView: ⏩ SeekBar ileri: 5s
12-07 00:28:42.547  8108  8108 D PlayerControlView: 🔘 POST bloğu içinde (handleSeekButtonClick): focus=AppCompatSeekBar
12-07 00:28:42.551  8108  8108 D PlayerControlView: 🔘 POST bloğu sonrası (handleSeekButtonClick): focus=AppCompatSeekBar
12-07 00:28:42.636  8108  8108 D PlayerControlView: 🔍 dispatchKeyEvent: action=1, keyCode=22, focusedView=SeekBar
12-07 00:28:42.636  8108  8108 D PlayerControlView: 🔍 ACTION_UP: keyCode=22, focus değişti mi? false, yeni focus=SeekBar
12-07 00:28:43.468  8108  8108 D PlayerControlView: 🔍 dispatchKeyEvent: action=0, keyCode=22, focusedView=SeekBar
12-07 00:28:43.468  8108  8108 D PlayerControlView: 📊 SeekBar'da tuş basıldı: keyCode=22
12-07 00:28:43.468  8108  8108 D PlayerControlView: 🔘 handleSeekButtonClick başladı: amount=5s, focus önce=AppCompatSeekBar
12-07 00:28:43.469  8108  8108 D PlayerControlView: 🔘 handleSeekButtonClick: currentPosition=15s, newPosition=20s, newProgress=0, post bloğu çağrılıyor...
12-07 00:28:43.472  8108  8108 D PlayerControlView: 🔘 handleSeekButtonClick tamamlandı
12-07 00:28:43.472  8108  8108 D PlayerControlView: ⏩ SeekBar ileri: 5s
12-07 00:28:43.472  8108  8108 D PlayerControlView: 🔘 POST bloğu içinde (handleSeekButtonClick): focus=AppCompatSeekBar
12-07 00:28:43.483  8108  8108 D PlayerControlView: 🔘 POST bloğu sonrası (handleSeekButtonClick): focus=AppCompatSeekBar
12-07 00:28:43.589  8108  8108 D PlayerControlView: 🔍 dispatchKeyEvent: action=1, keyCode=22, focusedView=SeekBar
12-07 00:28:43.592  8108  8108 D PlayerControlView: 🔍 ACTION_UP: keyCode=22, focus değişti mi? false, yeni focus=SeekBar
12-07 00:28:44.327  8108  8108 D PlayerControlView: 🔍 dispatchKeyEvent: action=0, keyCode=22, focusedView=SeekBar
12-07 00:28:44.328  8108  8108 D PlayerControlView: 📊 SeekBar'da tuş basıldı: keyCode=22
12-07 00:28:44.331  8108  8108 D PlayerControlView: 🔘 handleSeekButtonClick başladı: amount=5s, focus önce=AppCompatSeekBar
12-07 00:28:44.333  8108  8108 D PlayerControlView: 🔘 handleSeekButtonClick: currentPosition=16s, newPosition=21s, newProgress=0, post bloğu çağrılıyor...
12-07 00:28:44.334  8108  8108 D PlayerControlView: 🔘 handleSeekButtonClick tamamlandı
12-07 00:28:44.335  8108  8108 D PlayerControlView: ⏩ SeekBar ileri: 5s
12-07 00:28:44.336  8108  8108 D PlayerControlView: 🔘 POST bloğu içinde (handleSeekButtonClick): focus=AppCompatSeekBar
12-07 00:28:44.337  8108  8108 D PlayerControlView: 🔘 POST bloğu sonrası (handleSeekButtonClick): focus=AppCompatSeekBar
12-07 00:28:44.434  8108  8108 D PlayerControlView: 🔍 dispatchKeyEvent: action=1, keyCode=22, focusedView=SeekBar
12-07 00:28:44.434  8108  8108 D PlayerControlView: 🔍 ACTION_UP: keyCode=22, focus değişti mi? false, yeni focus=SeekBar
12-07 00:28:45.349  8108  8108 D PlayerControlView: ‼️ commitSeekPosition çağrıldı. isUserSeeking: true, newPosition: 00:21
12-07 00:28:45.351  8108  8108 D PlayerControlView: 🎮 Buton durumu güncellendi: isPlaying=false
12-07 00:28:45.351  8108  8108 D PlayerControlView: ✅ onSeekTo(21723ms) çağrıldı.
12-07 00:28:45.352  8108  8108 D PlayerControlView: ✅ Kilit kaldırıldı. isUserSeeking: false
12-07 00:28:45.352  8108  8108 D PlayerControlView: 🎯 Video pozisyonu değiştirildi: 00:21
12-07 00:28:46.109  8108  8108 D PlayerControlView: 🎮 Buton durumu güncellendi: isPlaying=true
12-07 00:28:46.539  8108  8108 D PlayerControlView: 🔍 dispatchKeyEvent: action=0, keyCode=22, focusedView=SeekBar
12-07 00:28:46.540  8108  8108 D PlayerControlView: 📊 SeekBar'da tuş basıldı: keyCode=22
12-07 00:28:46.540  8108  8108 D PlayerControlView: 🔘 handleSeekButtonClick başladı: amount=5s, focus önce=AppCompatSeekBar
12-07 00:28:46.543  8108  8108 D PlayerControlView: 🔘 handleSeekButtonClick: currentPosition=22s, newPosition=27s, newProgress=0, post bloğu çağrılıyor...
12-07 00:28:46.547  8108  8108 D PlayerControlView: 🔘 handleSeekButtonClick tamamlandı
12-07 00:28:46.548  8108  8108 D PlayerControlView: ⏩ SeekBar ileri: 5s
12-07 00:28:46.552  8108  8108 D PlayerControlView: 🔘 POST bloğu içinde (handleSeekButtonClick): focus=AppCompatSeekBar
12-07 00:28:46.561  8108  8108 D PlayerControlView: 🔘 POST bloğu sonrası (handleSeekButtonClick): focus=AppCompatSeekBar
12-07 00:28:46.933  8108  8108 D PlayerControlView: 🔍 dispatchKeyEvent: action=0, keyCode=22, focusedView=SeekBar
12-07 00:28:46.941  8108  8108 D PlayerControlView: 📊 SeekBar'da tuş basıldı: keyCode=22
12-07 00:28:46.943  8108  8108 D PlayerControlView: 🔘 handleSeekButtonClick başladı: amount=5s, focus önce=AppCompatSeekBar
12-07 00:28:46.948  8108  8108 D PlayerControlView: 🔘 handleSeekButtonClick: currentPosition=22s, newPosition=27s, newProgress=0, post bloğu çağrılıyor...
12-07 00:28:46.949  8108  8108 D PlayerControlView: 🔘 handleSeekButtonClick tamamlandı
12-07 00:28:46.950  8108  8108 D PlayerControlView: ⏩ SeekBar ileri: 5s
12-07 00:28:46.959  8108  8108 D PlayerControlView: 🔘 POST bloğu içinde (handleSeekButtonClick): focus=AppCompatSeekBar
12-07 00:28:46.962  8108  8108 D PlayerControlView: 🔘 POST bloğu sonrası (handleSeekButtonClick): focus=AppCompatSeekBar
12-07 00:28:46.985  8108  8108 D PlayerControlView: 🔍 dispatchKeyEvent: action=0, keyCode=22, focusedView=SeekBar
12-07 00:28:46.986  8108  8108 D PlayerControlView: 📊 SeekBar'da tuş basıldı: keyCode=22
12-07 00:28:46.986  8108  8108 D PlayerControlView: 🔘 handleSeekButtonClick başladı: amount=5s, focus önce=AppCompatSeekBar
12-07 00:28:46.986  8108  8108 D PlayerControlView: 🔘 handleSeekButtonClick: currentPosition=22s, newPosition=27s, newProgress=0, post bloğu çağrılıyor...
12-07 00:28:46.992  8108  8108 D PlayerControlView: 🔘 handleSeekButtonClick tamamlandı
12-07 00:28:46.992  8108  8108 D PlayerControlView: ⏩ SeekBar ileri: 5s
12-07 00:28:46.993  8108  8108 D PlayerControlView: 🔘 POST bloğu içinde (handleSeekButtonClick): focus=AppCompatSeekBar
12-07 00:28:46.995  8108  8108 D PlayerControlView: 🔘 POST bloğu sonrası (handleSeekButtonClick): focus=AppCompatSeekBar
12-07 00:28:47.037  8108  8108 D PlayerControlView: 🔍 dispatchKeyEvent: action=0, keyCode=22, focusedView=SeekBar
12-07 00:28:47.037  8108  8108 D PlayerControlView: 📊 SeekBar'da tuş basıldı: keyCode=22
12-07 00:28:47.037  8108  8108 D PlayerControlView: 🔘 handleSeekButtonClick başladı: amount=5s, focus önce=AppCompatSeekBar
12-07 00:28:47.038  8108  8108 D PlayerControlView: 🔘 handleSeekButtonClick: currentPosition=22s, newPosition=27s, newProgress=0, post bloğu çağrılıyor...
12-07 00:28:47.039  8108  8108 D PlayerControlView: 🔘 handleSeekButtonClick tamamlandı
12-07 00:28:47.039  8108  8108 D PlayerControlView: ⏩ SeekBar ileri: 5s
12-07 00:28:47.043  8108  8108 D PlayerControlView: 🔘 POST bloğu içinde (handleSeekButtonClick): focus=AppCompatSeekBar
12-07 00:28:47.046  8108  8108 D PlayerControlView: 🔘 POST bloğu sonrası (handleSeekButtonClick): focus=AppCompatSeekBar
12-07 00:28:47.087  8108  8108 D PlayerControlView: 🔍 dispatchKeyEvent: action=0, keyCode=22, focusedView=SeekBar
12-07 00:28:47.087  8108  8108 D PlayerControlView: 📊 SeekBar'da tuş basıldı: keyCode=22
12-07 00:28:47.088  8108  8108 D PlayerControlView: 🔘 handleSeekButtonClick başladı: amount=30s, focus önce=AppCompatSeekBar
12-07 00:28:47.088  8108  8108 D PlayerControlView: 🔘 handleSeekButtonClick: currentPosition=22s, newPosition=52s, newProgress=1, post bloğu çağrılıyor...
12-07 00:28:47.089  8108  8108 D PlayerControlView: 🔘 handleSeekButtonClick tamamlandı
12-07 00:28:47.102  8108  8108 D PlayerControlView: ⏩ SeekBar ileri: 30s
12-07 00:28:47.103  8108  8108 D PlayerControlView: 🔘 POST bloğu içinde (handleSeekButtonClick): focus=AppCompatSeekBar
12-07 00:28:47.104  8108  8108 D PlayerControlView: 🔘 POST bloğu sonrası (handleSeekButtonClick): focus=AppCompatSeekBar
12-07 00:28:47.139  8108  8108 D PlayerControlView: 🔍 dispatchKeyEvent: action=0, keyCode=22, focusedView=SeekBar
12-07 00:28:47.142  8108  8108 D PlayerControlView: 📊 SeekBar'da tuş basıldı: keyCode=22
12-07 00:28:47.142  8108  8108 D PlayerControlView: 🔘 handleSeekButtonClick başladı: amount=30s, focus önce=AppCompatSeekBar
12-07 00:28:47.142  8108  8108 D PlayerControlView: 🔘 handleSeekButtonClick: currentPosition=22s, newPosition=52s, newProgress=1, post bloğu çağrılıyor...
12-07 00:28:47.146  8108  8108 D PlayerControlView: 🔘 handleSeekButtonClick tamamlandı
12-07 00:28:47.146  8108  8108 D PlayerControlView: ⏩ SeekBar ileri: 30s
12-07 00:28:47.150  8108  8108 D PlayerControlView: 🔘 POST bloğu içinde (handleSeekButtonClick): focus=AppCompatSeekBar
12-07 00:28:47.151  8108  8108 D PlayerControlView: 🔘 POST bloğu sonrası (handleSeekButtonClick): focus=AppCompatSeekBar
12-07 00:28:47.190  8108  8108 D PlayerControlView: 🔍 dispatchKeyEvent: action=0, keyCode=22, focusedView=SeekBar
12-07 00:28:47.191  8108  8108 D PlayerControlView: 📊 SeekBar'da tuş basıldı: keyCode=22
12-07 00:28:47.191  8108  8108 D PlayerControlView: 🔘 handleSeekButtonClick başladı: amount=30s, focus önce=AppCompatSeekBar
12-07 00:28:47.193  8108  8108 D PlayerControlView: 🔘 handleSeekButtonClick: currentPosition=22s, newPosition=52s, newProgress=1, post bloğu çağrılıyor...
12-07 00:28:47.195  8108  8108 D PlayerControlView: 🔘 handleSeekButtonClick tamamlandı
12-07 00:28:47.197  8108  8108 D PlayerControlView: ⏩ SeekBar ileri: 30s
12-07 00:28:47.197  8108  8108 D PlayerControlView: 🔘 POST bloğu içinde (handleSeekButtonClick): focus=AppCompatSeekBar
12-07 00:28:47.199  8108  8108 D PlayerControlView: 🔘 POST bloğu sonrası (handleSeekButtonClick): focus=AppCompatSeekBar
12-07 00:28:47.242  8108  8108 D PlayerControlView: 🔍 dispatchKeyEvent: action=0, keyCode=22, focusedView=SeekBar
12-07 00:28:47.242  8108  8108 D PlayerControlView: 📊 SeekBar'da tuş basıldı: keyCode=22
12-07 00:28:47.242  8108  8108 D PlayerControlView: 🔘 handleSeekButtonClick başladı: amount=30s, focus önce=AppCompatSeekBar
12-07 00:28:47.243  8108  8108 D PlayerControlView: 🔘 handleSeekButtonClick: currentPosition=22s, newPosition=52s, newProgress=1, post bloğu çağrılıyor...
12-07 00:28:47.245  8108  8108 D PlayerControlView: 🔘 handleSeekButtonClick tamamlandı
12-07 00:28:47.245  8108  8108 D PlayerControlView: ⏩ SeekBar ileri: 30s
12-07 00:28:47.245  8108  8108 D PlayerControlView: 🔘 POST bloğu içinde (handleSeekButtonClick): focus=AppCompatSeekBar
12-07 00:28:47.246  8108  8108 D PlayerControlView: 🔘 POST bloğu sonrası (handleSeekButtonClick): focus=AppCompatSeekBar
12-07 00:28:47.303  8108  8108 D PlayerControlView: 🔍 dispatchKeyEvent: action=0, keyCode=22, focusedView=SeekBar
12-07 00:28:47.303  8108  8108 D PlayerControlView: 📊 SeekBar'da tuş basıldı: keyCode=22
12-07 00:28:47.303  8108  8108 D PlayerControlView: 🔘 handleSeekButtonClick başladı: amount=30s, focus önce=AppCompatSeekBar
12-07 00:28:47.303  8108  8108 D PlayerControlView: 🔘 handleSeekButtonClick: currentPosition=22s, newPosition=52s, newProgress=1, post bloğu çağrılıyor...
12-07 00:28:47.307  8108  8108 D PlayerControlView: 🔘 handleSeekButtonClick tamamlandı
12-07 00:28:47.307  8108  8108 D PlayerControlView: ⏩ SeekBar ileri: 30s
12-07 00:28:47.309  8108  8108 D PlayerControlView: 🔘 POST bloğu içinde (handleSeekButtonClick): focus=AppCompatSeekBar
12-07 00:28:47.310  8108  8108 D PlayerControlView: 🔘 POST bloğu sonrası (handleSeekButtonClick): focus=AppCompatSeekBar
12-07 00:28:47.352  8108  8108 D PlayerControlView: 🔍 dispatchKeyEvent: action=0, keyCode=22, focusedView=SeekBar
12-07 00:28:47.356  8108  8108 D PlayerControlView: 📊 SeekBar'da tuş basıldı: keyCode=22
12-07 00:28:47.357  8108  8108 D PlayerControlView: 🔘 handleSeekButtonClick başladı: amount=30s, focus önce=AppCompatSeekBar
12-07 00:28:47.358  8108  8108 D PlayerControlView: 🔘 handleSeekButtonClick: currentPosition=22s, newPosition=52s, newProgress=1, post bloğu çağrılıyor...
12-07 00:28:47.360  8108  8108 D PlayerControlView: 🔘 handleSeekButtonClick tamamlandı
12-07 00:28:47.361  8108  8108 D PlayerControlView: ⏩ SeekBar ileri: 30s
12-07 00:28:47.361  8108  8108 D PlayerControlView: 🔘 POST bloğu içinde (handleSeekButtonClick): focus=AppCompatSeekBar
12-07 00:28:47.363  8108  8108 D PlayerControlView: 🔘 POST bloğu sonrası (handleSeekButtonClick): focus=AppCompatSeekBar
12-07 00:28:47.403  8108  8108 D PlayerControlView: 🔍 dispatchKeyEvent: action=0, keyCode=22, focusedView=SeekBar
12-07 00:28:47.403  8108  8108 D PlayerControlView: 📊 SeekBar'da tuş basıldı: keyCode=22
12-07 00:28:47.404  8108  8108 D PlayerControlView: 🔘 handleSeekButtonClick başladı: amount=30s, focus önce=AppCompatSeekBar
12-07 00:28:47.405  8108  8108 D PlayerControlView: 🔘 handleSeekButtonClick: currentPosition=23s, newPosition=53s, newProgress=1, post bloğu çağrılıyor...
12-07 00:28:47.409  8108  8108 D PlayerControlView: 🔘 handleSeekButtonClick tamamlandı
12-07 00:28:47.410  8108  8108 D PlayerControlView: ⏩ SeekBar ileri: 30s
12-07 00:28:47.411  8108  8108 D PlayerControlView: 🔘 POST bloğu içinde (handleSeekButtonClick): focus=AppCompatSeekBar
12-07 00:28:47.412  8108  8108 D PlayerControlView: 🔘 POST bloğu sonrası (handleSeekButtonClick): focus=AppCompatSeekBar
12-07 00:28:47.456  8108  8108 D PlayerControlView: 🔍 dispatchKeyEvent: action=0, keyCode=22, focusedView=SeekBar
12-07 00:28:47.459  8108  8108 D PlayerControlView: 📊 SeekBar'da tuş basıldı: keyCode=22
12-07 00:28:47.468  8108  8108 D PlayerControlView: 🔘 handleSeekButtonClick başladı: amount=30s, focus önce=AppCompatSeekBar
12-07 00:28:47.471  8108  8108 D PlayerControlView: 🔘 handleSeekButtonClick: currentPosition=23s, newPosition=53s, newProgress=1, post bloğu çağrılıyor...
12-07 00:28:47.475  8108  8108 D PlayerControlView: 🔘 handleSeekButtonClick tamamlandı
12-07 00:28:47.477  8108  8108 D PlayerControlView: ⏩ SeekBar ileri: 30s
12-07 00:28:47.478  8108  8108 D PlayerControlView: 🔘 POST bloğu içinde (handleSeekButtonClick): focus=AppCompatSeekBar
12-07 00:28:47.482  8108  8108 D PlayerControlView: 🔘 POST bloğu sonrası (handleSeekButtonClick): focus=AppCompatSeekBar
12-07 00:28:47.512  8108  8108 D PlayerControlView: 🔍 dispatchKeyEvent: action=0, keyCode=22, focusedView=SeekBar
12-07 00:28:47.513  8108  8108 D PlayerControlView: 📊 SeekBar'da tuş basıldı: keyCode=22
12-07 00:28:47.515  8108  8108 D PlayerControlView: 🔘 handleSeekButtonClick başladı: amount=30s, focus önce=AppCompatSeekBar
12-07 00:28:47.522  8108  8108 D PlayerControlView: 🔘 handleSeekButtonClick: currentPosition=23s, newPosition=53s, newProgress=1, post bloğu çağrılıyor...
12-07 00:28:47.524  8108  8108 D PlayerControlView: 🔘 handleSeekButtonClick tamamlandı
12-07 00:28:47.525  8108  8108 D PlayerControlView: ⏩ SeekBar ileri: 30s
12-07 00:28:47.527  8108  8108 D PlayerControlView: 🔘 POST bloğu içinde (handleSeekButtonClick): focus=AppCompatSeekBar
12-07 00:28:47.530  8108  8108 D PlayerControlView: 🔘 POST bloğu sonrası (handleSeekButtonClick): focus=AppCompatSeekBar
12-07 00:28:47.566  8108  8108 D PlayerControlView: 🔍 dispatchKeyEvent: action=0, keyCode=22, focusedView=SeekBar
12-07 00:28:47.566  8108  8108 D PlayerControlView: 📊 SeekBar'da tuş basıldı: keyCode=22
12-07 00:28:47.566  8108  8108 D PlayerControlView: 🔘 handleSeekButtonClick başladı: amount=30s, focus önce=AppCompatSeekBar
12-07 00:28:47.566  8108  8108 D PlayerControlView: 🔘 handleSeekButtonClick: currentPosition=23s, newPosition=53s, newProgress=1, post bloğu çağrılıyor...
12-07 00:28:47.567  8108  8108 D PlayerControlView: 🔘 handleSeekButtonClick tamamlandı
12-07 00:28:47.568  8108  8108 D PlayerControlView: ⏩ SeekBar ileri: 30s
12-07 00:28:47.569  8108  8108 D PlayerControlView: 🔘 POST bloğu içinde (handleSeekButtonClick): focus=AppCompatSeekBar
12-07 00:28:47.570  8108  8108 D PlayerControlView: 🔘 POST bloğu sonrası (handleSeekButtonClick): focus=AppCompatSeekBar
12-07 00:28:47.615  8108  8108 D PlayerControlView: 🔍 dispatchKeyEvent: action=0, keyCode=22, focusedView=SeekBar
12-07 00:28:47.615  8108  8108 D PlayerControlView: 📊 SeekBar'da tuş basıldı: keyCode=22
12-07 00:28:47.615  8108  8108 D PlayerControlView: 🔘 handleSeekButtonClick başladı: amount=30s, focus önce=AppCompatSeekBar
12-07 00:28:47.616  8108  8108 D PlayerControlView: 🔘 handleSeekButtonClick: currentPosition=23s, newPosition=53s, newProgress=1, post bloğu çağrılıyor...
12-07 00:28:47.616  8108  8108 D PlayerControlView: 🔘 handleSeekButtonClick tamamlandı
12-07 00:28:47.616  8108  8108 D PlayerControlView: ⏩ SeekBar ileri: 30s
12-07 00:28:47.617  8108  8108 D PlayerControlView: 🔘 POST bloğu içinde (handleSeekButtonClick): focus=AppCompatSeekBar
12-07 00:28:47.617  8108  8108 D PlayerControlView: 🔘 POST bloğu sonrası (handleSeekButtonClick): focus=AppCompatSeekBar
12-07 00:28:47.668  8108  8108 D PlayerControlView: 🔍 dispatchKeyEvent: action=0, keyCode=22, focusedView=SeekBar
12-07 00:28:47.668  8108  8108 D PlayerControlView: 📊 SeekBar'da tuş basıldı: keyCode=22
12-07 00:28:47.668  8108  8108 D PlayerControlView: 🔘 handleSeekButtonClick başladı: amount=30s, focus önce=AppCompatSeekBar
12-07 00:28:47.670  8108  8108 D PlayerControlView: 🔘 handleSeekButtonClick: currentPosition=23s, newPosition=53s, newProgress=1, post bloğu çağrılıyor...
12-07 00:28:47.671  8108  8108 D PlayerControlView: 🔘 handleSeekButtonClick tamamlandı
12-07 00:28:47.671  8108  8108 D PlayerControlView: ⏩ SeekBar ileri: 30s
12-07 00:28:47.672  8108  8108 D PlayerControlView: 🔘 POST bloğu içinde (handleSeekButtonClick): focus=AppCompatSeekBar
12-07 00:28:47.673  8108  8108 D PlayerControlView: 🔘 POST bloğu sonrası (handleSeekButtonClick): focus=AppCompatSeekBar
12-07 00:28:47.722  8108  8108 D PlayerControlView: 🔍 dispatchKeyEvent: action=0, keyCode=22, focusedView=SeekBar
12-07 00:28:47.722  8108  8108 D PlayerControlView: 📊 SeekBar'da tuş basıldı: keyCode=22
12-07 00:28:47.722  8108  8108 D PlayerControlView: 🔘 handleSeekButtonClick başladı: amount=30s, focus önce=AppCompatSeekBar
12-07 00:28:47.722  8108  8108 D PlayerControlView: 🔘 handleSeekButtonClick: currentPosition=23s, newPosition=53s, newProgress=1, post bloğu çağrılıyor...
12-07 00:28:47.724  8108  8108 D PlayerControlView: 🔘 handleSeekButtonClick tamamlandı
12-07 00:28:47.724  8108  8108 D PlayerControlView: ⏩ SeekBar ileri: 30s
12-07 00:28:47.724  8108  8108 D PlayerControlView: 🔘 POST bloğu içinde (handleSeekButtonClick): focus=AppCompatSeekBar
12-07 00:28:47.725  8108  8108 D PlayerControlView: 🔘 POST bloğu sonrası (handleSeekButtonClick): focus=AppCompatSeekBar
12-07 00:28:47.774  8108  8108 D PlayerControlView: 🔍 dispatchKeyEvent: action=0, keyCode=22, focusedView=SeekBar
12-07 00:28:47.775  8108  8108 D PlayerControlView: 📊 SeekBar'da tuş basıldı: keyCode=22
12-07 00:28:47.775  8108  8108 D PlayerControlView: 🔘 handleSeekButtonClick başladı: amount=30s, focus önce=AppCompatSeekBar
12-07 00:28:47.775  8108  8108 D PlayerControlView: 🔘 handleSeekButtonClick: currentPosition=23s, newPosition=53s, newProgress=1, post bloğu çağrılıyor...
12-07 00:28:47.779  8108  8108 D PlayerControlView: 🔘 handleSeekButtonClick tamamlandı
12-07 00:28:47.779  8108  8108 D PlayerControlView: ⏩ SeekBar ileri: 30s
12-07 00:28:47.780  8108  8108 D PlayerControlView: 🔘 POST bloğu içinde (handleSeekButtonClick): focus=AppCompatSeekBar
12-07 00:28:47.781  8108  8108 D PlayerControlView: 🔘 POST bloğu sonrası (handleSeekButtonClick): focus=AppCompatSeekBar
12-07 00:28:47.825  8108  8108 D PlayerControlView: 🔍 dispatchKeyEvent: action=0, keyCode=22, focusedView=SeekBar
12-07 00:28:47.826  8108  8108 D PlayerControlView: 📊 SeekBar'da tuş basıldı: keyCode=22
12-07 00:28:47.826  8108  8108 D PlayerControlView: 🔘 handleSeekButtonClick başladı: amount=30s, focus önce=AppCompatSeekBar
12-07 00:28:47.826  8108  8108 D PlayerControlView: 🔘 handleSeekButtonClick: currentPosition=23s, newPosition=53s, newProgress=1, post bloğu çağrılıyor...
12-07 00:28:47.827  8108  8108 D PlayerControlView: 🔘 handleSeekButtonClick tamamlandı
12-07 00:28:47.827  8108  8108 D PlayerControlView: ⏩ SeekBar ileri: 30s
12-07 00:28:47.829  8108  8108 D PlayerControlView: 🔘 POST bloğu içinde (handleSeekButtonClick): focus=AppCompatSeekBar
12-07 00:28:47.829  8108  8108 D PlayerControlView: 🔘 POST bloğu sonrası (handleSeekButtonClick): focus=AppCompatSeekBar
12-07 00:28:47.883  8108  8108 D PlayerControlView: 🔍 dispatchKeyEvent: action=0, keyCode=22, focusedView=SeekBar
12-07 00:28:47.883  8108  8108 D PlayerControlView: 📊 SeekBar'da tuş basıldı: keyCode=22
12-07 00:28:47.883  8108  8108 D PlayerControlView: 🔘 handleSeekButtonClick başladı: amount=30s, focus önce=AppCompatSeekBar
12-07 00:28:47.883  8108  8108 D PlayerControlView: 🔘 handleSeekButtonClick: currentPosition=23s, newPosition=53s, newProgress=1, post bloğu çağrılıyor...
12-07 00:28:47.885  8108  8108 D PlayerControlView: 🔘 handleSeekButtonClick tamamlandı
12-07 00:28:47.885  8108  8108 D PlayerControlView: ⏩ SeekBar ileri: 30s
12-07 00:28:47.886  8108  8108 D PlayerControlView: 🔘 POST bloğu içinde (handleSeekButtonClick): focus=AppCompatSeekBar
12-07 00:28:47.887  8108  8108 D PlayerControlView: 🔘 POST bloğu sonrası (handleSeekButtonClick): focus=AppCompatSeekBar
12-07 00:28:47.935  8108  8108 D PlayerControlView: 🔍 dispatchKeyEvent: action=0, keyCode=22, focusedView=SeekBar
12-07 00:28:47.935  8108  8108 D PlayerControlView: 📊 SeekBar'da tuş basıldı: keyCode=22
12-07 00:28:47.935  8108  8108 D PlayerControlView: 🔘 handleSeekButtonClick başladı: amount=30s, focus önce=AppCompatSeekBar
12-07 00:28:47.935  8108  8108 D PlayerControlView: 🔘 handleSeekButtonClick: currentPosition=23s, newPosition=53s, newProgress=1, post bloğu çağrılıyor...
12-07 00:28:47.938  8108  8108 D PlayerControlView: 🔘 handleSeekButtonClick tamamlandı
12-07 00:28:47.939  8108  8108 D PlayerControlView: ⏩ SeekBar ileri: 30s
12-07 00:28:47.939  8108  8108 D PlayerControlView: 🔘 POST bloğu içinde (handleSeekButtonClick): focus=AppCompatSeekBar
12-07 00:28:47.940  8108  8108 D PlayerControlView: 🔘 POST bloğu sonrası (handleSeekButtonClick): focus=AppCompatSeekBar
12-07 00:28:47.986  8108  8108 D PlayerControlView: 🔍 dispatchKeyEvent: action=0, keyCode=22, focusedView=SeekBar
12-07 00:28:47.987  8108  8108 D PlayerControlView: 📊 SeekBar'da tuş basıldı: keyCode=22
12-07 00:28:47.987  8108  8108 D PlayerControlView: 🔘 handleSeekButtonClick başladı: amount=30s, focus önce=AppCompatSeekBar
12-07 00:28:47.987  8108  8108 D PlayerControlView: 🔘 handleSeekButtonClick: currentPosition=23s, newPosition=53s, newProgress=1, post bloğu çağrılıyor...
12-07 00:28:47.987  8108  8108 D PlayerControlView: 🔘 handleSeekButtonClick tamamlandı
12-07 00:28:47.988  8108  8108 D PlayerControlView: ⏩ SeekBar ileri: 30s
12-07 00:28:47.988  8108  8108 D PlayerControlView: 🔘 POST bloğu içinde (handleSeekButtonClick): focus=AppCompatSeekBar
12-07 00:28:47.989  8108  8108 D PlayerControlView: 🔘 POST bloğu sonrası (handleSeekButtonClick): focus=AppCompatSeekBar
12-07 00:28:48.037  8108  8108 D PlayerControlView: 🔍 dispatchKeyEvent: action=0, keyCode=22, focusedView=SeekBar
12-07 00:28:48.038  8108  8108 D PlayerControlView: 📊 SeekBar'da tuş basıldı: keyCode=22
12-07 00:28:48.038  8108  8108 D PlayerControlView: 🔘 handleSeekButtonClick başladı: amount=30s, focus önce=AppCompatSeekBar
12-07 00:28:48.038  8108  8108 D PlayerControlView: 🔘 handleSeekButtonClick: currentPosition=23s, newPosition=53s, newProgress=1, post bloğu çağrılıyor...
12-07 00:28:48.039  8108  8108 D PlayerControlView: 🔘 handleSeekButtonClick tamamlandı
12-07 00:28:48.039  8108  8108 D PlayerControlView: ⏩ SeekBar ileri: 30s
12-07 00:28:48.040  8108  8108 D PlayerControlView: 🔘 POST bloğu içinde (handleSeekButtonClick): focus=AppCompatSeekBar
12-07 00:28:48.040  8108  8108 D PlayerControlView: 🔘 POST bloğu sonrası (handleSeekButtonClick): focus=AppCompatSeekBar
12-07 00:28:48.090  8108  8108 D PlayerControlView: 🔍 dispatchKeyEvent: action=0, keyCode=22, focusedView=SeekBar
12-07 00:28:48.093  8108  8108 D PlayerControlView: 📊 SeekBar'da tuş basıldı: keyCode=22
12-07 00:28:48.098  8108  8108 D PlayerControlView: 🔘 handleSeekButtonClick başladı: amount=30s, focus önce=AppCompatSeekBar
12-07 00:28:48.099  8108  8108 D PlayerControlView: 🔘 handleSeekButtonClick: currentPosition=23s, newPosition=53s, newProgress=1, post bloğu çağrılıyor...
12-07 00:28:48.101  8108  8108 D PlayerControlView: 🔘 handleSeekButtonClick tamamlandı
12-07 00:28:48.102  8108  8108 D PlayerControlView: ⏩ SeekBar ileri: 30s
12-07 00:28:48.105  8108  8108 D PlayerControlView: 🔘 POST bloğu içinde (handleSeekButtonClick): focus=AppCompatSeekBar
12-07 00:28:48.106  8108  8108 D PlayerControlView: 🔘 POST bloğu sonrası (handleSeekButtonClick): focus=AppCompatSeekBar
12-07 00:28:48.139  8108  8108 D PlayerControlView: 🔍 dispatchKeyEvent: action=0, keyCode=22, focusedView=SeekBar
12-07 00:28:48.139  8108  8108 D PlayerControlView: 📊 SeekBar'da tuş basıldı: keyCode=22
12-07 00:28:48.139  8108  8108 D PlayerControlView: 🔘 handleSeekButtonClick başladı: amount=30s, focus önce=AppCompatSeekBar
12-07 00:28:48.140  8108  8108 D PlayerControlView: 🔘 handleSeekButtonClick: currentPosition=23s, newPosition=53s, newProgress=1, post bloğu çağrılıyor...
12-07 00:28:48.141  8108  8108 D PlayerControlView: 🔘 handleSeekButtonClick tamamlandı
12-07 00:28:48.141  8108  8108 D PlayerControlView: ⏩ SeekBar ileri: 30s
12-07 00:28:48.142  8108  8108 D PlayerControlView: 🔘 POST bloğu içinde (handleSeekButtonClick): focus=AppCompatSeekBar
12-07 00:28:48.142  8108  8108 D PlayerControlView: 🔘 POST bloğu sonrası (handleSeekButtonClick): focus=AppCompatSeekBar
12-07 00:28:48.190  8108  8108 D PlayerControlView: 🔍 dispatchKeyEvent: action=0, keyCode=22, focusedView=SeekBar
12-07 00:28:48.191  8108  8108 D PlayerControlView: 📊 SeekBar'da tuş basıldı: keyCode=22
12-07 00:28:48.191  8108  8108 D PlayerControlView: 🔘 handleSeekButtonClick başladı: amount=30s, focus önce=AppCompatSeekBar
12-07 00:28:48.191  8108  8108 D PlayerControlView: 🔘 handleSeekButtonClick: currentPosition=23s, newPosition=53s, newProgress=1, post bloğu çağrılıyor...
12-07 00:28:48.191  8108  8108 D PlayerControlView: 🔘 handleSeekButtonClick tamamlandı
12-07 00:28:48.194  8108  8108 D PlayerControlView: ⏩ SeekBar ileri: 30s
12-07 00:28:48.195  8108  8108 D PlayerControlView: 🔘 POST bloğu içinde (handleSeekButtonClick): focus=AppCompatSeekBar
12-07 00:28:48.195  8108  8108 D PlayerControlView: 🔘 POST bloğu sonrası (handleSeekButtonClick): focus=AppCompatSeekBar
12-07 00:28:48.243  8108  8108 D PlayerControlView: 🔍 dispatchKeyEvent: action=0, keyCode=22, focusedView=SeekBar
12-07 00:28:48.243  8108  8108 D PlayerControlView: 📊 SeekBar'da tuş basıldı: keyCode=22
12-07 00:28:48.243  8108  8108 D PlayerControlView: 🔘 handleSeekButtonClick başladı: amount=30s, focus önce=AppCompatSeekBar
12-07 00:28:48.244  8108  8108 D PlayerControlView: 🔘 handleSeekButtonClick: currentPosition=23s, newPosition=53s, newProgress=1, post bloğu çağrılıyor...
12-07 00:28:48.246  8108  8108 D PlayerControlView: 🔘 handleSeekButtonClick tamamlandı
12-07 00:28:48.247  8108  8108 D PlayerControlView: ⏩ SeekBar ileri: 30s
12-07 00:28:48.248  8108  8108 D PlayerControlView: 🔘 POST bloğu içinde (handleSeekButtonClick): focus=AppCompatSeekBar
12-07 00:28:48.249  8108  8108 D PlayerControlView: 🔘 POST bloğu sonrası (handleSeekButtonClick): focus=AppCompatSeekBar
12-07 00:28:48.295  8108  8108 D PlayerControlView: 🔍 dispatchKeyEvent: action=0, keyCode=22, focusedView=SeekBar
12-07 00:28:48.296  8108  8108 D PlayerControlView: 📊 SeekBar'da tuş basıldı: keyCode=22
12-07 00:28:48.305  8108  8108 D PlayerControlView: 🔘 handleSeekButtonClick başladı: amount=30s, focus önce=AppCompatSeekBar
12-07 00:28:48.306  8108  8108 D PlayerControlView: 🔘 handleSeekButtonClick: currentPosition=23s, newPosition=53s, newProgress=1, post bloğu çağrılıyor...
12-07 00:28:48.309  8108  8108 D PlayerControlView: 🔘 handleSeekButtonClick tamamlandı
12-07 00:28:48.309  8108  8108 D PlayerControlView: ⏩ SeekBar ileri: 30s
12-07 00:28:48.309  8108  8108 D PlayerControlView: 🔘 POST bloğu içinde (handleSeekButtonClick): focus=AppCompatSeekBar
12-07 00:28:48.310  8108  8108 D PlayerControlView: 🔘 POST bloğu sonrası (handleSeekButtonClick): focus=AppCompatSeekBar
12-07 00:28:48.348  8108  8108 D PlayerControlView: 🔍 dispatchKeyEvent: action=0, keyCode=22, focusedView=SeekBar
12-07 00:28:48.349  8108  8108 D PlayerControlView: 📊 SeekBar'da tuş basıldı: keyCode=22
12-07 00:28:48.350  8108  8108 D PlayerControlView: 🔘 handleSeekButtonClick başladı: amount=30s, focus önce=AppCompatSeekBar
12-07 00:28:48.350  8108  8108 D PlayerControlView: 🔘 handleSeekButtonClick: currentPosition=23s, newPosition=53s, newProgress=1, post bloğu çağrılıyor...
12-07 00:28:48.351  8108  8108 D PlayerControlView: 🔘 handleSeekButtonClick tamamlandı
12-07 00:28:48.351  8108  8108 D PlayerControlView: ⏩ SeekBar ileri: 30s
12-07 00:28:48.352  8108  8108 D PlayerControlView: 🔘 POST bloğu içinde (handleSeekButtonClick): focus=AppCompatSeekBar
12-07 00:28:48.353  8108  8108 D PlayerControlView: 🔘 POST bloğu sonrası (handleSeekButtonClick): focus=AppCompatSeekBar
12-07 00:28:48.400  8108  8108 D PlayerControlView: 🔍 dispatchKeyEvent: action=0, keyCode=22, focusedView=SeekBar
12-07 00:28:48.400  8108  8108 D PlayerControlView: 📊 SeekBar'da tuş basıldı: keyCode=22
12-07 00:28:48.400  8108  8108 D PlayerControlView: 🔘 handleSeekButtonClick başladı: amount=30s, focus önce=AppCompatSeekBar
12-07 00:28:48.400  8108  8108 D PlayerControlView: 🔘 handleSeekButtonClick: currentPosition=24s, newPosition=54s, newProgress=1, post bloğu çağrılıyor...
12-07 00:28:48.401  8108  8108 D PlayerControlView: 🔘 handleSeekButtonClick tamamlandı
12-07 00:28:48.405  8108  8108 D PlayerControlView: ⏩ SeekBar ileri: 30s
12-07 00:28:48.405  8108  8108 D PlayerControlView: 🔘 POST bloğu içinde (handleSeekButtonClick): focus=AppCompatSeekBar
12-07 00:28:48.407  8108  8108 D PlayerControlView: 🔘 POST bloğu sonrası (handleSeekButtonClick): focus=AppCompatSeekBar
12-07 00:28:48.453  8108  8108 D PlayerControlView: 🔍 dispatchKeyEvent: action=0, keyCode=22, focusedView=SeekBar
12-07 00:28:48.453  8108  8108 D PlayerControlView: 📊 SeekBar'da tuş basıldı: keyCode=22
12-07 00:28:48.453  8108  8108 D PlayerControlView: 🔘 handleSeekButtonClick başladı: amount=30s, focus önce=AppCompatSeekBar
12-07 00:28:48.459  8108  8108 D PlayerControlView: 🔘 handleSeekButtonClick: currentPosition=24s, newPosition=54s, newProgress=1, post bloğu çağrılıyor...
12-07 00:28:48.470  8108  8108 D PlayerControlView: 🔘 handleSeekButtonClick tamamlandı
12-07 00:28:48.470  8108  8108 D PlayerControlView: ⏩ SeekBar ileri: 30s
12-07 00:28:48.470  8108  8108 D PlayerControlView: 🔘 POST bloğu içinde (handleSeekButtonClick): focus=AppCompatSeekBar
12-07 00:28:48.473  8108  8108 D PlayerControlView: 🔘 POST bloğu sonrası (handleSeekButtonClick): focus=AppCompatSeekBar
12-07 00:28:48.507  8108  8108 D PlayerControlView: 🔍 dispatchKeyEvent: action=0, keyCode=22, focusedView=SeekBar
12-07 00:28:48.507  8108  8108 D PlayerControlView: 📊 SeekBar'da tuş basıldı: keyCode=22
12-07 00:28:48.508  8108  8108 D PlayerControlView: 🔘 handleSeekButtonClick başladı: amount=30s, focus önce=AppCompatSeekBar
12-07 00:28:48.508  8108  8108 D PlayerControlView: 🔘 handleSeekButtonClick: currentPosition=24s, newPosition=54s, newProgress=1, post bloğu çağrılıyor...
12-07 00:28:48.510  8108  8108 D PlayerControlView: 🔘 handleSeekButtonClick tamamlandı
12-07 00:28:48.511  8108  8108 D PlayerControlView: ⏩ SeekBar ileri: 30s
12-07 00:28:48.517  8108  8108 D PlayerControlView: 🔘 POST bloğu içinde (handleSeekButtonClick): focus=AppCompatSeekBar
12-07 00:28:48.522  8108  8108 D PlayerControlView: 🔘 POST bloğu sonrası (handleSeekButtonClick): focus=AppCompatSeekBar
12-07 00:28:48.559  8108  8108 D PlayerControlView: 🔍 dispatchKeyEvent: action=0, keyCode=22, focusedView=SeekBar
12-07 00:28:48.560  8108  8108 D PlayerControlView: 📊 SeekBar'da tuş basıldı: keyCode=22
12-07 00:28:48.560  8108  8108 D PlayerControlView: 🔘 handleSeekButtonClick başladı: amount=30s, focus önce=AppCompatSeekBar
12-07 00:28:48.560  8108  8108 D PlayerControlView: 🔘 handleSeekButtonClick: currentPosition=24s, newPosition=54s, newProgress=1, post bloğu çağrılıyor...
12-07 00:28:48.561  8108  8108 D PlayerControlView: 🔘 handleSeekButtonClick tamamlandı
12-07 00:28:48.562  8108  8108 D PlayerControlView: ⏩ SeekBar ileri: 30s
12-07 00:28:48.565  8108  8108 D PlayerControlView: 🔘 POST bloğu içinde (handleSeekButtonClick): focus=AppCompatSeekBar
12-07 00:28:48.566  8108  8108 D PlayerControlView: 🔘 POST bloğu sonrası (handleSeekButtonClick): focus=AppCompatSeekBar
12-07 00:28:48.608  8108  8108 D PlayerControlView: 🔍 dispatchKeyEvent: action=0, keyCode=22, focusedView=SeekBar
12-07 00:28:48.608  8108  8108 D PlayerControlView: 📊 SeekBar'da tuş basıldı: keyCode=22
12-07 00:28:48.608  8108  8108 D PlayerControlView: 🔘 handleSeekButtonClick başladı: amount=30s, focus önce=AppCompatSeekBar
12-07 00:28:48.610  8108  8108 D PlayerControlView: 🔘 handleSeekButtonClick: currentPosition=24s, newPosition=54s, newProgress=1, post bloğu çağrılıyor...
12-07 00:28:48.613  8108  8108 D PlayerControlView: 🔘 handleSeekButtonClick tamamlandı
12-07 00:28:48.614  8108  8108 D PlayerControlView: ⏩ SeekBar ileri: 30s
12-07 00:28:48.614  8108  8108 D PlayerControlView: 🔘 POST bloğu içinde (handleSeekButtonClick): focus=AppCompatSeekBar
12-07 00:28:48.616  8108  8108 D PlayerControlView: 🔘 POST bloğu sonrası (handleSeekButtonClick): focus=AppCompatSeekBar
12-07 00:28:48.661  8108  8108 D PlayerControlView: 🔍 dispatchKeyEvent: action=0, keyCode=22, focusedView=SeekBar
12-07 00:28:48.661  8108  8108 D PlayerControlView: 📊 SeekBar'da tuş basıldı: keyCode=22
12-07 00:28:48.663  8108  8108 D PlayerControlView: 🔘 handleSeekButtonClick başladı: amount=30s, focus önce=AppCompatSeekBar
12-07 00:28:48.666  8108  8108 D PlayerControlView: 🔘 handleSeekButtonClick: currentPosition=24s, newPosition=54s, newProgress=1, post bloğu çağrılıyor...
12-07 00:28:48.667  8108  8108 D PlayerControlView: 🔘 handleSeekButtonClick tamamlandı
12-07 00:28:48.668  8108  8108 D PlayerControlView: ⏩ SeekBar ileri: 30s
12-07 00:28:48.669  8108  8108 D PlayerControlView: 🔘 POST bloğu içinde (handleSeekButtonClick): focus=AppCompatSeekBar
12-07 00:28:48.675  8108  8108 D PlayerControlView: 🔘 POST bloğu sonrası (handleSeekButtonClick): focus=AppCompatSeekBar
12-07 00:28:48.712  8108  8108 D PlayerControlView: 🔍 dispatchKeyEvent: action=0, keyCode=22, focusedView=SeekBar
