12-06 22:46:05.852 D/PlayerControlView( 4661): 🎮 Buton durumu güncellendi: isPlaying=false
12-06 22:46:05.855 D/PlayerActivity( 4661): 🎬 Video URL: http://global3b.xyz:8080/movie/suayuk/nDUAR2DW66ec1/728314.mp4, Content ID: movie_728314
12-06 22:46:05.855 D/PlayerViewModel( 4661): 🎬 playVideo çağrıldı: url=http://global3b.xyz:8080/movie/suayuk/nDUAR2DW66ec1/728314.mp4, contentId=movie_728314
12-06 22:46:05.855 D/PlayerViewModel( 4661): 🔍 Player null mu? false
12-06 22:46:05.855 D/PlayerViewModel( 4661): 📺 MediaItem oluşturuldu: http://global3b.xyz:8080/movie/suayuk/nDUAR2DW66ec1/728314.mp4
12-06 22:46:05.873 D/PlayerViewModel( 4661): ✅ Player prepare() çağrıldı
12-06 22:46:05.873 D/PlayerViewModel( 4661): 🎮 player?.play() çağrılıyor (hemen)...
12-06 22:46:05.874 D/PlayerViewModel( 4661): ✅ player?.play() çağrıldı, playbackState: 2
12-06 22:46:05.874 D/PlayerViewModel( 4661): 🔍 contentId var, coroutine başlatılıyor: movie_728314
12-06 22:46:05.875 D/PlayerViewModel$playVideo( 4661): 🔍 Coroutine başladı, playback position kontrol ediliyor...
12-06 22:46:05.880 D/PlayerActivity( 4661): 🔍 onStart: ExoPlayer null mu? false
12-06 22:46:05.885 D/PlayerActivity( 4661): ✅ ExoPlayer PlayerView'a atandı
12-06 22:46:05.907 D/CoreBackPreview(  676): Window{ce347dd u0 com.pnr.tv/com.pnr.tv.PlayerActivity}: Setting back callback OnBackInvokedCallbackInfo{mCallback=android.window.IOnBackInvokedCallback$Stub$Proxy@a298223, mPriority=0, mIsAnimationCallback=false, mOverrideBehavior=0}
12-06 22:46:06.019 I/ActivityTaskManager(  676): Displayed com.pnr.tv/.PlayerActivity for user 0: +602ms
12-06 22:46:06.025 V/WindowManagerShell( 1156):         {m=OPEN f=FILLS_TASK leash=Surface(name=ActivityRecord{99264051 u0 com.pnr.tv/.PlayerActivity)/@0x80ca8c6 sb=Rect(0, 0 - 0, 0) eb=Rect(0, 0 - 3840, 2160) epz=Point(3840, 2160) d=-1->0 r=-1->0:-1 bc=ff303030 component=com.pnr.tv/.PlayerActivity opt={t=FROM_STYLE mUserId=0}},
12-06 22:46:06.025 V/WindowManagerShell( 1156):         {m=TO_BACK f=FILLS_TASK leash=Surface(name=ActivityRecord{7818233 u0 com.pnr.tv/.MainActivity)/@0x7f46087 sb=Rect(0, 0 - 3840, 2160) eb=Rect(0, 0 - 3840, 2160) epz=Point(3840, 2160) d=0 bc=ff303030 component=com.pnr.tv/.MainActivity opt={t=FROM_STYLE mUserId=0}}
12-06 22:46:06.032 V/WindowManager(  676): Sent Transition (#16) createdAt=12-06 22:46:05.416 via request=TransitionRequestInfo { type = OPEN, triggerTask = TaskInfo{userId=0 taskId=7 effectiveUid=10092 displayId=0 isRunning=true baseIntent=Intent { act=android.intent.action.MAIN cat=[android.intent.category.LEANBACK_LAUNCHER] flg=0x10000000 cmp=com.pnr.tv/.MainActivity } baseActivity=ComponentInfo{com.pnr.tv/com.pnr.tv.MainActivity} topActivity=ComponentInfo{com.pnr.tv/com.pnr.tv.PlayerActivity} origActivity=null realActivity=ComponentInfo{com.pnr.tv/com.pnr.tv.MainActivity} numActivities=2 lastActiveTime=4021429 supportsMultiWindow=false resizeMode=1 isResizeable=true minWidth=-1 minHeight=-1 defaultMinSize=220 token=WCT{RemoteToken{71c547 Task{d889ddd #7 type=standard A=10092:com.pnr.tv}}} topActivityType=1 pictureInPictureParams=null shouldDockBigOverlays=true launchIntoPipHostTaskId=-1 lastParentTaskIdBeforePip=-1 displayCutoutSafeInsets=Rect(0, 0 - 0, 0) topActivityInfo=ActivityInfo{8ed46aa com.pnr.tv.PlayerActivity} launchCookies=[] positionInParent=Point(0, 0) parentTaskId=-1 isFocused=true isVisible=true isVisibleRequested=true isTopActivityNoDisplay=false isSleeping=false locusId=null displayAreaFeatureId=1 isTopActivityTransparent=false isActivityStackTransparent=false lastNonFullscreenBounds=Rect(1374, 108 - 2467, 2052) capturedLink=null capturedLinkTimestamp=0 requestedVisibleTypes=-9 topActivityRequestOpenInBrowserEducationTimestamp=0 appCompatTaskInfo=AppCompatTaskInfo { topActivityInSizeCompat=false eligibleForLetterboxEducation= false isLetterboxEducationEnabled= false isLetterboxDoubleTapEnabled= false eligibleForUserAspectRatioButton= false topActivityBoundsLetterboxed= false isFromLetterboxDoubleTap= false topActivityLetterboxVerticalPosition= -1 topActivityLetterboxHorizontalPosition= -1 topActivityLetterboxWidth=-1 topActivityLetterboxHeight=-1 topActivityAppBounds=Rect(0, 0 - 3840, 2160) isUserFullscreenOverrideEnabled=false isSystemFullscreenOverrideEnabled=false hasMinAspectRatioOverride=false topActivityLetterboxBounds=null cameraCompatTaskInfo=CameraCompatTaskInfo { freeformCameraCompatMode=inactive}} topActivityMainWindowFrame=null}, pipChange = null, remoteTransition = null, displayChange = null, flags = 0, debugId = 16 }
12-06 22:46:06.032 V/WindowManager(  676):         {m=OPEN f=FILLS_TASK leash=Surface(name=ActivityRecord{99264051 u0 com.pnr.tv/.PlayerActivity)/@0xf2b714c sb=Rect(0, 0 - 0, 0) eb=Rect(0, 0 - 3840, 2160) epz=Point(3840, 2160) d=-1->0 r=-1->0:-1 bc=ff303030 component=com.pnr.tv/.PlayerActivity opt={t=FROM_STYLE mUserId=0}},
12-06 22:46:06.032 V/WindowManager(  676):         {m=TO_BACK f=FILLS_TASK leash=Surface(name=ActivityRecord{7818233 u0 com.pnr.tv/.MainActivity)/@0x1881d7f sb=Rect(0, 0 - 3840, 2160) eb=Rect(0, 0 - 3840, 2160) epz=Point(3840, 2160) d=0 bc=ff303030 component=com.pnr.tv/.MainActivity opt={t=FROM_STYLE mUserId=0}}
12-06 22:46:06.032 V/WindowManagerShell( 1156): Transition doesn't have explicit remote, search filters for match for {id=16 t=OPEN f=0x0 trk=0 r=[0@Point(0, 0)] c=[{m=OPEN f=FILLS_TASK leash=Surface(name=ActivityRecord{99264051 u0 com.pnr.tv/.PlayerActivity)/@0x80ca8c6 sb=Rect(0, 0 - 0, 0) eb=Rect(0, 0 - 3840, 2160) epz=Point(3840, 2160) d=-1->0 r=-1->0:-1 bc=ff303030 component=com.pnr.tv/.PlayerActivity opt={t=FROM_STYLE mUserId=0}},{m=TO_BACK f=FILLS_TASK leash=Surface(name=ActivityRecord{7818233 u0 com.pnr.tv/.MainActivity)/@0x7f46087 sb=Rect(0, 0 - 3840, 2160) eb=Rect(0, 0 - 3840, 2160) epz=Point(3840, 2160) d=0 bc=ff303030 component=com.pnr.tv/.MainActivity opt={t=FROM_STYLE mUserId=0}}]}
12-06 22:46:06.036 D/PlayerViewModel$playVideo( 4661): 🔍 Saved position: null
12-06 22:46:06.036 D/PlayerViewModel$playVideo( 4661): ▶️ Yeni video, baştan başlatılıyor
12-06 22:46:06.037 V/WindowManagerShell( 1156): start default transition animation, info = {id=16 t=OPEN f=0x0 trk=0 r=[0@Point(0, 0)] c=[{m=OPEN f=FILLS_TASK leash=Surface(name=ActivityRecord{99264051 u0 com.pnr.tv/.PlayerActivity)/@0x80ca8c6 sb=Rect(0, 0 - 0, 0) eb=Rect(0, 0 - 3840, 2160) epz=Point(3840, 2160) d=-1->0 r=-1->0:-1 bc=ff303030 component=com.pnr.tv/.PlayerActivity opt={t=FROM_STYLE mUserId=0}},{m=TO_BACK f=FILLS_TASK leash=Surface(name=ActivityRecord{7818233 u0 com.pnr.tv/.MainActivity)/@0x7f46087 sb=Rect(0, 0 - 3840, 2160) eb=Rect(0, 0 - 3840, 2160) epz=Point(3840, 2160) d=0 bc=ff303030 component=com.pnr.tv/.MainActivity opt={t=FROM_STYLE mUserId=0}}]}
12-06 22:46:06.102 I/ImeTracker(  676): com.pnr.tv:21960901: onRequestHide at ORIGIN_SERVER reason HIDE_UNSPECIFIED_WINDOW fromUser false
12-06 22:46:06.104 I/ImeTracker( 4661): com.pnr.tv:21960901: onCancelled at PHASE_CLIENT_ALREADY_HIDDEN
12-06 22:46:06.114 I/GoogleInputMethodService( 2056): GoogleInputMethodService.onStartInput():1345 onStartInput(EditorInfo{EditorInfo{packageName=com.pnr.tv, inputType=0, inputTypeString=NULL, enableLearning=false, autoCorrection=false, autoComplete=false, imeOptions=0, privateImeOptions=null, actionName=UNSPECIFIED, actionLabel=null, initialSelStart=-1, initialSelEnd=-1, initialCapsMode=0, label=null, fieldId=0, fieldName=null, extras=null, hintText=null, hintLocales=[]}}, false)
12-06 22:46:06.120 W/PackageConfigPersister(  676): App-specific configuration not found for packageName: com.pnr.tv and userId: 0
12-06 22:46:10.945 E/com.pnr.tv( 4661): Failed to query component interface for required system resources: 6
12-06 22:46:11.286 E/com.pnr.tv( 4661): Failed to query component interface for required system resources: 6
12-06 22:46:11.776 E/AppOps  (  676): attributionTag  not declared in manifest of com.pnr.tv
12-06 22:46:11.777 E/AppOps  (  676): attributionTag  not declared in manifest of com.pnr.tv
12-06 22:46:11.782 D/PlayerControlView( 4661): 🎮 Buton durumu güncellendi: isPlaying=true
12-06 22:46:12.748 D/PlayerActivity( 4661): 🎮 Tuş basıldı: keyCode=19
12-06 22:46:12.748 D/PlayerActivity( 4661): 📱 Kontrol paneli gösteriliyor...
12-06 22:46:12.748 D/PlayerActivity( 4661): 🔍 playerControlView null mu? false
12-06 22:46:12.749 D/PlayerControlView( 4661): 🎛️ showControls() çağrıldı
12-06 22:46:12.749 D/PlayerControlView( 4661): 🔍 showControls: visibility=8, isFirstPanelOpen=true
12-06 22:46:12.749 D/PlayerControlView( 4661): 🔍 showControls: isFirstOpen=true
12-06 22:46:12.749 D/PlayerControlView( 4661): ▶️ Panel gösteriliyor ve animasyon başlatılıyor
12-06 22:46:12.751 D/PlayerControlView( 4661): 🔍 Visibility ayarlandı: parent=0, top=0, bottom=0
12-06 22:46:12.751 D/PlayerControlView( 4661): 🔍 Elevation: 20.0, Parent: ConstraintLayout
12-06 22:46:12.757 D/PlayerControlView( 4661): ✅ Panel gösterildi, 8 saniye sonra otomatik gizlenecek
12-06 22:46:12.773 D/PlayerControlView( 4661): 🔍 Child view boyutları:
12-06 22:46:12.774 D/PlayerControlView( 4661):   - panelTopSection: 3840x160, visibility=0
12-06 22:46:12.774 D/PlayerControlView( 4661):   - panelBottomSection: 3840x480, visibility=0
12-06 22:46:12.774 D/PlayerControlView( 4661):   - txtContentTitle: 603x76, visibility=0, text='Altered - 2025  •  6.6 ⭐'
12-06 22:46:12.774 D/PlayerControlView( 4661):   - seekbarProgress: 3712x16, visibility=0
12-06 22:46:12.775 D/PlayerControlView( 4661):   - btnPlay: 0x0, visibility=8
12-06 22:46:12.775 D/PlayerControlView( 4661):   - btnStop: 192x192, visibility=0
12-06 22:46:12.790 I/GoogleInputMethodService( 2056): GoogleInputMethodService.onStartInput():1345 onStartInput(EditorInfo{EditorInfo{packageName=com.pnr.tv, inputType=0, inputTypeString=NULL, enableLearning=false, autoCorrection=false, autoComplete=false, imeOptions=0, privateImeOptions=null, actionName=UNSPECIFIED, actionLabel=null, initialSelStart=-1, initialSelEnd=-1, initialCapsMode=0, label=null, fieldId=0, fieldName=null, extras=null, hintText=null, hintLocales=[]}}, false)
12-06 22:46:12.795 W/PackageConfigPersister(  676): App-specific configuration not found for packageName: com.pnr.tv and userId: 0
12-06 22:46:13.058 D/PlayerControlView$showControls( 4661): 🎯 İlk açılış: Stop butonuna focus verildi
12-06 22:46:13.263 D/PlayerControlView$showControls$2$onAnimationEnd( 4661): ✅ İlk focus süresi bitti, click aktif
12-06 22:46:14.402 D/PlayerActivity( 4661): 🎮 Tuş basıldı: keyCode=22
12-06 22:46:14.402 D/PlayerActivity( 4661): 📱 Kontrol paneli gösteriliyor...
12-06 22:46:14.402 D/PlayerActivity( 4661): 🔍 playerControlView null mu? false
12-06 22:46:14.403 D/PlayerControlView( 4661): 🎛️ showControls() çağrıldı
12-06 22:46:14.403 D/PlayerControlView( 4661): 🔍 showControls: visibility=0, isFirstPanelOpen=false
12-06 22:46:14.403 D/PlayerControlView( 4661): 🔍 showControls: isFirstOpen=false
12-06 22:46:14.403 D/PlayerControlView( 4661): ℹ️ Panel zaten görünür, sayaç sıfırlanıyor
12-06 22:46:15.072 D/PlayerActivity( 4661): 🎮 Tuş basıldı: keyCode=22
12-06 22:46:15.072 D/PlayerActivity( 4661): 📱 Kontrol paneli gösteriliyor...
12-06 22:46:15.072 D/PlayerActivity( 4661): 🔍 playerControlView null mu? false
12-06 22:46:15.073 D/PlayerControlView( 4661): 🎛️ showControls() çağrıldı
12-06 22:46:15.073 D/PlayerControlView( 4661): 🔍 showControls: visibility=0, isFirstPanelOpen=false
12-06 22:46:15.073 D/PlayerControlView( 4661): 🔍 showControls: isFirstOpen=false
12-06 22:46:15.073 D/PlayerControlView( 4661): ℹ️ Panel zaten görünür, sayaç sıfırlanıyor
12-06 22:46:15.495 D/PlayerActivity( 4661): 🎮 Tuş basıldı: keyCode=22
12-06 22:46:15.495 D/PlayerActivity( 4661): 📱 Kontrol paneli gösteriliyor...
12-06 22:46:15.495 D/PlayerActivity( 4661): 🔍 playerControlView null mu? false
12-06 22:46:15.497 D/PlayerControlView( 4661): 🎛️ showControls() çağrıldı
12-06 22:46:15.497 D/PlayerControlView( 4661): 🔍 showControls: visibility=0, isFirstPanelOpen=false
12-06 22:46:15.498 D/PlayerControlView( 4661): 🔍 showControls: isFirstOpen=false
12-06 22:46:15.498 D/PlayerControlView( 4661): ℹ️ Panel zaten görünür, sayaç sıfırlanıyor
12-06 22:46:16.829 I/com.pnr.tv( 4661): Background concurrent mark compact GC freed 3219KB AllocSpace bytes, 19(5592KB) LOS objects, 35% free, 42MB/66MB, paused 6.861ms,1.904ms total 56.011ms
12-06 22:46:18.211 D/PlayerActivity( 4661): 🎮 Tuş basıldı: keyCode=19
12-06 22:46:18.211 D/PlayerActivity( 4661): 📱 Kontrol paneli gösteriliyor...
12-06 22:46:18.211 D/PlayerActivity( 4661): 🔍 playerControlView null mu? false
12-06 22:46:18.211 D/PlayerControlView( 4661): 🎛️ showControls() çağrıldı
12-06 22:46:18.212 D/PlayerControlView( 4661): 🔍 showControls: visibility=0, isFirstPanelOpen=false
12-06 22:46:18.212 D/PlayerControlView( 4661): 🔍 showControls: isFirstOpen=false
12-06 22:46:18.218 D/PlayerControlView( 4661): ℹ️ Panel zaten görünür, sayaç sıfırlanıyor
12-06 22:46:20.832 D/PlayerActivity( 4661): 🎮 Tuş basıldı: keyCode=20
12-06 22:46:20.835 D/PlayerActivity( 4661): 📱 Kontrol paneli gösteriliyor...
12-06 22:46:20.836 D/PlayerActivity( 4661): 🔍 playerControlView null mu? false
12-06 22:46:20.836 D/PlayerControlView( 4661): 🎛️ showControls() çağrıldı
12-06 22:46:20.837 D/PlayerControlView( 4661): 🔍 showControls: visibility=0, isFirstPanelOpen=false
12-06 22:46:20.837 D/PlayerControlView( 4661): 🔍 showControls: isFirstOpen=false
12-06 22:46:20.837 D/PlayerControlView( 4661): ℹ️ Panel zaten görünür, sayaç sıfırlanıyor
12-06 22:46:22.005 D/PlayerActivity( 4661): 🎮 Tuş basıldı: keyCode=21
12-06 22:46:22.005 D/PlayerActivity( 4661): 📱 Kontrol paneli gösteriliyor...
12-06 22:46:22.005 D/PlayerActivity( 4661): 🔍 playerControlView null mu? false
12-06 22:46:22.007 D/PlayerControlView( 4661): 🎛️ showControls() çağrıldı
12-06 22:46:22.007 D/PlayerControlView( 4661): 🔍 showControls: visibility=0, isFirstPanelOpen=false
12-06 22:46:22.007 D/PlayerControlView( 4661): 🔍 showControls: isFirstOpen=false
12-06 22:46:22.008 D/PlayerControlView( 4661): ℹ️ Panel zaten görünür, sayaç sıfırlanıyor
12-06 22:46:24.585 D/PlayerActivity( 4661): 🎮 Tuş basıldı: keyCode=20
12-06 22:46:24.585 D/PlayerActivity( 4661): 📱 Kontrol paneli gösteriliyor...
12-06 22:46:24.585 D/PlayerActivity( 4661): 🔍 playerControlView null mu? false
12-06 22:46:24.586 D/PlayerControlView( 4661): 🎛️ showControls() çağrıldı
12-06 22:46:24.586 D/PlayerControlView( 4661): 🔍 showControls: visibility=0, isFirstPanelOpen=false
12-06 22:46:24.586 D/PlayerControlView( 4661): 🔍 showControls: isFirstOpen=false
12-06 22:46:24.586 D/PlayerControlView( 4661): ℹ️ Panel zaten görünür, sayaç sıfırlanıyor
12-06 22:46:25.644 D/PlayerActivity( 4661): 🎮 Tuş basıldı: keyCode=22
12-06 22:46:25.645 D/PlayerActivity( 4661): 📱 Kontrol paneli gösteriliyor...
12-06 22:46:25.645 D/PlayerActivity( 4661): 🔍 playerControlView null mu? false
12-06 22:46:25.645 D/PlayerControlView( 4661): 🎛️ showControls() çağrıldı
12-06 22:46:25.645 D/PlayerControlView( 4661): 🔍 showControls: visibility=0, isFirstPanelOpen=false
12-06 22:46:25.651 D/PlayerControlView( 4661): 🔍 showControls: isFirstOpen=false
12-06 22:46:25.652 D/PlayerControlView( 4661): ℹ️ Panel zaten görünür, sayaç sıfırlanıyor
12-06 22:46:27.506 D/PlayerActivity( 4661): 🎮 Tuş basıldı: keyCode=21
12-06 22:46:27.506 D/PlayerActivity( 4661): 📱 Kontrol paneli gösteriliyor...
12-06 22:46:27.506 D/PlayerActivity( 4661): 🔍 playerControlView null mu? false
12-06 22:46:27.506 D/PlayerControlView( 4661): 🎛️ showControls() çağrıldı
12-06 22:46:27.507 D/PlayerControlView( 4661): 🔍 showControls: visibility=0, isFirstPanelOpen=false
12-06 22:46:27.508 D/PlayerControlView( 4661): 🔍 showControls: isFirstOpen=false
12-06 22:46:27.508 D/PlayerControlView( 4661): ℹ️ Panel zaten görünür, sayaç sıfırlanıyor
12-06 22:46:27.881 D/PlayerActivity( 4661): 🎮 Tuş basıldı: keyCode=21
12-06 22:46:27.881 D/PlayerActivity( 4661): 📱 Kontrol paneli gösteriliyor...
12-06 22:46:27.881 D/PlayerActivity( 4661): 🔍 playerControlView null mu? false
12-06 22:46:27.881 D/PlayerControlView( 4661): 🎛️ showControls() çağrıldı
12-06 22:46:27.881 D/PlayerControlView( 4661): 🔍 showControls: visibility=0, isFirstPanelOpen=false
12-06 22:46:27.886 D/PlayerControlView( 4661): 🔍 showControls: isFirstOpen=false
12-06 22:46:27.887 D/PlayerControlView( 4661): ℹ️ Panel zaten görünür, sayaç sıfırlanıyor
12-06 22:46:28.957 D/PlayerActivity( 4661): 🎮 Tuş basıldı: keyCode=20
12-06 22:46:28.958 D/PlayerActivity( 4661): 📱 Kontrol paneli gösteriliyor...
12-06 22:46:28.966 D/PlayerActivity( 4661): 🔍 playerControlView null mu? false
12-06 22:46:28.967 D/PlayerControlView( 4661): 🎛️ showControls() çağrıldı
12-06 22:46:28.967 D/PlayerControlView( 4661): 🔍 showControls: visibility=0, isFirstPanelOpen=false
12-06 22:46:28.967 D/PlayerControlView( 4661): 🔍 showControls: isFirstOpen=false
12-06 22:46:28.970 D/PlayerControlView( 4661): ℹ️ Panel zaten görünür, sayaç sıfırlanıyor
12-06 22:46:29.822 D/PlayerActivity( 4661): 🎮 Tuş basıldı: keyCode=21
12-06 22:46:29.822 D/PlayerActivity( 4661): 📱 Kontrol paneli gösteriliyor...
12-06 22:46:29.822 D/PlayerActivity( 4661): 🔍 playerControlView null mu? false
12-06 22:46:29.822 D/PlayerControlView( 4661): 🎛️ showControls() çağrıldı
12-06 22:46:29.822 D/PlayerControlView( 4661): 🔍 showControls: visibility=0, isFirstPanelOpen=false
12-06 22:46:29.822 D/PlayerControlView( 4661): 🔍 showControls: isFirstOpen=false
12-06 22:46:29.823 D/PlayerControlView( 4661): ℹ️ Panel zaten görünür, sayaç sıfırlanıyor
12-06 22:46:30.725 D/PlayerActivity( 4661): 🎮 Tuş basıldı: keyCode=20
12-06 22:46:30.725 D/PlayerActivity( 4661): 📱 Kontrol paneli gösteriliyor...
12-06 22:46:30.726 D/PlayerActivity( 4661): 🔍 playerControlView null mu? false
12-06 22:46:30.726 D/PlayerControlView( 4661): 🎛️ showControls() çağrıldı
12-06 22:46:30.726 D/PlayerControlView( 4661): 🔍 showControls: visibility=0, isFirstPanelOpen=false
12-06 22:46:30.726 D/PlayerControlView( 4661): 🔍 showControls: isFirstOpen=false
12-06 22:46:30.727 D/PlayerControlView( 4661): ℹ️ Panel zaten görünür, sayaç sıfırlanıyor
12-06 22:46:31.529 D/PlayerActivity( 4661): 🎮 Tuş basıldı: keyCode=19
12-06 22:46:31.529 D/PlayerActivity( 4661): 📱 Kontrol paneli gösteriliyor...
12-06 22:46:31.535 D/PlayerActivity( 4661): 🔍 playerControlView null mu? false
12-06 22:46:31.538 D/PlayerControlView( 4661): 🎛️ showControls() çağrıldı
12-06 22:46:31.538 D/PlayerControlView( 4661): 🔍 showControls: visibility=0, isFirstPanelOpen=false
12-06 22:46:31.538 D/PlayerControlView( 4661): 🔍 showControls: isFirstOpen=false
12-06 22:46:31.539 D/PlayerControlView( 4661): ℹ️ Panel zaten görünür, sayaç sıfırlanıyor
12-06 22:46:32.174 D/PlayerControlView( 4661): ⏩ SeekBar ileri: 1%
12-06 22:46:32.750 D/PlayerControlView( 4661): ⏩ SeekBar ileri: 2%
12-06 22:46:33.765 E/AppOps  (  676): attributionTag  not declared in manifest of com.pnr.tv
12-06 22:46:33.767 E/AppOps  (  676): attributionTag  not declared in manifest of com.pnr.tv
12-06 22:46:33.770 D/PlayerControlView( 4661): 🎮 Buton durumu güncellendi: isPlaying=false
12-06 22:46:33.771 D/PlayerControlView( 4661): 🎯 Video pozisyonu değiştirildi: 01:42
12-06 22:46:33.771 D/PlayerControlView$startSeekCommitTimer( 4661): ⏱️ SeekBar pozisyonu otomatik onaylandı (1 saniye timeout)
12-06 22:46:35.189 D/PlayerActivity( 4661): 🎮 Tuş basıldı: keyCode=20
12-06 22:46:35.189 D/PlayerActivity( 4661): 📱 Kontrol paneli gösteriliyor...
12-06 22:46:35.189 D/PlayerActivity( 4661): 🔍 playerControlView null mu? false
12-06 22:46:35.190 D/PlayerControlView( 4661): 🎛️ showControls() çağrıldı
12-06 22:46:35.190 D/PlayerControlView( 4661): 🔍 showControls: visibility=0, isFirstPanelOpen=false
12-06 22:46:35.190 D/PlayerControlView( 4661): 🔍 showControls: isFirstOpen=false
12-06 22:46:35.190 D/PlayerControlView( 4661): ℹ️ Panel zaten görünür, sayaç sıfırlanıyor
12-06 22:46:35.854 E/AppOps  (  676): attributionTag  not declared in manifest of com.pnr.tv
12-06 22:46:35.855 E/AppOps  (  676): attributionTag  not declared in manifest of com.pnr.tv
12-06 22:46:35.862 D/PlayerControlView( 4661): 🎮 Buton durumu güncellendi: isPlaying=true
12-06 22:46:38.114 D/PlayerControlView( 4661): ⏩ SeekBar ileri: 3%
12-06 22:46:38.973 D/PlayerActivity( 4661): 🎮 Tuş basıldı: keyCode=20
12-06 22:46:38.974 D/PlayerActivity( 4661): 📱 Kontrol paneli gösteriliyor...
12-06 22:46:38.974 D/PlayerActivity( 4661): 🔍 playerControlView null mu? false
12-06 22:46:38.975 D/PlayerControlView( 4661): 🎛️ showControls() çağrıldı
12-06 22:46:38.976 D/PlayerControlView( 4661): 🔍 showControls: visibility=0, isFirstPanelOpen=false
12-06 22:46:38.977 D/PlayerControlView( 4661): 🔍 showControls: isFirstOpen=false
12-06 22:46:38.977 D/PlayerControlView( 4661): ℹ️ Panel zaten görünür, sayaç sıfırlanıyor
12-06 22:46:39.119 E/AppOps  (  676): attributionTag  not declared in manifest of com.pnr.tv
12-06 22:46:39.120 E/AppOps  (  676): attributionTag  not declared in manifest of com.pnr.tv
12-06 22:46:39.130 D/PlayerControlView( 4661): 🎮 Buton durumu güncellendi: isPlaying=false
12-06 22:46:39.139 D/PlayerControlView( 4661): 🎯 Video pozisyonu değiştirildi: 02:33
12-06 22:46:39.140 D/PlayerControlView$startSeekCommitTimer( 4661): ⏱️ SeekBar pozisyonu otomatik onaylandı (1 saniye timeout)
12-06 22:46:40.154 D/PlayerActivity( 4661): 🎮 Tuş basıldı: keyCode=21
12-06 22:46:40.155 D/PlayerActivity( 4661): 📱 Kontrol paneli gösteriliyor...
12-06 22:46:40.155 D/PlayerActivity( 4661): 🔍 playerControlView null mu? false
12-06 22:46:40.155 D/PlayerControlView( 4661): 🎛️ showControls() çağrıldı
12-06 22:46:40.156 D/PlayerControlView( 4661): 🔍 showControls: visibility=0, isFirstPanelOpen=false
12-06 22:46:40.156 D/PlayerControlView( 4661): 🔍 showControls: isFirstOpen=false
12-06 22:46:40.157 D/PlayerControlView( 4661): ℹ️ Panel zaten görünür, sayaç sıfırlanıyor
12-06 22:46:40.849 E/AppOps  (  676): attributionTag  not declared in manifest of com.pnr.tv
12-06 22:46:40.850 E/AppOps  (  676): attributionTag  not declared in manifest of com.pnr.tv
12-06 22:46:40.857 D/PlayerControlView( 4661): 🎮 Buton durumu güncellendi: isPlaying=true
12-06 22:46:41.213 D/PlayerControlView( 4661): ⏩ SeekBar ileri: 4%
12-06 22:46:42.217 E/AppOps  (  676): attributionTag  not declared in manifest of com.pnr.tv
12-06 22:46:42.217 E/AppOps  (  676): attributionTag  not declared in manifest of com.pnr.tv
12-06 22:46:42.218 D/PlayerControlView( 4661): 🎮 Buton durumu güncellendi: isPlaying=false
12-06 22:46:42.219 D/PlayerControlView( 4661): 🎯 Video pozisyonu değiştirildi: 03:24
12-06 22:46:42.219 D/PlayerControlView$startSeekCommitTimer( 4661): ⏱️ SeekBar pozisyonu otomatik onaylandı (1 saniye timeout)
12-06 22:46:44.131 E/AppOps  (  676): attributionTag  not declared in manifest of com.pnr.tv
12-06 22:46:44.134 E/AppOps  (  676): attributionTag  not declared in manifest of com.pnr.tv
12-06 22:46:44.137 D/PlayerControlView( 4661): 🎮 Buton durumu güncellendi: isPlaying=true
12-06 22:46:45.750 D/PlayerControlView( 4661): ⏩ SeekBar ileri: 5%
12-06 22:46:46.007 I/com.pnr.tv( 4661): Background concurrent mark compact GC freed 6816KB AllocSpace bytes, 21(1104KB) LOS objects, 26% free, 67MB/91MB, paused 5.851ms,2.282ms total 188.314ms
12-06 22:46:46.462 D/PlayerControlView( 4661): ⏩ SeekBar ileri: 6%
12-06 22:46:46.941 D/PlayerControlView( 4661): ⏩ SeekBar ileri: 7%
12-06 22:46:47.237 D/PlayerControlView( 4661): ⏩ SeekBar ileri: 8%
12-06 22:46:48.243 E/AppOps  (  676): attributionTag  not declared in manifest of com.pnr.tv
12-06 22:46:48.243 D/PlayerControlView( 4661): 🎮 Buton durumu güncellendi: isPlaying=false
12-06 22:46:48.244 E/AppOps  (  676): attributionTag  not declared in manifest of com.pnr.tv
12-06 22:46:48.257 D/PlayerControlView( 4661): 🎯 Video pozisyonu değiştirildi: 06:48
12-06 22:46:48.258 D/PlayerControlView$startSeekCommitTimer( 4661): ⏱️ SeekBar pozisyonu otomatik onaylandı (1 saniye timeout)
12-06 22:46:49.547 E/AppOps  (  676): attributionTag  not declared in manifest of com.pnr.tv
12-06 22:46:49.548 E/AppOps  (  676): attributionTag  not declared in manifest of com.pnr.tv
12-06 22:46:49.552 D/PlayerControlView( 4661): 🎮 Buton durumu güncellendi: isPlaying=true
12-06 22:46:49.625 D/PlayerControlView( 4661): ⏩ SeekBar ileri: 9%
12-06 22:46:50.399 D/PlayerControlView( 4661): ⏩ SeekBar ileri: 10%
12-06 22:46:51.016 D/PlayerControlView( 4661): ⏩ SeekBar ileri: 11%
12-06 22:46:51.566 D/PlayerControlView( 4661): ⏩ SeekBar ileri: 12%
12-06 22:46:52.410 I/com.pnr.tv( 4661): Background concurrent mark compact GC freed 5672KB AllocSpace bytes, 23(1368KB) LOS objects, 22% free, 84MB/108MB, paused 1.849ms,1.708ms total 153.174ms
12-06 22:46:52.487 E/AppOps  (  676): attributionTag  not declared in manifest of com.pnr.tv
12-06 22:46:52.487 E/AppOps  (  676): attributionTag  not declared in manifest of com.pnr.tv
12-06 22:46:52.488 D/PlayerControlView( 4661): 🎮 Buton durumu güncellendi: isPlaying=false
12-06 22:46:52.489 D/PlayerControlView( 4661): 🎯 Video pozisyonu değiştirildi: 10:12
12-06 22:46:52.489 D/PlayerControlView( 4661): ✅ SeekBar pozisyonu onaylandı (OK tuşu)
12-06 22:46:53.207 D/PlayerControlView( 4661): ✅ SeekBar pozisyonu onaylandı (OK tuşu)
12-06 22:46:54.292 D/PlayerActivity( 4661): 🎮 Tuş basıldı: keyCode=20
12-06 22:46:54.293 D/PlayerActivity( 4661): 📱 Kontrol paneli gösteriliyor...
12-06 22:46:54.294 D/PlayerActivity( 4661): 🔍 playerControlView null mu? false
12-06 22:46:54.294 D/PlayerControlView( 4661): 🎛️ showControls() çağrıldı
12-06 22:46:54.295 D/PlayerControlView( 4661): 🔍 showControls: visibility=0, isFirstPanelOpen=false
12-06 22:46:54.295 D/PlayerControlView( 4661): 🔍 showControls: isFirstOpen=false
12-06 22:46:54.296 D/PlayerControlView( 4661): ℹ️ Panel zaten görünür, sayaç sıfırlanıyor
12-06 22:46:54.586 E/AppOps  (  676): attributionTag  not declared in manifest of com.pnr.tv
12-06 22:46:54.587 E/AppOps  (  676): attributionTag  not declared in manifest of com.pnr.tv
12-06 22:46:54.592 D/PlayerControlView( 4661): 🎮 Buton durumu güncellendi: isPlaying=true
12-06 22:46:55.418 D/PlayerActivity( 4661): 🎮 Tuş basıldı: keyCode=20
12-06 22:46:55.419 D/PlayerActivity( 4661): 📱 Kontrol paneli gösteriliyor...
12-06 22:46:55.420 D/PlayerActivity( 4661): 🔍 playerControlView null mu? false
12-06 22:46:55.420 D/PlayerControlView( 4661): 🎛️ showControls() çağrıldı
12-06 22:46:55.421 D/PlayerControlView( 4661): 🔍 showControls: visibility=0, isFirstPanelOpen=false
12-06 22:46:55.422 D/PlayerControlView( 4661): 🔍 showControls: isFirstOpen=false
12-06 22:46:55.422 D/PlayerControlView( 4661): ℹ️ Panel zaten görünür, sayaç sıfırlanıyor
12-06 22:46:56.584 D/PlayerActivity( 4661): 🎮 Tuş basıldı: keyCode=21
12-06 22:46:56.584 D/PlayerActivity( 4661): 📱 Kontrol paneli gösteriliyor...
12-06 22:46:56.585 D/PlayerActivity( 4661): 🔍 playerControlView null mu? false
12-06 22:46:56.585 D/PlayerControlView( 4661): 🎛️ showControls() çağrıldı
12-06 22:46:56.585 D/PlayerControlView( 4661): 🔍 showControls: visibility=0, isFirstPanelOpen=false
12-06 22:46:56.585 D/PlayerControlView( 4661): 🔍 showControls: isFirstOpen=false
12-06 22:46:56.585 D/PlayerControlView( 4661): ℹ️ Panel zaten görünür, sayaç sıfırlanıyor
12-06 22:46:57.701 D/PlayerActivity( 4661): 🎮 Tuş basıldı: keyCode=20
12-06 22:46:57.701 D/PlayerActivity( 4661): 📱 Kontrol paneli gösteriliyor...
12-06 22:46:57.701 D/PlayerActivity( 4661): 🔍 playerControlView null mu? false
12-06 22:46:57.701 D/PlayerControlView( 4661): 🎛️ showControls() çağrıldı
12-06 22:46:57.701 D/PlayerControlView( 4661): 🔍 showControls: visibility=0, isFirstPanelOpen=false
12-06 22:46:57.702 D/PlayerControlView( 4661): 🔍 showControls: isFirstOpen=false
12-06 22:46:57.702 D/PlayerControlView( 4661): ℹ️ Panel zaten görünür, sayaç sıfırlanıyor
12-06 22:46:58.672 D/PlayerActivity( 4661): 🎮 Tuş basıldı: keyCode=21
12-06 22:46:58.672 D/PlayerActivity( 4661): 📱 Kontrol paneli gösteriliyor...
12-06 22:46:58.673 D/PlayerActivity( 4661): 🔍 playerControlView null mu? false
12-06 22:46:58.674 D/PlayerControlView( 4661): 🎛️ showControls() çağrıldı
12-06 22:46:58.674 D/PlayerControlView( 4661): 🔍 showControls: visibility=0, isFirstPanelOpen=false
12-06 22:46:58.675 D/PlayerControlView( 4661): 🔍 showControls: isFirstOpen=false
12-06 22:46:58.675 D/PlayerControlView( 4661): ℹ️ Panel zaten görünür, sayaç sıfırlanıyor
12-06 22:46:59.639 D/PlayerActivity( 4661): 🎮 Tuş basıldı: keyCode=20
12-06 22:46:59.641 D/PlayerActivity( 4661): 📱 Kontrol paneli gösteriliyor...
12-06 22:46:59.642 D/PlayerActivity( 4661): 🔍 playerControlView null mu? false
12-06 22:46:59.647 D/PlayerControlView( 4661): 🎛️ showControls() çağrıldı
12-06 22:46:59.657 D/PlayerControlView( 4661): 🔍 showControls: visibility=0, isFirstPanelOpen=false
12-06 22:46:59.659 D/PlayerControlView( 4661): 🔍 showControls: isFirstOpen=false
12-06 22:46:59.666 D/PlayerControlView( 4661): ℹ️ Panel zaten görünür, sayaç sıfırlanıyor
12-06 22:47:00.393 D/PlayerActivity( 4661): 🎮 Tuş basıldı: keyCode=19
12-06 22:47:00.394 D/PlayerActivity( 4661): 📱 Kontrol paneli gösteriliyor...
12-06 22:47:00.394 D/PlayerActivity( 4661): 🔍 playerControlView null mu? false
12-06 22:47:00.395 D/PlayerControlView( 4661): 🎛️ showControls() çağrıldı
12-06 22:47:00.395 D/PlayerControlView( 4661): 🔍 showControls: visibility=0, isFirstPanelOpen=false
12-06 22:47:00.395 D/PlayerControlView( 4661): 🔍 showControls: isFirstOpen=false
12-06 22:47:00.395 D/PlayerControlView( 4661): ℹ️ Panel zaten görünür, sayaç sıfırlanıyor
12-06 22:47:00.806 D/PlayerControlView( 4661): ⏩ SeekBar ileri: 13%
12-06 22:47:01.066 D/PlayerControlView( 4661): ⏩ SeekBar ileri: 14%
12-06 22:47:01.284 D/PlayerControlView( 4661): ⏩ SeekBar ileri: 15%
12-06 22:47:01.501 D/PlayerControlView( 4661): ⏩ SeekBar ileri: 16%
12-06 22:47:02.131 D/PlayerActivity( 4661): 🎮 Tuş basıldı: keyCode=20
12-06 22:47:02.132 D/PlayerActivity( 4661): 📱 Kontrol paneli gösteriliyor...
12-06 22:47:02.132 D/PlayerActivity( 4661): 🔍 playerControlView null mu? false
12-06 22:47:02.132 D/PlayerControlView( 4661): 🎛️ showControls() çağrıldı
12-06 22:47:02.132 D/PlayerControlView( 4661): 🔍 showControls: visibility=0, isFirstPanelOpen=false
12-06 22:47:02.132 D/PlayerControlView( 4661): 🔍 showControls: isFirstOpen=false
12-06 22:47:02.132 D/PlayerControlView( 4661): ℹ️ Panel zaten görünür, sayaç sıfırlanıyor
12-06 22:47:02.503 E/AppOps  (  676): attributionTag  not declared in manifest of com.pnr.tv
12-06 22:47:02.503 E/AppOps  (  676): attributionTag  not declared in manifest of com.pnr.tv
12-06 22:47:02.503 D/PlayerControlView( 4661): 🎮 Buton durumu güncellendi: isPlaying=false
12-06 22:47:02.504 D/PlayerControlView( 4661): 🎯 Video pozisyonu değiştirildi: 13:36
12-06 22:47:02.504 D/PlayerControlView$startSeekCommitTimer( 4661): ⏱️ SeekBar pozisyonu otomatik onaylandı (1 saniye timeout)
12-06 22:47:02.529 D/PlayerActivity( 4661): 🎮 Tuş basıldı: keyCode=22
12-06 22:47:02.529 D/PlayerActivity( 4661): 📱 Kontrol paneli gösteriliyor...
12-06 22:47:02.530 D/PlayerActivity( 4661): 🔍 playerControlView null mu? false
12-06 22:47:02.530 D/PlayerControlView( 4661): 🎛️ showControls() çağrıldı
12-06 22:47:02.530 D/PlayerControlView( 4661): 🔍 showControls: visibility=0, isFirstPanelOpen=false
12-06 22:47:02.530 D/PlayerControlView( 4661): 🔍 showControls: isFirstOpen=false
12-06 22:47:02.530 D/PlayerControlView( 4661): ℹ️ Panel zaten görünür, sayaç sıfırlanıyor
12-06 22:47:02.728 D/PlayerActivity( 4661): 🎮 Tuş basıldı: keyCode=22
12-06 22:47:02.728 D/PlayerActivity( 4661): 📱 Kontrol paneli gösteriliyor...
12-06 22:47:02.728 D/PlayerActivity( 4661): 🔍 playerControlView null mu? false
12-06 22:47:02.729 D/PlayerControlView( 4661): 🎛️ showControls() çağrıldı
12-06 22:47:02.729 D/PlayerControlView( 4661): 🔍 showControls: visibility=0, isFirstPanelOpen=false
12-06 22:47:02.729 D/PlayerControlView( 4661): 🔍 showControls: isFirstOpen=false
12-06 22:47:02.729 D/PlayerControlView( 4661): ℹ️ Panel zaten görünür, sayaç sıfırlanıyor
12-06 22:47:02.914 D/PlayerActivity( 4661): 🎮 Tuş basıldı: keyCode=22
12-06 22:47:02.915 D/PlayerActivity( 4661): 📱 Kontrol paneli gösteriliyor...
12-06 22:47:02.918 D/PlayerActivity( 4661): 🔍 playerControlView null mu? false
12-06 22:47:02.918 D/PlayerControlView( 4661): 🎛️ showControls() çağrıldı
12-06 22:47:02.918 D/PlayerControlView( 4661): 🔍 showControls: visibility=0, isFirstPanelOpen=false
12-06 22:47:02.919 D/PlayerControlView( 4661): 🔍 showControls: isFirstOpen=false
12-06 22:47:02.919 D/PlayerControlView( 4661): ℹ️ Panel zaten görünür, sayaç sıfırlanıyor
12-06 22:47:03.422 D/PlayerControlView( 4661): ⏩ SeekBar ileri: 17%
12-06 22:47:03.774 D/PlayerControlView( 4661): ⏩ SeekBar ileri: 18%
12-06 22:47:04.308 D/PlayerActivity( 4661): 🎮 Tuş basıldı: keyCode=20
12-06 22:47:04.309 D/PlayerActivity( 4661): 📱 Kontrol paneli gösteriliyor...
12-06 22:47:04.309 D/PlayerActivity( 4661): 🔍 playerControlView null mu? false
12-06 22:47:04.309 D/PlayerControlView( 4661): 🎛️ showControls() çağrıldı
12-06 22:47:04.310 D/PlayerControlView( 4661): 🔍 showControls: visibility=0, isFirstPanelOpen=false
12-06 22:47:04.311 D/PlayerControlView( 4661): 🔍 showControls: isFirstOpen=false
12-06 22:47:04.315 D/PlayerControlView( 4661): ℹ️ Panel zaten görünür, sayaç sıfırlanıyor
12-06 22:47:04.783 D/PlayerControlView( 4661): 🎯 Video pozisyonu değiştirildi: 15:18
12-06 22:47:04.783 D/PlayerControlView$startSeekCommitTimer( 4661): ⏱️ SeekBar pozisyonu otomatik onaylandı (1 saniye timeout)
12-06 22:47:05.980 D/PlayerControlView( 4661): 🎛️ showControls() çağrıldı
12-06 22:47:05.981 D/PlayerControlView( 4661): 🔍 showControls: visibility=0, isFirstPanelOpen=false
12-06 22:47:05.983 D/PlayerControlView( 4661): 🔍 showControls: isFirstOpen=false
12-06 22:47:05.983 D/PlayerControlView( 4661): ℹ️ Panel zaten görünür, sayaç sıfırlanıyor
12-06 22:47:05.985 D/PlayerControlView( 4661): ▶️ Play butonuna tıklandı
12-06 22:47:07.612 D/PlayerControlView( 4661): 🎛️ showControls() çağrıldı
12-06 22:47:07.613 D/PlayerControlView( 4661): 🔍 showControls: visibility=0, isFirstPanelOpen=false
12-06 22:47:07.614 D/PlayerControlView( 4661): 🔍 showControls: isFirstOpen=false
12-06 22:47:07.666 D/PlayerControlView( 4661): ℹ️ Panel zaten görünür, sayaç sıfırlanıyor
12-06 22:47:07.682 D/PlayerControlView( 4661): ▶️ Play butonuna tıklandı
12-06 22:47:08.279 E/AppOps  (  676): attributionTag  not declared in manifest of com.pnr.tv
12-06 22:47:08.280 E/AppOps  (  676): attributionTag  not declared in manifest of com.pnr.tv
12-06 22:47:08.286 D/PlayerControlView( 4661): 🎮 Buton durumu güncellendi: isPlaying=true
12-06 22:47:54.992 I/com.pnr.tv( 4661): Background concurrent mark compact GC freed 17MB AllocSpace bytes, 133(6416KB) LOS objects, 22% free, 84MB/108MB, paused 1.343ms,2.159ms total 102.210ms
12-06 22:49:05.619 W/com.pnr.tv( 4661): JNI critical lock held for 20.555ms on Thread[32,tid=4819,Runnable,Thread*=0xd4693410,peer=0x29de688,"OkHttp https://api.themoviedb.org/..."]
12-06 22:50:23.486 D/ActivityThread( 2742): Package [com.pnr.tv] reported as REPLACED, but missing application info. Assuming REMOVED.
12-06 22:50:23.489 D/ActivityThread( 2742): Package [com.pnr.tv] reported as REPLACED, but missing application info. Assuming REMOVED.
12-06 22:50:35.958 D/ActivityThread( 4021): Package [com.pnr.tv] reported as REPLACED, but missing application info. Assuming REMOVED.
12-06 22:50:35.959 D/ActivityThread( 4021): Package [com.pnr.tv] reported as REPLACED, but missing application info. Assuming REMOVED.
12-06 22:50:36.023 I/katniss_search_PackageCache( 4021): Apps for Intent { act=android.intent.action.MAIN cat=[android.intent.category.LEANBACK_LAUNCHER] }: [AppInfo(enabled=true, longVersionCode=1, packageName=com.android.tv.settings, versionCode=1, versionName=1.0), AppInfo(enabled=true, longVersionCode=999999999, packageName=com.android.tv, versionCode=999999999, versionName=1.24-asop), AppInfo(enabled=true, longVersionCode=84801518, packageName=com.android.vending, versionCode=84801518, versionName=48.0.15-31 [8] [PR] 809095290), AppInfo(enabled=true, longVersionCode=530301360, packageName=com.google.android.youtube.tv, versionCode=530301360, versionName=5.30.301), AppInfo(enabled=true, longVersionCode=111003360, packageName=com.google.android.youtube.tvmusic, versionCode=111003360, versionName=1.11.03), AppInfo(enabled=true, longVersionCode=612035470, packageName=com.google.android.play.games, versionCode=612035470, versionName=2025.04.61203 (799029564.799029564-040700)), AppInfo(enabled=true, longVersionCode=1, packageName=com.pnr.tv, versionCode=1, versionName=1.0)]
12-06 22:50:36.024 I/katniss_search_PackageCache( 4021): Apps for Intent { act=android.intent.action.MAIN cat=[android.intent.category.LEANBACK_LAUNCHER] }: [AppInfo(enabled=true, longVersionCode=1, packageName=com.android.tv.settings, versionCode=1, versionName=1.0), AppInfo(enabled=true, longVersionCode=999999999, packageName=com.android.tv, versionCode=999999999, versionName=1.24-asop), AppInfo(enabled=true, longVersionCode=84801518, packageName=com.android.vending, versionCode=84801518, versionName=48.0.15-31 [8] [PR] 809095290), AppInfo(enabled=true, longVersionCode=530301360, packageName=com.google.android.youtube.tv, versionCode=530301360, versionName=5.30.301), AppInfo(enabled=true, longVersionCode=111003360, packageName=com.google.android.youtube.tvmusic, versionCode=111003360, versionName=1.11.03), AppInfo(enabled=true, longVersionCode=612035470, packageName=com.google.android.play.games, versionCode=612035470, versionName=2025.04.61203 (799029564.799029564-040700)), AppInfo(enabled=true, longVersionCode=1, packageName=com.pnr.tv, versionCode=1, versionName=1.0)]
12-06 22:50:36.025 I/katniss_search_PackageCache( 4021): Apps for Intent { act=android.intent.action.MAIN cat=[android.intent.category.LEANBACK_LAUNCHER] }: [AppInfo(enabled=true, longVersionCode=1, packageName=com.android.tv.settings, versionCode=1, versionName=1.0), AppInfo(enabled=true, longVersionCode=999999999, packageName=com.android.tv, versionCode=999999999, versionName=1.24-asop), AppInfo(enabled=true, longVersionCode=84801518, packageName=com.android.vending, versionCode=84801518, versionName=48.0.15-31 [8] [PR] 809095290), AppInfo(enabled=true, longVersionCode=530301360, packageName=com.google.android.youtube.tv, versionCode=530301360, versionName=5.30.301), AppInfo(enabled=true, longVersionCode=111003360, packageName=com.google.android.youtube.tvmusic, versionCode=111003360, versionName=1.11.03), AppInfo(enabled=true, longVersionCode=612035470, packageName=com.google.android.play.games, versionCode=612035470, versionName=2025.04.61203 (799029564.799029564-040700)), AppInfo(enabled=true, longVersionCode=1, packageName=com.pnr.tv, versionCode=1, versionName=1.0)]
12-06 22:50:50.190 I/com.pnr.tv( 4661): Background concurrent mark compact GC freed 18MB AllocSpace bytes, 119(5804KB) LOS objects, 21% free, 87MB/111MB, paused 2.982ms,8.015ms total 84.715ms
12-06 22:51:29.880 I/com.pnr.tv( 4661): Background concurrent mark compact GC freed 17MB AllocSpace bytes, 137(6572KB) LOS objects, 21% free, 87MB/111MB, paused 1.109ms,1.895ms total 118.721ms
12-06 22:52:03.399 I/com.pnr.tv( 4661): Background concurrent mark compact GC freed 18MB AllocSpace bytes, 116(6268KB) LOS objects, 21% free, 87MB/111MB, paused 1.239ms,14.718ms total 92.171ms
12-06 22:53:04.003 I/com.pnr.tv( 4661): Background concurrent mark compact GC freed 17MB AllocSpace bytes, 120(6248KB) LOS objects, 21% free, 87MB/111MB, paused 894us,3.401ms total 107.922ms
12-06 22:57:07.491 I/ActivityManager(  676): Force stopping com.pnr.tv appid=10092 user=0: from pid 4951
12-06 22:57:07.499 E/AppOps  (  676): attributionTag  not declared in manifest of com.pnr.tv
12-06 22:57:07.508 E/AppOps  (  676): Operation not started: uid=10092 pkg=com.pnr.tv(null) op=CONTROL_AUDIO
12-06 22:57:07.511 I/ActivityManager(  676): Killing 4661:com.pnr.tv/u0a92 (adj 0): stop com.pnr.tv due to from pid 4951
12-06 22:57:07.520 E/AppOps  (  676): attributionTag  not declared in manifest of com.pnr.tv
12-06 22:57:07.520 E/AppOps  (  676): Operation not started: uid=10092 pkg=com.pnr.tv(null) op=CONTROL_AUDIO_PARTIAL
12-06 22:57:07.525 I/AS.AudioService(  676): AudioHardening background playback would be muted for com.pnr.tv (10092), level: full
12-06 22:57:07.527 W/ActivityTaskManager(  676): Force removing ActivityRecord{99264051 u0 com.pnr.tv/.PlayerActivity t7 f}}: app died, no saved state
12-06 22:57:07.534 W/ActivityTaskManager(  676): Force removing ActivityRecord{7818233 u0 com.pnr.tv/.MainActivity t7 f}}: app died, no saved state
12-06 22:57:07.541 W/UsageStatsService(  676): Unexpected activity event reported! (com.pnr.tv/com.pnr.tv.MainActivity event : 23 instanceId : 154320210)
12-06 22:57:07.572 I/ActivityManager(  676): Force stopping com.pnr.tv appid=10092 user=0: from pid 4952
12-06 22:57:07.573 I/WindowManager(  676):   Force removing ActivityRecord{99264051 u0 com.pnr.tv/.PlayerActivity t7 f} isExiting}
12-06 22:57:07.573 W/WindowManager(  676): removeAppToken: Attempted to remove non-existing token: Token{1fe7df0 ActivityRecord{99264051 u0 com.pnr.tv/.PlayerActivity t7 f} isExiting}}
12-06 22:57:07.573 I/WindowManager(  676):   Force removing ActivityRecord{7818233 u0 com.pnr.tv/.MainActivity t7 f} isExiting}
12-06 22:57:07.573 W/WindowManager(  676): removeAppToken: Attempted to remove non-existing token: Token{932bd52 ActivityRecord{7818233 u0 com.pnr.tv/.MainActivity t7 f} isExiting}}
12-06 22:57:08.070 V/ActivityManager(  676): Got obituary of 4661:com.pnr.tv
12-06 22:57:08.077 I/WindowManager(  676): WIN DEATH: Window{ce347dd u0 com.pnr.tv/com.pnr.tv.PlayerActivity}
12-06 22:57:08.078 I/ImeTracker(  676): com.pnr.tv:482f061f: onRequestHide at ORIGIN_SERVER reason HIDE_REMOVE_CLIENT fromUser false
12-06 22:57:08.078 I/ImeTracker(  676): com.pnr.tv:482f061f: onCancelled at PHASE_SERVER_SHOULD_HIDE
12-06 22:57:08.078 I/WindowManager(  676): WIN DEATH: Window{6881dd6 u0 com.pnr.tv/com.pnr.tv.MainActivity}
12-06 22:57:09.986 V/WindowManager(  676):         {WCT{RemoteToken{71c547 Task{d889ddd #7 type=standard A=10092:com.pnr.tv}}} m=TO_BACK f=NONE leash=Surface(name=Task=7)/@0x80f02dc sb=Rect(0, 0 - 3840, 2160) eb=Rect(0, 0 - 3840, 2160) epz=Point(3840, 2160) d=0 taskParent=-1}
12-06 22:57:10.466 W/WindowManager(  676): Exception thrown during dispatchAppVisibility Window{ce347dd u0 com.pnr.tv/com.pnr.tv.PlayerActivity EXITING}
12-06 22:57:11.124 D/InstallDependencyHelper(  676): No missing dependency for com.pnr.tv
12-06 22:57:11.178 I/PackageManager(  676): Update package com.pnr.tv code path from /data/app/~~XkLHJtuPQDiJ7bVjBFJvGA==/com.pnr.tv-L_tJJ-7hMn7LVjQlf8e8xA== to /data/app/vmdl770507021.tmp; Retain data and using new
12-06 22:57:11.548 I/ActivityManager(  676): Force stopping com.pnr.tv appid=10092 user=-1: installPackageLI
12-06 22:57:11.605 I/PackageManager(  676): installation completed for package:com.pnr.tv. Final code path: /data/app/~~7En2Hot3WpWcfEWuX3-Y-A==/com.pnr.tv-fYIeh40kV42ZHWAO6tELAg==
12-06 22:57:11.668 I/ActivityManager(  676): Force stopping com.pnr.tv appid=10092 user=0: pkg removed
12-06 22:57:11.819 W/PackageConfigPersister(  676): App-specific configuration not found for packageName: com.pnr.tv and userId: 0
12-06 22:57:11.852 I/SdkSandboxManager(  676): No SDKs used. Skipping SDK data reconcilation for CallingInfo{mUid=10092, mPackageName='com.pnr.tv, mAppProcessToken='null'}
12-06 22:57:11.854 D/ShortcutService(  676): replacing package: com.pnr.tv userId=0
12-06 22:57:11.914 D/ActivityThread( 1412): Package [com.pnr.tv] reported as REPLACED, but missing application info. Assuming REMOVED.
12-06 22:57:11.915 D/ActivityThread( 1899): Package [com.pnr.tv] reported as REPLACED, but missing application info. Assuming REMOVED.
12-06 22:57:11.916 D/ActivityThread( 2615): Package [com.pnr.tv] reported as REPLACED, but missing application info. Assuming REMOVED.
12-06 22:57:11.916 D/ActivityThread( 1360): Package [com.pnr.tv] reported as REPLACED, but missing application info. Assuming REMOVED.
12-06 22:57:11.916 D/ActivityThread( 3694): Package [com.pnr.tv] reported as REPLACED, but missing application info. Assuming REMOVED.
12-06 22:57:11.918 D/ActivityThread( 2056): Package [com.pnr.tv] reported as REPLACED, but missing application info. Assuming REMOVED.
12-06 22:57:11.918 D/ActivityThread( 2414): Package [com.pnr.tv] reported as REPLACED, but missing application info. Assuming REMOVED.
12-06 22:57:11.918 D/ActivityThread( 1678): Package [com.pnr.tv] reported as REPLACED, but missing application info. Assuming REMOVED.
12-06 22:57:11.919 D/ActivityThread( 1567): Package [com.pnr.tv] reported as REPLACED, but missing application info. Assuming REMOVED.
12-06 22:57:11.924 D/ActivityThread( 1156): Package [com.pnr.tv] reported as REPLACED, but missing application info. Assuming REMOVED.
12-06 22:57:11.923 D/ActivityThread( 1523): Package [com.pnr.tv] reported as REPLACED, but missing application info. Assuming REMOVED.
12-06 22:57:11.932 D/ActivityThread( 1295): Package [com.pnr.tv] reported as REPLACED, but missing application info. Assuming REMOVED.
12-06 22:57:11.956 D/ActivityThread( 3385): Package [com.pnr.tv] reported as REPLACED, but missing application info. Assuming REMOVED.
12-06 22:57:11.957 D/ActivityThread( 1230): Package [com.pnr.tv] reported as REPLACED, but missing application info. Assuming REMOVED.
12-06 22:57:11.964 D/ActivityThread( 2367): Package [com.pnr.tv] reported as REPLACED, but missing application info. Assuming REMOVED.
12-06 22:57:11.973 D/ActivityThread( 2351): Package [com.pnr.tv] reported as REPLACED, but missing application info. Assuming REMOVED.
12-06 22:57:11.977 D/ActivityThread( 1550): Package [com.pnr.tv] reported as REPLACED, but missing application info. Assuming REMOVED.
12-06 22:57:11.977 D/ActivityThread( 4960): Package [com.pnr.tv] reported as REPLACED, but missing application info. Assuming REMOVED.
12-06 22:57:12.014 D/ActivityThread( 1296): Package [com.pnr.tv] reported as REPLACED, but missing application info. Assuming REMOVED.
12-06 22:57:12.022 D/ActivityThread( 1412): Package [com.pnr.tv] reported as REPLACED, but missing application info. Assuming REMOVED.
12-06 22:57:12.022 D/ActivityThread( 1295): Package [com.pnr.tv] reported as REPLACED, but missing application info. Assuming REMOVED.
12-06 22:57:12.025 D/ActivityThread( 1899): Package [com.pnr.tv] reported as REPLACED, but missing application info. Assuming REMOVED.
12-06 22:57:12.025 D/ActivityThread( 1230): Package [com.pnr.tv] reported as REPLACED, but missing application info. Assuming REMOVED.
12-06 22:57:12.045 D/ActivityThread( 3385): Package [com.pnr.tv] reported as REPLACED, but missing application info. Assuming REMOVED.
12-06 22:57:12.046 D/ActivityThread( 2615): Package [com.pnr.tv] reported as REPLACED, but missing application info. Assuming REMOVED.
12-06 22:57:12.046 D/ActivityThread( 1360): Package [com.pnr.tv] reported as REPLACED, but missing application info. Assuming REMOVED.
12-06 22:57:12.046 D/ActivityThread( 1296): Package [com.pnr.tv] reported as REPLACED, but missing application info. Assuming REMOVED.
12-06 22:57:12.046 D/ActivityThread( 3694): Package [com.pnr.tv] reported as REPLACED, but missing application info. Assuming REMOVED.
12-06 22:57:12.046 D/ActivityThread( 2351): Package [com.pnr.tv] reported as REPLACED, but missing application info. Assuming REMOVED.
12-06 22:57:12.046 D/ActivityThread( 1523): Package [com.pnr.tv] reported as REPLACED, but missing application info. Assuming REMOVED.
12-06 22:57:12.047 D/ActivityThread( 1156): Package [com.pnr.tv] reported as REPLACED, but missing application info. Assuming REMOVED.
12-06 22:57:12.061 D/ActivityThread( 1567): Package [com.pnr.tv] reported as REPLACED, but missing application info. Assuming REMOVED.
12-06 22:57:12.065 D/ActivityThread( 2056): Package [com.pnr.tv] reported as REPLACED, but missing application info. Assuming REMOVED.
12-06 22:57:12.066 D/ActivityThread( 2112): Package [com.pnr.tv] reported as REPLACED, but missing application info. Assuming REMOVED.
12-06 22:57:12.067 I/SdkSandboxManager(  676): No SDKs used. Skipping SDK data reconcilation for CallingInfo{mUid=10092, mPackageName='com.pnr.tv, mAppProcessToken='null'}
12-06 22:57:12.072 D/ActivityThread( 4960): Package [com.pnr.tv] reported as REPLACED, but missing application info. Assuming REMOVED.
12-06 22:57:12.072 D/ActivityThread( 2414): Package [com.pnr.tv] reported as REPLACED, but missing application info. Assuming REMOVED.
12-06 22:57:12.073 D/ActivityThread( 1678): Package [com.pnr.tv] reported as REPLACED, but missing application info. Assuming REMOVED.
12-06 22:57:12.078 D/ActivityThread( 2112): Package [com.pnr.tv] reported as REPLACED, but missing application info. Assuming REMOVED.
12-06 22:57:12.096 D/ActivityThread( 2367): Package [com.pnr.tv] reported as REPLACED, but missing application info. Assuming REMOVED.
12-06 22:57:12.208 I/ActivityManager(  676): Force stopping com.pnr.tv appid=10092 user=0: from pid 5134
12-06 22:57:12.208 D/ActivityThread( 1550): Package [com.pnr.tv] reported as REPLACED, but missing application info. Assuming REMOVED.
12-06 22:57:12.227 D/ActivityThread(  676): Package [com.pnr.tv] reported as REPLACED, but missing application info. Assuming REMOVED.
12-06 22:57:12.227 D/ActivityThread(  676): Package [com.pnr.tv] reported as REPLACED, but missing application info. Assuming REMOVED.
12-06 22:57:12.284 W/AlarmManager(  676): Package com.pnr.tv, uid 10092 lost permission to set exact alarms!
12-06 22:57:12.322 I/Finsky  ( 2654): [54] AIM: AppInfoManager-Perf > OnDeviceAppInfo > cacheHitCount=0, cacheMissCount=1. Missed  in cache (limit 10) : [com.pnr.tv]
12-06 22:57:12.377 I/Finsky:background( 2923): [2] IQ: onPackageRemoved com.pnr.tv, replacing=true, uninstallingFromPlay=false
12-06 22:57:12.377 D/ActivityThread( 1159): Package [com.pnr.tv] reported as REPLACED, but missing application info. Assuming REMOVED.
