12-06 23:29:27.671 V/WindowManager(  676):         {WCT{RemoteToken{36cf7ad Task{94abc22 #10 type=standard A=10092:com.pnr.tv}}} m=TO_BACK f=NONE leash=Surface(name=Task=10)/@0x92aeafb sb=Rect(0, 0 - 3840, 2160) eb=Rect(0, 0 - 3840, 2160) epz=Point(3840, 2160) d=0 taskParent=-1}
12-06 23:29:28.479 W/WindowManager(  676): Exception thrown during dispatchAppVisibility Window{9683d84 u0 com.pnr.tv/com.pnr.tv.PlayerActivity EXITING}
12-06 23:29:29.078 E/studio.deploy( 5429): ERROR: Could not remove dir '/data/data/com.pnr.tv/code_cache/.ll/': No such file or directory
12-06 23:29:29.267 I/ActivityManager(  676): Force stopping com.pnr.tv appid=10092 user=0: from pid 5997
12-06 23:29:29.730 I/ActivityTaskManager(  676): START u0 {act=android.intent.action.MAIN cat=[android.intent.category.LEANBACK_LAUNCHER] flg=0x10000000 xflg=0x4 cmp=com.pnr.tv/.MainActivity} with LAUNCH_MULTIPLE from uid 2000 (BAL_ALLOW_PERMISSION) result code=0
12-06 23:29:29.734 V/WindowManagerShell( 1156): Transition requested (#28): android.os.BinderProxy@6f8e877 TransitionRequestInfo { type = OPEN, triggerTask = TaskInfo{userId=0 taskId=11 effectiveUid=10092 displayId=0 isRunning=true baseIntent=Intent { act=android.intent.action.MAIN cat=[android.intent.category.LEANBACK_LAUNCHER] flg=0x10000000 cmp=com.pnr.tv/.MainActivity } baseActivity=ComponentInfo{com.pnr.tv/com.pnr.tv.MainActivity} topActivity=ComponentInfo{com.pnr.tv/com.pnr.tv.MainActivity} origActivity=null realActivity=ComponentInfo{com.pnr.tv/com.pnr.tv.MainActivity} numActivities=1 lastActiveTime=6625728 supportsMultiWindow=false resizeMode=1 isResizeable=true minWidth=-1 minHeight=-1 defaultMinSize=220 token=WCT{android.window.IWindowContainerToken$Stub$Proxy@1d96ce4} topActivityType=1 pictureInPictureParams=null shouldDockBigOverlays=true launchIntoPipHostTaskId=-1 lastParentTaskIdBeforePip=-1 displayCutoutSafeInsets=Rect(0, 0 - 0, 0) topActivityInfo=ActivityInfo{519054d com.pnr.tv.MainActivity} launchCookies=[] positionInParent=Point(0, 0) parentTaskId=-1 isFocused=false isVisible=false isVisibleRequested=false isTopActivityNoDisplay=false isSleeping=false locusId=null displayAreaFeatureId=1 isTopActivityTransparent=false isActivityStackTransparent=false lastNonFullscreenBounds=Rect(1374, 108 - 2467, 2052) capturedLink=null capturedLinkTimestamp=0 requestedVisibleTypes=-9 topActivityRequestOpenInBrowserEducationTimestamp=0 appCompatTaskInfo=AppCompatTaskInfo { topActivityInSizeCompat=false eligibleForLetterboxEducation= false isLetterboxEducationEnabled= false isLetterboxDoubleTapEnabled= false eligibleForUserAspectRatioButton= false topActivityBoundsLetterboxed= false isFromLetterboxDoubleTap= false topActivityLetterboxVerticalPosition= -1 topActivityLetterboxHorizontalPosition= -1 topActivityLetterboxWidth=-1 topActivityLetterboxHeight=-1 topActivityAppBounds=Rect(0, 0 - 3840, 2160) isUserFullscreenOverrideEnabled=false isSystemFullscreenOverrideEnabled=false hasMinAspectRatioOverride=false topActivityLetterboxBounds=null cameraCompatTaskInfo=CameraCompatTaskInfo { freeformCameraCompatMode=inactive}} topActivityMainWindowFrame=null}, pipChange = null, remoteTransition = null, displayChange = null, flags = 0, debugId = 28 }
12-06 23:29:30.150 I/ActivityManager(  676): Start proc 6007:com.pnr.tv/u0a92 for next-top-activity {com.pnr.tv/com.pnr.tv.MainActivity}
12-06 23:29:30.372 I/com.pnr.tv( 6007): Late-enabling -Xcheck:jni
12-06 23:29:30.593 I/com.pnr.tv( 6007): Using CollectorTypeCMC GC.
12-06 23:29:30.607 W/com.pnr.tv( 6007): Unexpected CPU variant for x86: x86.
12-06 23:29:30.607 W/com.pnr.tv( 6007): Known variants: atom, sandybridge, silvermont, goldmont, goldmont-plus, goldmont-without-sha-xsaves, tremont, kabylake, alderlake, default
12-06 23:29:30.876 W/re-initialized>( 6007): type=1400 audit(0.0:507): avc:  granted  { execute } for  path="/data/data/com.pnr.tv/code_cache/startup_agents/69b40b6c-agent.so" dev="dm-52" ino=345219 scontext=u:r:untrusted_app:s0:c92,c256,c512,c768 tcontext=u:object_r:app_data_file:s0:c92,c256,c512,c768 tclass=file app=com.pnr.tv
12-06 23:29:30.895 D/nativeloader( 6007): Load /data/user/0/com.pnr.tv/code_cache/startup_agents/69b40b6c-agent.so using system ns (caller=<unknown>): ok
12-06 23:29:30.923 W/com.pnr.tv( 6007): hiddenapi: DexFile /data/data/com.pnr.tv/code_cache/.studio/instruments-cbb5ff5f.jar is in boot class path but is not in a known location
12-06 23:29:31.059 W/com.pnr.tv( 6007): Redefining intrinsic method java.lang.Thread java.lang.Thread.currentThread(). This may cause the unexpected use of the original definition of java.lang.Thread java.lang.Thread.currentThread()in methods that have already been compiled.
12-06 23:29:31.059 W/com.pnr.tv( 6007): Redefining intrinsic method boolean java.lang.Thread.interrupted(). This may cause the unexpected use of the original definition of boolean java.lang.Thread.interrupted()in methods that have already been compiled.
12-06 23:29:32.773 D/nativeloader( 6007): Configuring clns-7 for other apk /data/app/~~7En2Hot3WpWcfEWuX3-Y-A==/com.pnr.tv-fYIeh40kV42ZHWAO6tELAg==/base.apk. target_sdk_version=34, uses_libraries=, library_path=/data/app/~~7En2Hot3WpWcfEWuX3-Y-A==/com.pnr.tv-fYIeh40kV42ZHWAO6tELAg==/lib/x86:/data/app/~~7En2Hot3WpWcfEWuX3-Y-A==/com.pnr.tv-fYIeh40kV42ZHWAO6tELAg==/base.apk!/lib/x86, permitted_path=/data:/mnt/expand:/data/user/0/com.pnr.tv
12-06 23:29:32.853 I/com.pnr.tv( 6007): AssetManager2(0xf2602f54) locale list changing from [] to [en-US]
12-06 23:29:32.855 I/com.pnr.tv( 6007): AssetManager2(0xf26057d4) locale list changing from [] to [en-US]
12-06 23:29:32.877 V/GraphicsEnvironment( 6007): com.pnr.tv is not listed in per-application setting
12-06 23:29:32.878 V/GraphicsEnvironment( 6007): com.pnr.tv is not listed in ANGLE allowlist or settings, returning default
12-06 23:29:32.917 W/com.pnr.tv( 6007): Method void com.google.android.gms.common.api.internal.BackgroundDetector.initialize(android.app.Application) failed lock verification and will run slower.
12-06 23:29:32.917 W/com.pnr.tv( 6007): Common causes for lock verification issues are non-optimized dex code
12-06 23:29:32.917 W/com.pnr.tv( 6007): and incorrect proguard optimizations.
12-06 23:29:32.918 W/com.pnr.tv( 6007): Method void com.google.android.gms.common.api.internal.BackgroundDetector.zza(boolean) failed lock verification and will run slower.
12-06 23:29:32.918 W/com.pnr.tv( 6007): Method void com.google.android.gms.common.api.internal.BackgroundDetector.addListener(com.google.android.gms.common.api.internal.BackgroundDetector$BackgroundStateChangeListener) failed lock verification and will run slower.
12-06 23:29:32.991 W/com.pnr.tv( 6007): Method void com.google.android.gms.tasks.zzw.zzi() failed lock verification and will run slower.
12-06 23:29:32.994 W/com.pnr.tv( 6007): Method void com.google.android.gms.tasks.zzr.zza(com.google.android.gms.tasks.zzq) failed lock verification and will run slower.
12-06 23:29:32.994 W/com.pnr.tv( 6007): Method void com.google.android.gms.tasks.zzr.zzb(com.google.android.gms.tasks.Task) failed lock verification and will run slower.
12-06 23:29:32.996 W/com.pnr.tv( 6007): Method void com.google.android.gms.common.internal.zzag.zzc(android.content.Context) failed lock verification and will run slower.
12-06 23:29:33.003 W/com.pnr.tv( 6007): Method void com.google.android.gms.common.zzn.zzj() failed lock verification and will run slower.
12-06 23:29:33.020 W/com.pnr.tv( 6007): Method java.lang.ClassLoader com.google.android.gms.dynamite.zzb.zzb() failed lock verification and will run slower.
12-06 23:29:33.021 W/com.pnr.tv( 6007): Method java.lang.Thread com.google.android.gms.dynamite.zzb.zzc() failed lock verification and will run slower.
12-06 23:29:33.021 W/com.pnr.tv( 6007): Method void com.google.android.gms.dynamite.zza.run() failed lock verification and will run slower.
12-06 23:29:33.080 I/com.pnr.tv( 6007): AssetManager2(0xf2605354) locale list changing from [] to [en-US]
12-06 23:29:33.131 I/com.pnr.tv( 6007): AssetManager2(0xf2609b54) locale list changing from [] to [en-US]
12-06 23:29:33.133 I/com.pnr.tv( 6007): AssetManager2(0xf2608954) locale list changing from [] to [en-US]
12-06 23:29:33.168 I/com.pnr.tv( 6007): AssetManager2(0xf260bd14) locale list changing from [] to [en-US]
12-06 23:29:33.372 W/com.pnr.tv( 6007): Verification of void androidx.appcompat.app.AppCompatDelegateImpl.setOnBackInvokedDispatcher(android.window.OnBackInvokedDispatcher) took 125.977ms (849.36 bytecodes/s) (0B arena alloc)
12-06 23:29:33.380 W/com.pnr.tv( 6007): Verification of void m.pk.<clinit>() took 139.831ms (11792.78 bytecodes/s) (0B arena alloc)
12-06 23:29:33.383 I/com.pnr.tv( 6007): AssetManager2(0xf260ec54) locale list changing from [] to [en-US]
12-06 23:29:33.499 I/FA      ( 6007):   adb shell setprop debug.firebase.analytics.app com.pnr.tv
12-06 23:29:33.542 W/com.pnr.tv( 6007): Method void com.google.android.gms.tasks.zzn.zzc() failed lock verification and will run slower.
12-06 23:29:33.543 W/com.pnr.tv( 6007): Method void com.google.android.gms.tasks.zzn.zzd(com.google.android.gms.tasks.Task) failed lock verification and will run slower.
12-06 23:29:33.543 W/com.pnr.tv( 6007): Method void com.google.android.gms.tasks.zzl.zzc() failed lock verification and will run slower.
12-06 23:29:33.543 W/com.pnr.tv( 6007): Method void com.google.android.gms.tasks.zzl.zzd(com.google.android.gms.tasks.Task) failed lock verification and will run slower.
12-06 23:29:33.545 W/com.pnr.tv( 6007): Method void com.google.android.gms.tasks.zzh.zzc() failed lock verification and will run slower.
12-06 23:29:33.545 W/com.pnr.tv( 6007): Method void com.google.android.gms.tasks.zzh.zzd(com.google.android.gms.tasks.Task) failed lock verification and will run slower.
12-06 23:29:33.553 W/com.pnr.tv( 6007): Method void com.google.android.gms.tasks.zzm.run() failed lock verification and will run slower.
12-06 23:29:33.794 I/com.pnr.tv( 6007): hiddenapi: Accessing hidden method Landroid/view/View;->computeFitSystemWindows(Landroid/graphics/Rect;Landroid/graphics/Rect;)Z (runtime_flags=0, domain=platform, api=unsupported) from Landroidx/appcompat/widget/ViewUtils; (domain=app) using reflection: allowed
12-06 23:29:33.795 I/com.pnr.tv( 6007): hiddenapi: Accessing hidden method Landroid/view/ViewGroup;->makeOptionalFitsSystemWindows()V (runtime_flags=0, domain=platform, api=unsupported) from Landroidx/appcompat/widget/ViewUtils; (domain=app) using reflection: allowed
12-06 23:29:34.710 I/BLASTSyncEngine(  676): Unfinished container: ActivityRecord{249801478 u0 com.pnr.tv/.MainActivity t11}
12-06 23:29:34.711 I/BLASTSyncEngine(  676): Unfinished container: Task{1afd5c7 #11 type=standard A=10092:com.pnr.tv}
12-06 23:29:34.724 V/WindowManager(  676): Sent Transition (#28) createdAt=12-06 23:29:29.706 via request=TransitionRequestInfo { type = OPEN, triggerTask = TaskInfo{userId=0 taskId=11 effectiveUid=10092 displayId=0 isRunning=true baseIntent=Intent { act=android.intent.action.MAIN cat=[android.intent.category.LEANBACK_LAUNCHER] flg=0x10000000 cmp=com.pnr.tv/.MainActivity } baseActivity=ComponentInfo{com.pnr.tv/com.pnr.tv.MainActivity} topActivity=ComponentInfo{com.pnr.tv/com.pnr.tv.MainActivity} origActivity=null realActivity=ComponentInfo{com.pnr.tv/com.pnr.tv.MainActivity} numActivities=1 lastActiveTime=6625728 supportsMultiWindow=false resizeMode=1 isResizeable=true minWidth=-1 minHeight=-1 defaultMinSize=220 token=WCT{RemoteToken{e9f8684 Task{1afd5c7 #11 type=standard A=10092:com.pnr.tv}}} topActivityType=1 pictureInPictureParams=null shouldDockBigOverlays=true launchIntoPipHostTaskId=-1 lastParentTaskIdBeforePip=-1 displayCutoutSafeInsets=Rect(0, 0 - 0, 0) topActivityInfo=ActivityInfo{300ae6d com.pnr.tv.MainActivity} launchCookies=[] positionInParent=Point(0, 0) parentTaskId=-1 isFocused=false isVisible=false isVisibleRequested=false isTopActivityNoDisplay=false isSleeping=false locusId=null displayAreaFeatureId=1 isTopActivityTransparent=false isActivityStackTransparent=false lastNonFullscreenBounds=Rect(1374, 108 - 2467, 2052) capturedLink=null capturedLinkTimestamp=0 requestedVisibleTypes=-9 topActivityRequestOpenInBrowserEducationTimestamp=0 appCompatTaskInfo=AppCompatTaskInfo { topActivityInSizeCompat=false eligibleForLetterboxEducation= false isLetterboxEducationEnabled= false isLetterboxDoubleTapEnabled= false eligibleForUserAspectRatioButton= false topActivityBoundsLetterboxed= false isFromLetterboxDoubleTap= false topActivityLetterboxVerticalPosition= -1 topActivityLetterboxHorizontalPosition= -1 topActivityLetterboxWidth=-1 topActivityLetterboxHeight=-1 topActivityAppBounds=Rect(0, 0 - 3840, 2160) isUserFullscreenOverrideEnabled=false isSystemFullscreenOverrideEnabled=false hasMinAspectRatioOverride=false topActivityLetterboxBounds=null cameraCompatTaskInfo=CameraCompatTaskInfo { freeformCameraCompatMode=inactive}} topActivityMainWindowFrame=null}, pipChange = null, remoteTransition = null, displayChange = null, flags = 0, debugId = 28 }
12-06 23:29:34.724 V/WindowManager(  676):         {WCT{RemoteToken{e9f8684 Task{1afd5c7 #11 type=standard A=10092:com.pnr.tv}}} m=OPEN f=NONE leash=Surface(name=Task=11)/@0xa657316 sb=Rect(0, 0 - 3840, 2160) eb=Rect(0, 0 - 3840, 2160) epz=Point(3840, 2160) d=0 taskParent=-1},
12-06 23:29:34.780 I/com.pnr.tv( 6007): hiddenapi: Accessing hidden method Ljava/lang/invoke/MethodHandles$Lookup;-><init>(Ljava/lang/Class;I)V (runtime_flags=0, domain=core-platform, api=unsupported) from Lretrofit2/Platform; (domain=app) using reflection: allowed
12-06 23:29:35.092 D/CoreBackPreview(  676): Window{f3e3e25 u0 com.pnr.tv/com.pnr.tv.MainActivity}: Setting back callback OnBackInvokedCallbackInfo{mCallback=android.window.IOnBackInvokedCallback$Stub$Proxy@32fd5ab, mPriority=0, mIsAnimationCallback=false, mOverrideBehavior=0}
12-06 23:29:35.649 I/ActivityTaskManager(  676): Displayed com.pnr.tv/.MainActivity for user 0: +5s938ms
12-06 23:29:35.711 I/ImeTracker(  676): com.pnr.tv:fdc5ef81: onRequestHide at ORIGIN_SERVER reason HIDE_UNSPECIFIED_WINDOW fromUser false
12-06 23:29:35.742 I/ImeTracker( 6007): com.pnr.tv:fdc5ef81: onCancelled at PHASE_CLIENT_ALREADY_HIDDEN
12-06 23:29:35.746 I/GoogleInputMethodService( 2056): GoogleInputMethodService.onStartInput():1345 onStartInput(EditorInfo{EditorInfo{packageName=com.pnr.tv, inputType=0, inputTypeString=NULL, enableLearning=false, autoCorrection=false, autoComplete=false, imeOptions=0, privateImeOptions=null, actionName=UNSPECIFIED, actionLabel=null, initialSelStart=-1, initialSelEnd=-1, initialCapsMode=0, label=null, fieldId=0, fieldName=null, extras=null, hintText=null, hintLocales=[]}}, false)
12-06 23:29:35.797 W/PackageConfigPersister(  676): App-specific configuration not found for packageName: com.pnr.tv and userId: 0
12-06 23:29:35.874 W/ProcessStats(  676): Tracking association SourceState{94aab49 com.pnr.tv/10092 BTop #4314} whose proc state 2 is better than process ProcessState{82bbbbd com.google.android.gms.persistent/10053 pkg=com.google.android.gms} proc state 3 (146 skipped)
12-06 23:29:39.121 D/ProfileInstaller( 6007): Installing profile for com.pnr.tv
12-06 23:29:42.956 I/GoogleInputMethodService( 2056): GoogleInputMethodService.onStartInput():1345 onStartInput(EditorInfo{EditorInfo{packageName=com.pnr.tv, inputType=0, inputTypeString=NULL, enableLearning=false, autoCorrection=false, autoComplete=false, imeOptions=0, privateImeOptions=null, actionName=UNSPECIFIED, actionLabel=null, initialSelStart=-1, initialSelEnd=-1, initialCapsMode=0, label=null, fieldId=0, fieldName=null, extras=null, hintText=null, hintLocales=[]}}, false)
12-06 23:29:42.964 W/PackageConfigPersister(  676): App-specific configuration not found for packageName: com.pnr.tv and userId: 0
12-06 23:29:43.490 I/ImeTracker( 6007): com.pnr.tv:db2cb518: onRequestHide at ORIGIN_CLIENT reason HIDE_SOFT_INPUT_CLOSE_CURRENT_SESSION fromUser false
12-06 23:29:43.491 I/ImeTracker( 6007): com.pnr.tv:db2cb518: onCancelled at PHASE_CLIENT_ALREADY_HIDDEN
12-06 23:29:44.362 I/GoogleInputMethodService( 2056): GoogleInputMethodService.onStartInput():1345 onStartInput(EditorInfo{EditorInfo{packageName=com.pnr.tv, inputType=0, inputTypeString=NULL, enableLearning=false, autoCorrection=false, autoComplete=false, imeOptions=0, privateImeOptions=null, actionName=UNSPECIFIED, actionLabel=null, initialSelStart=-1, initialSelEnd=-1, initialCapsMode=0, label=null, fieldId=0, fieldName=null, extras=null, hintText=null, hintLocales=[]}}, false)
12-06 23:29:44.366 W/PackageConfigPersister(  676): App-specific configuration not found for packageName: com.pnr.tv and userId: 0
12-06 23:29:45.068 I/com.pnr.tv( 6007): Background concurrent mark compact GC freed 5028KB AllocSpace bytes, 7(140KB) LOS objects, 49% free, 10MB/20MB, paused 5.238ms,3.894ms total 374.585ms
12-06 23:29:46.638 I/ImeTracker( 6007): com.pnr.tv:168f3fcc: onRequestHide at ORIGIN_CLIENT reason HIDE_SOFT_INPUT_CLOSE_CURRENT_SESSION fromUser false
12-06 23:29:46.638 I/ImeTracker( 6007): com.pnr.tv:168f3fcc: onCancelled at PHASE_CLIENT_ALREADY_HIDDEN
12-06 23:29:46.680 I/com.pnr.tv( 6007): Background concurrent mark compact GC freed 8656KB AllocSpace bytes, 28(1296KB) LOS objects, 49% free, 10MB/21MB, paused 1.258ms,5.958ms total 110.375ms
12-06 23:29:46.850 I/GoogleInputMethodService( 2056): GoogleInputMethodService.onStartInput():1345 onStartInput(EditorInfo{EditorInfo{packageName=com.pnr.tv, inputType=0, inputTypeString=NULL, enableLearning=false, autoCorrection=false, autoComplete=false, imeOptions=0, privateImeOptions=null, actionName=UNSPECIFIED, actionLabel=null, initialSelStart=-1, initialSelEnd=-1, initialCapsMode=0, label=null, fieldId=0, fieldName=null, extras=null, hintText=null, hintLocales=[]}}, false)
12-06 23:29:46.859 W/PackageConfigPersister(  676): App-specific configuration not found for packageName: com.pnr.tv and userId: 0
12-06 23:29:47.990 I/ActivityTaskManager(  676): START u0 {xflg=0x4 cmp=com.pnr.tv/.PlayerActivity (has extras)} with LAUNCH_MULTIPLE from uid 10092 (rr=249801478) (BAL_ALLOW_VISIBLE_WINDOW) result code=0
12-06 23:29:47.990 V/WindowManagerShell( 1156): Transition requested (#29): android.os.BinderProxy@6f18d26 TransitionRequestInfo { type = OPEN, triggerTask = TaskInfo{userId=0 taskId=11 effectiveUid=10092 displayId=0 isRunning=true baseIntent=Intent { act=android.intent.action.MAIN cat=[android.intent.category.LEANBACK_LAUNCHER] flg=0x10000000 cmp=com.pnr.tv/.MainActivity } baseActivity=ComponentInfo{com.pnr.tv/com.pnr.tv.MainActivity} topActivity=ComponentInfo{com.pnr.tv/com.pnr.tv.PlayerActivity} origActivity=null realActivity=ComponentInfo{com.pnr.tv/com.pnr.tv.MainActivity} numActivities=2 lastActiveTime=6643987 supportsMultiWindow=false resizeMode=1 isResizeable=true minWidth=-1 minHeight=-1 defaultMinSize=220 token=WCT{android.window.IWindowContainerToken$Stub$Proxy@f3edd67} topActivityType=1 pictureInPictureParams=null shouldDockBigOverlays=true launchIntoPipHostTaskId=-1 lastParentTaskIdBeforePip=-1 displayCutoutSafeInsets=Rect(0, 0 - 0, 0) topActivityInfo=ActivityInfo{9e3d714 com.pnr.tv.PlayerActivity} launchCookies=[] positionInParent=Point(0, 0) parentTaskId=-1 isFocused=true isVisible=true isVisibleRequested=true isTopActivityNoDisplay=false isSleeping=false locusId=null displayAreaFeatureId=1 isTopActivityTransparent=false isActivityStackTransparent=false lastNonFullscreenBounds=Rect(1374, 108 - 2467, 2052) capturedLink=null capturedLinkTimestamp=0 requestedVisibleTypes=-9 topActivityRequestOpenInBrowserEducationTimestamp=0 appCompatTaskInfo=AppCompatTaskInfo { topActivityInSizeCompat=false eligibleForLetterboxEducation= false isLetterboxEducationEnabled= false isLetterboxDoubleTapEnabled= false eligibleForUserAspectRatioButton= false topActivityBoundsLetterboxed= false isFromLetterboxDoubleTap= false topActivityLetterboxVerticalPosition= -1 topActivityLetterboxHorizontalPosition= -1 topActivityLetterboxWidth=-1 topActivityLetterboxHeight=-1 topActivityAppBounds=Rect(0, 0 - 3840, 2160) isUserFullscreenOverrideEnabled=false isSystemFullscreenOverrideEnabled=false hasMinAspectRatioOverride=false topActivityLetterboxBounds=null cameraCompatTaskInfo=CameraCompatTaskInfo { freeformCameraCompatMode=inactive}} topActivityMainWindowFrame=null}, pipChange = null, remoteTransition = null, displayChange = null, flags = 0, debugId = 29 }
12-06 23:29:48.042 I/com.pnr.tv( 6007): AssetManager2(0xf2612254) locale list changing from [] to [en-US]
12-06 23:29:48.091 D/PlayerControlView( 6007): ✅ Tüm view'lar focusable yapıldı
12-06 23:29:48.181 D/PlayerActivity( 6007): 🔍 onCreate: playerControlView null mu? false
12-06 23:29:48.191 D/PlayerControlView( 6007): 📝 İçerik bilgisi ayarlandı: Altered - 2025  •  6.6 ⭐
12-06 23:29:48.319 I/com.pnr.tv( 6007): hiddenapi: Accessing hidden method Landroid/media/AudioTrack;->getLatency()I (runtime_flags=0, domain=platform, api=unsupported) from Landroidx/media3/exoplayer/audio/AudioTrackPositionTracker; (domain=app) using reflection: allowed
12-06 23:29:48.427 D/PlayerControlView( 6007): 🎮 Buton durumu güncellendi: isPlaying=false
12-06 23:29:48.432 D/PlayerActivity( 6007): 🎬 Video URL: http://global3b.xyz:8080/movie/suayuk/nDUAR2DW66ec1/728314.mp4, Content ID: movie_728314
12-06 23:29:48.432 D/PlayerViewModel( 6007): 🎬 playVideo çağrıldı: url=http://global3b.xyz:8080/movie/suayuk/nDUAR2DW66ec1/728314.mp4, contentId=movie_728314
12-06 23:29:48.433 D/PlayerViewModel( 6007): 🔍 Player null mu? false
12-06 23:29:48.433 D/PlayerViewModel( 6007): 📺 MediaItem oluşturuldu: http://global3b.xyz:8080/movie/suayuk/nDUAR2DW66ec1/728314.mp4
12-06 23:29:48.450 D/PlayerViewModel( 6007): ✅ Player prepare() çağrıldı
12-06 23:29:48.450 D/PlayerViewModel( 6007): 🎮 player?.play() çağrılıyor (hemen)...
12-06 23:29:48.452 D/PlayerViewModel( 6007): ✅ player?.play() çağrıldı, playbackState: 2
12-06 23:29:48.452 D/PlayerViewModel( 6007): 🔍 contentId var, coroutine başlatılıyor: movie_728314
12-06 23:29:48.454 D/PlayerViewModel$playVideo( 6007): 🔍 Coroutine başladı, playback position kontrol ediliyor...
12-06 23:29:48.460 D/PlayerViewModel$playVideo( 6007): 🔍 Saved position: null
12-06 23:29:48.460 D/PlayerViewModel$playVideo( 6007): ▶️ Yeni video, baştan başlatılıyor
12-06 23:29:48.463 D/PlayerActivity( 6007): 🔍 onStart: ExoPlayer null mu? false
12-06 23:29:48.465 D/PlayerActivity( 6007): ✅ ExoPlayer PlayerView'a atandı
12-06 23:29:48.523 D/CoreBackPreview(  676): Window{8b35e9d u0 com.pnr.tv/com.pnr.tv.PlayerActivity}: Setting back callback OnBackInvokedCallbackInfo{mCallback=android.window.IOnBackInvokedCallback$Stub$Proxy@5b256e3, mPriority=0, mIsAnimationCallback=false, mOverrideBehavior=0}
12-06 23:29:48.698 V/WindowManagerShell( 1156):         {m=OPEN f=FILLS_TASK leash=Surface(name=ActivityRecord{32491874 u0 com.pnr.tv/.PlayerActivity)/@0xf02dbbd sb=Rect(0, 0 - 0, 0) eb=Rect(0, 0 - 3840, 2160) epz=Point(3840, 2160) d=-1->0 r=-1->0:-1 bc=ff303030 component=com.pnr.tv/.PlayerActivity opt={t=FROM_STYLE mUserId=0}},
12-06 23:29:48.698 V/WindowManagerShell( 1156):         {m=TO_BACK f=FILLS_TASK leash=Surface(name=ActivityRecord{249801478 u0 com.pnr.tv/.MainActivity)/@0x45955b2 sb=Rect(0, 0 - 3840, 2160) eb=Rect(0, 0 - 3840, 2160) epz=Point(3840, 2160) d=0 bc=ff303030 component=com.pnr.tv/.MainActivity opt={t=FROM_STYLE mUserId=0}}
12-06 23:29:48.698 I/ActivityTaskManager(  676): Displayed com.pnr.tv/.PlayerActivity for user 0: +703ms
12-06 23:29:48.701 V/WindowManagerShell( 1156): Transition doesn't have explicit remote, search filters for match for {id=29 t=OPEN f=0x0 trk=0 r=[0@Point(0, 0)] c=[{m=OPEN f=FILLS_TASK leash=Surface(name=ActivityRecord{32491874 u0 com.pnr.tv/.PlayerActivity)/@0xf02dbbd sb=Rect(0, 0 - 0, 0) eb=Rect(0, 0 - 3840, 2160) epz=Point(3840, 2160) d=-1->0 r=-1->0:-1 bc=ff303030 component=com.pnr.tv/.PlayerActivity opt={t=FROM_STYLE mUserId=0}},{m=TO_BACK f=FILLS_TASK leash=Surface(name=ActivityRecord{249801478 u0 com.pnr.tv/.MainActivity)/@0x45955b2 sb=Rect(0, 0 - 3840, 2160) eb=Rect(0, 0 - 3840, 2160) epz=Point(3840, 2160) d=0 bc=ff303030 component=com.pnr.tv/.MainActivity opt={t=FROM_STYLE mUserId=0}}]}
12-06 23:29:48.702 V/WindowManagerShell( 1156): start default transition animation, info = {id=29 t=OPEN f=0x0 trk=0 r=[0@Point(0, 0)] c=[{m=OPEN f=FILLS_TASK leash=Surface(name=ActivityRecord{32491874 u0 com.pnr.tv/.PlayerActivity)/@0xf02dbbd sb=Rect(0, 0 - 0, 0) eb=Rect(0, 0 - 3840, 2160) epz=Point(3840, 2160) d=-1->0 r=-1->0:-1 bc=ff303030 component=com.pnr.tv/.PlayerActivity opt={t=FROM_STYLE mUserId=0}},{m=TO_BACK f=FILLS_TASK leash=Surface(name=ActivityRecord{249801478 u0 com.pnr.tv/.MainActivity)/@0x45955b2 sb=Rect(0, 0 - 3840, 2160) eb=Rect(0, 0 - 3840, 2160) epz=Point(3840, 2160) d=0 bc=ff303030 component=com.pnr.tv/.MainActivity opt={t=FROM_STYLE mUserId=0}}]}
12-06 23:29:48.702 V/WindowManager(  676): Sent Transition (#29) createdAt=12-06 23:29:47.984 via request=TransitionRequestInfo { type = OPEN, triggerTask = TaskInfo{userId=0 taskId=11 effectiveUid=10092 displayId=0 isRunning=true baseIntent=Intent { act=android.intent.action.MAIN cat=[android.intent.category.LEANBACK_LAUNCHER] flg=0x10000000 cmp=com.pnr.tv/.MainActivity } baseActivity=ComponentInfo{com.pnr.tv/com.pnr.tv.MainActivity} topActivity=ComponentInfo{com.pnr.tv/com.pnr.tv.PlayerActivity} origActivity=null realActivity=ComponentInfo{com.pnr.tv/com.pnr.tv.MainActivity} numActivities=2 lastActiveTime=6643987 supportsMultiWindow=false resizeMode=1 isResizeable=true minWidth=-1 minHeight=-1 defaultMinSize=220 token=WCT{RemoteToken{e9f8684 Task{1afd5c7 #11 type=standard A=10092:com.pnr.tv}}} topActivityType=1 pictureInPictureParams=null shouldDockBigOverlays=true launchIntoPipHostTaskId=-1 lastParentTaskIdBeforePip=-1 displayCutoutSafeInsets=Rect(0, 0 - 0, 0) topActivityInfo=ActivityInfo{3a97e3f com.pnr.tv.PlayerActivity} launchCookies=[] positionInParent=Point(0, 0) parentTaskId=-1 isFocused=true isVisible=true isVisibleRequested=true isTopActivityNoDisplay=false isSleeping=false locusId=null displayAreaFeatureId=1 isTopActivityTransparent=false isActivityStackTransparent=false lastNonFullscreenBounds=Rect(1374, 108 - 2467, 2052) capturedLink=null capturedLinkTimestamp=0 requestedVisibleTypes=-9 topActivityRequestOpenInBrowserEducationTimestamp=0 appCompatTaskInfo=AppCompatTaskInfo { topActivityInSizeCompat=false eligibleForLetterboxEducation= false isLetterboxEducationEnabled= false isLetterboxDoubleTapEnabled= false eligibleForUserAspectRatioButton= false topActivityBoundsLetterboxed= false isFromLetterboxDoubleTap= false topActivityLetterboxVerticalPosition= -1 topActivityLetterboxHorizontalPosition= -1 topActivityLetterboxWidth=-1 topActivityLetterboxHeight=-1 topActivityAppBounds=Rect(0, 0 - 3840, 2160) isUserFullscreenOverrideEnabled=false isSystemFullscreenOverrideEnabled=false hasMinAspectRatioOverride=false topActivityLetterboxBounds=null cameraCompatTaskInfo=CameraCompatTaskInfo { freeformCameraCompatMode=inactive}} topActivityMainWindowFrame=null}, pipChange = null, remoteTransition = null, displayChange = null, flags = 0, debugId = 29 }
12-06 23:29:48.702 V/WindowManager(  676):         {m=OPEN f=FILLS_TASK leash=Surface(name=ActivityRecord{32491874 u0 com.pnr.tv/.PlayerActivity)/@0x3ec4799 sb=Rect(0, 0 - 0, 0) eb=Rect(0, 0 - 3840, 2160) epz=Point(3840, 2160) d=-1->0 r=-1->0:-1 bc=ff303030 component=com.pnr.tv/.PlayerActivity opt={t=FROM_STYLE mUserId=0}},
12-06 23:29:48.702 V/WindowManager(  676):         {m=TO_BACK f=FILLS_TASK leash=Surface(name=ActivityRecord{249801478 u0 com.pnr.tv/.MainActivity)/@0x9fa58e0 sb=Rect(0, 0 - 3840, 2160) eb=Rect(0, 0 - 3840, 2160) epz=Point(3840, 2160) d=0 bc=ff303030 component=com.pnr.tv/.MainActivity opt={t=FROM_STYLE mUserId=0}}
12-06 23:29:48.776 I/ImeTracker(  676): com.pnr.tv:c1d108f8: onRequestHide at ORIGIN_SERVER reason HIDE_UNSPECIFIED_WINDOW fromUser false
12-06 23:29:48.779 I/ImeTracker( 6007): com.pnr.tv:c1d108f8: onCancelled at PHASE_CLIENT_ALREADY_HIDDEN
12-06 23:29:48.795 I/GoogleInputMethodService( 2056): GoogleInputMethodService.onStartInput():1345 onStartInput(EditorInfo{EditorInfo{packageName=com.pnr.tv, inputType=0, inputTypeString=NULL, enableLearning=false, autoCorrection=false, autoComplete=false, imeOptions=0, privateImeOptions=null, actionName=UNSPECIFIED, actionLabel=null, initialSelStart=-1, initialSelEnd=-1, initialCapsMode=0, label=null, fieldId=0, fieldName=null, extras=null, hintText=null, hintLocales=[]}}, false)
12-06 23:29:48.810 W/PackageConfigPersister(  676): App-specific configuration not found for packageName: com.pnr.tv and userId: 0
12-06 23:29:50.731 D/PlayerActivity( 6007): 🎮 Tuş basıldı: keyCode=19
12-06 23:29:50.732 D/PlayerActivity( 6007): 📱 Kontrol paneli gösteriliyor...
12-06 23:29:50.732 D/PlayerActivity( 6007): 🔍 playerControlView null mu? false
12-06 23:29:50.732 D/PlayerControlView( 6007): 🎛️ showControls() çağrıldı
12-06 23:29:50.733 D/PlayerControlView( 6007): 🔍 showControls: visibility=8, isFirstPanelOpen=true
12-06 23:29:50.733 D/PlayerControlView( 6007): 🔍 showControls: isFirstOpen=true
12-06 23:29:50.733 D/PlayerControlView( 6007): ▶️ Panel gösteriliyor ve animasyon başlatılıyor
12-06 23:29:50.736 D/PlayerControlView( 6007): 🔍 Visibility ayarlandı: parent=0, top=0, bottom=0
12-06 23:29:50.737 D/PlayerControlView( 6007): 🔍 Elevation: 20.0, Parent: ConstraintLayout
12-06 23:29:50.743 D/PlayerControlView( 6007): ✅ Panel gösterildi, 8 saniye sonra otomatik gizlenecek
12-06 23:29:50.771 D/PlayerControlView( 6007): 🔍 Child view boyutları:
12-06 23:29:50.771 D/PlayerControlView( 6007):   - panelTopSection: 3840x160, visibility=0
12-06 23:29:50.772 D/PlayerControlView( 6007):   - panelBottomSection: 3840x480, visibility=0
12-06 23:29:50.772 D/PlayerControlView( 6007):   - txtContentTitle: 603x76, visibility=0, text='Altered - 2025  •  6.6 ⭐'
12-06 23:29:50.772 D/PlayerControlView( 6007):   - seekbarProgress: 3712x16, visibility=0
12-06 23:29:50.772 D/PlayerControlView( 6007):   - btnPlay: 192x192, visibility=0
12-06 23:29:50.773 D/PlayerControlView( 6007):   - btnStop: 0x0, visibility=8
12-06 23:29:50.792 I/GoogleInputMethodService( 2056): GoogleInputMethodService.onStartInput():1345 onStartInput(EditorInfo{EditorInfo{packageName=com.pnr.tv, inputType=0, inputTypeString=NULL, enableLearning=false, autoCorrection=false, autoComplete=false, imeOptions=0, privateImeOptions=null, actionName=UNSPECIFIED, actionLabel=null, initialSelStart=-1, initialSelEnd=-1, initialCapsMode=0, label=null, fieldId=0, fieldName=null, extras=null, hintText=null, hintLocales=[]}}, false)
12-06 23:29:50.793 W/PackageConfigPersister(  676): App-specific configuration not found for packageName: com.pnr.tv and userId: 0
12-06 23:29:51.063 D/PlayerControlView$showControls( 6007): 🎯 İlk açılış: Play butonuna focus verildi
12-06 23:29:51.274 D/PlayerControlView$showControls$2$onAnimationEnd( 6007): ✅ İlk focus süresi bitti, click aktif
12-06 23:29:52.877 D/PlayerActivity( 6007): 🎮 Tuş basıldı: keyCode=22
12-06 23:29:52.878 D/PlayerActivity( 6007): 📱 Kontrol paneli gösteriliyor...
12-06 23:29:52.879 D/PlayerActivity( 6007): 🔍 playerControlView null mu? false
12-06 23:29:52.880 D/PlayerControlView( 6007): 🎛️ showControls() çağrıldı
12-06 23:29:52.881 D/PlayerControlView( 6007): 🔍 showControls: visibility=0, isFirstPanelOpen=false
12-06 23:29:52.882 D/PlayerControlView( 6007): 🔍 showControls: isFirstOpen=false
12-06 23:29:52.883 D/PlayerControlView( 6007): ℹ️ Panel zaten görünür, sayaç sıfırlanıyor
12-06 23:29:53.559 E/com.pnr.tv( 6007): Failed to query component interface for required system resources: 6
12-06 23:29:53.773 E/com.pnr.tv( 6007): Failed to query component interface for required system resources: 6
12-06 23:29:54.144 W/com.pnr.tv( 6007): Weak pointer dereference blocked for 12 milliseconds.
12-06 23:29:54.246 I/com.pnr.tv( 6007): Background concurrent mark compact GC freed 1034KB AllocSpace bytes, 12(6244KB) LOS objects, 49% free, 24MB/48MB, paused 1.417ms,2.458ms total 242.689ms
12-06 23:29:54.506 E/AppOps  (  676): attributionTag  not declared in manifest of com.pnr.tv
12-06 23:29:54.510 E/AppOps  (  676): attributionTag  not declared in manifest of com.pnr.tv
12-06 23:29:54.518 D/PlayerControlView( 6007): 🎮 Buton durumu güncellendi: isPlaying=true
12-06 23:29:56.343 D/PlayerActivity( 6007): 🎮 Tuş basıldı: keyCode=22
12-06 23:29:56.343 D/PlayerActivity( 6007): 📱 Kontrol paneli gösteriliyor...
12-06 23:29:56.343 D/PlayerActivity( 6007): 🔍 playerControlView null mu? false
12-06 23:29:56.349 D/PlayerControlView( 6007): 🎛️ showControls() çağrıldı
12-06 23:29:56.350 D/PlayerControlView( 6007): 🔍 showControls: visibility=0, isFirstPanelOpen=false
12-06 23:29:56.351 D/PlayerControlView( 6007): 🔍 showControls: isFirstOpen=false
12-06 23:29:56.352 D/PlayerControlView( 6007): ℹ️ Panel zaten görünür, sayaç sıfırlanıyor
12-06 23:29:57.860 D/PlayerControlView( 6007): ⏩ İleri Sar Butonu tıklandı
12-06 23:29:58.366 D/PlayerControlView( 6007): ⏩ İleri Sar Butonu tıklandı
12-06 23:29:58.662 D/PlayerControlView( 6007): ⏩ İleri Sar Butonu tıklandı
12-06 23:29:58.883 D/PlayerControlView( 6007): ⏩ İleri Sar Butonu tıklandı
12-06 23:29:59.079 D/PlayerControlView( 6007): ⏩ İleri Sar Butonu tıklandı
12-06 23:29:59.285 D/PlayerControlView( 6007): ⏩ İleri Sar Butonu tıklandı
12-06 23:29:59.487 D/PlayerControlView( 6007): ⏩ İleri Sar Butonu tıklandı
12-06 23:29:59.686 D/PlayerControlView( 6007): ⏩ İleri Sar Butonu tıklandı
12-06 23:29:59.871 D/PlayerControlView( 6007): ⏩ İleri Sar Butonu tıklandı
12-06 23:30:00.062 D/PlayerControlView( 6007): ⏩ İleri Sar Butonu tıklandı
12-06 23:30:00.269 D/PlayerControlView( 6007): ⏩ İleri Sar Butonu tıklandı
12-06 23:30:00.452 D/PlayerControlView( 6007): ⏩ İleri Sar Butonu tıklandı
12-06 23:30:01.454 D/PlayerControlView( 6007): ‼️ commitSeekPosition çağrıldı. isUserSeeking: true
12-06 23:30:01.458 E/AppOps  (  676): attributionTag  not declared in manifest of com.pnr.tv
12-06 23:30:01.458 E/AppOps  (  676): attributionTag  not declared in manifest of com.pnr.tv
12-06 23:30:01.463 D/PlayerControlView( 6007): 🎮 Buton durumu güncellendi: isPlaying=false
12-06 23:30:01.464 D/PlayerControlView( 6007): ✅ onSeekTo(0) çağrıldı.
12-06 23:30:01.464 D/PlayerControlView( 6007): ✅ Kilit kaldırıldı. isUserSeeking: false
12-06 23:30:01.478 D/PlayerControlView( 6007): 🎯 Video pozisyonu değiştirildi: 00:00
12-06 23:30:01.478 D/PlayerControlView$startSeekCommitTimer( 6007): ⏱️ SeekBar pozisyonu otomatik onaylandı (1 saniye timeout)
12-06 23:30:02.894 E/AppOps  (  676): attributionTag  not declared in manifest of com.pnr.tv
12-06 23:30:02.897 E/AppOps  (  676): attributionTag  not declared in manifest of com.pnr.tv
12-06 23:30:02.909 D/PlayerControlView( 6007): 🎮 Buton durumu güncellendi: isPlaying=true
12-06 23:30:05.938 D/PlayerActivity( 6007): 🎮 Tuş basıldı: keyCode=19
12-06 23:30:05.938 D/PlayerActivity( 6007): 📱 Kontrol paneli gösteriliyor...
12-06 23:30:05.938 D/PlayerActivity( 6007): 🔍 playerControlView null mu? false
12-06 23:30:05.938 D/PlayerControlView( 6007): 🎛️ showControls() çağrıldı
12-06 23:30:05.938 D/PlayerControlView( 6007): 🔍 showControls: visibility=0, isFirstPanelOpen=false
12-06 23:30:05.939 D/PlayerControlView( 6007): 🔍 showControls: isFirstOpen=false
12-06 23:30:05.939 D/PlayerControlView( 6007): ℹ️ Panel zaten görünür, sayaç sıfırlanıyor
12-06 23:30:06.529 D/PlayerControlView( 6007): ⏩ SeekBar ileri: 5s (normal basma)
12-06 23:30:06.903 D/PlayerControlView( 6007): ⏩ SeekBar ileri: 5s (normal basma)
12-06 23:30:07.105 D/PlayerControlView( 6007): ⏩ SeekBar ileri: 5s (normal basma)
12-06 23:30:07.290 D/PlayerControlView( 6007): ⏩ SeekBar ileri: 5s (normal basma)
12-06 23:30:07.494 D/PlayerControlView( 6007): ⏩ SeekBar ileri: 5s (normal basma)
12-06 23:30:07.682 D/PlayerControlView( 6007): ⏩ SeekBar ileri: 5s (normal basma)
12-06 23:30:08.101 D/PlayerControlView( 6007): ⏩ SeekBar ileri: 5s (normal basma)
12-06 23:30:08.134 D/PlayerControlView( 6007): ⏩ SeekBar ileri: 5s (normal basma)
12-06 23:30:08.192 D/PlayerControlView( 6007): ⏩ SeekBar ileri: 30s (uzun basma)
12-06 23:30:08.242 D/PlayerControlView( 6007): ⏩ SeekBar ileri: 30s (uzun basma)
12-06 23:30:08.289 D/PlayerControlView( 6007): ⏩ SeekBar ileri: 30s (uzun basma)
12-06 23:30:08.339 D/PlayerControlView( 6007): ⏩ SeekBar ileri: 30s (uzun basma)
12-06 23:30:08.392 D/PlayerControlView( 6007): ⏩ SeekBar ileri: 30s (uzun basma)
12-06 23:30:08.441 D/PlayerControlView( 6007): ⏩ SeekBar ileri: 30s (uzun basma)
12-06 23:30:08.507 D/PlayerControlView( 6007): ⏩ SeekBar ileri: 30s (uzun basma)
12-06 23:30:08.548 D/PlayerControlView( 6007): ⏩ SeekBar ileri: 30s (uzun basma)
12-06 23:30:08.605 D/PlayerControlView( 6007): ⏩ SeekBar ileri: 30s (uzun basma)
12-06 23:30:08.653 D/PlayerControlView( 6007): ⏩ SeekBar ileri: 30s (uzun basma)
12-06 23:30:08.713 D/PlayerControlView( 6007): ⏩ SeekBar ileri: 30s (uzun basma)
12-06 23:30:08.753 D/PlayerControlView( 6007): ⏩ SeekBar ileri: 30s (uzun basma)
12-06 23:30:08.805 D/PlayerControlView( 6007): ⏩ SeekBar ileri: 30s (uzun basma)
12-06 23:30:08.858 D/PlayerControlView( 6007): ⏩ SeekBar ileri: 30s (uzun basma)
12-06 23:30:08.907 D/PlayerControlView( 6007): ⏩ SeekBar ileri: 30s (uzun basma)
12-06 23:30:08.957 D/PlayerControlView( 6007): ⏩ SeekBar ileri: 30s (uzun basma)
12-06 23:30:09.012 D/PlayerControlView( 6007): ⏩ SeekBar ileri: 30s (uzun basma)
12-06 23:30:09.063 D/PlayerControlView( 6007): ⏩ SeekBar ileri: 30s (uzun basma)
12-06 23:30:09.114 D/PlayerControlView( 6007): ⏩ SeekBar ileri: 30s (uzun basma)
12-06 23:30:09.172 D/PlayerControlView( 6007): ⏩ SeekBar ileri: 30s (uzun basma)
12-06 23:30:09.226 D/PlayerControlView( 6007): ⏩ SeekBar ileri: 30s (uzun basma)
12-06 23:30:09.276 D/PlayerControlView( 6007): ⏩ SeekBar ileri: 30s (uzun basma)
12-06 23:30:09.339 D/PlayerControlView( 6007): ⏩ SeekBar ileri: 30s (uzun basma)
12-06 23:30:09.398 D/PlayerControlView( 6007): ⏩ SeekBar ileri: 30s (uzun basma)
12-06 23:30:09.449 D/PlayerControlView( 6007): ⏩ SeekBar ileri: 30s (uzun basma)
12-06 23:30:09.507 D/PlayerControlView( 6007): ⏩ SeekBar ileri: 30s (uzun basma)
12-06 23:30:09.558 D/PlayerControlView( 6007): ⏩ SeekBar ileri: 30s (uzun basma)
12-06 23:30:09.611 D/PlayerControlView( 6007): ⏩ SeekBar ileri: 30s (uzun basma)
12-06 23:30:09.669 D/PlayerControlView( 6007): ⏩ SeekBar ileri: 30s (uzun basma)
12-06 23:30:09.724 D/PlayerControlView( 6007): ⏩ SeekBar ileri: 30s (uzun basma)
12-06 23:30:09.775 D/PlayerControlView( 6007): ⏩ SeekBar ileri: 30s (uzun basma)
12-06 23:30:09.841 D/PlayerControlView( 6007): ⏩ SeekBar ileri: 30s (uzun basma)
12-06 23:30:09.893 D/PlayerControlView( 6007): ⏩ SeekBar ileri: 30s (uzun basma)
12-06 23:30:09.938 D/PlayerControlView( 6007): ⏩ SeekBar ileri: 30s (uzun basma)
12-06 23:30:09.996 D/PlayerControlView( 6007): ⏩ SeekBar ileri: 30s (uzun basma)
12-06 23:30:10.051 D/PlayerControlView( 6007): ⏩ SeekBar ileri: 30s (uzun basma)
12-06 23:30:10.095 D/PlayerControlView( 6007): ⏩ SeekBar ileri: 30s (uzun basma)
12-06 23:30:10.146 D/PlayerControlView( 6007): ⏩ SeekBar ileri: 30s (uzun basma)
12-06 23:30:10.199 D/PlayerControlView( 6007): ⏩ SeekBar ileri: 30s (uzun basma)
12-06 23:30:10.253 D/PlayerControlView( 6007): ⏩ SeekBar ileri: 30s (uzun basma)
12-06 23:30:10.319 D/PlayerControlView( 6007): ⏩ SeekBar ileri: 30s (uzun basma)
12-06 23:30:10.356 D/PlayerControlView( 6007): ⏩ SeekBar ileri: 30s (uzun basma)
12-06 23:30:10.414 D/PlayerControlView( 6007): ⏩ SeekBar ileri: 30s (uzun basma)
12-06 23:30:10.459 D/PlayerControlView( 6007): ⏩ SeekBar ileri: 30s (uzun basma)
12-06 23:30:11.094 D/PlayerControlView( 6007): ‼️ commitSeekPosition çağrıldı. isUserSeeking: true
12-06 23:30:11.099 D/PlayerControlView( 6007): 🎮 Buton durumu güncellendi: isPlaying=false
12-06 23:30:11.099 D/PlayerControlView( 6007): ✅ onSeekTo(0) çağrıldı.
12-06 23:30:11.100 D/PlayerControlView( 6007): ✅ Kilit kaldırıldı. isUserSeeking: false
12-06 23:30:11.101 D/PlayerControlView( 6007): 🎯 Video pozisyonu değiştirildi: 00:00
12-06 23:30:11.103 D/PlayerControlView( 6007): ✅ SeekBar pozisyonu onaylandı (OK tuşu)
12-06 23:30:11.112 E/AppOps  (  676): attributionTag  not declared in manifest of com.pnr.tv
12-06 23:30:11.114 E/AppOps  (  676): attributionTag  not declared in manifest of com.pnr.tv
12-06 23:30:12.582 E/AppOps  (  676): attributionTag  not declared in manifest of com.pnr.tv
12-06 23:30:12.583 E/AppOps  (  676): attributionTag  not declared in manifest of com.pnr.tv
12-06 23:30:12.593 D/PlayerControlView( 6007): 🎮 Buton durumu güncellendi: isPlaying=true
12-06 23:30:54.971 D/PlayerActivity( 6007): 🎮 Tuş basıldı: keyCode=23
12-06 23:30:54.971 D/PlayerActivity( 6007): 📱 Kontrol paneli gösteriliyor...
12-06 23:30:54.972 D/PlayerActivity( 6007): 🔍 playerControlView null mu? false
12-06 23:30:54.972 D/PlayerControlView( 6007): 🎛️ showControls() çağrıldı
12-06 23:30:54.972 D/PlayerControlView( 6007): 🔍 showControls: visibility=8, isFirstPanelOpen=false
12-06 23:30:54.973 D/PlayerControlView( 6007): 🔍 showControls: isFirstOpen=false
12-06 23:30:54.974 D/PlayerControlView( 6007): ▶️ Panel gösteriliyor ve animasyon başlatılıyor
12-06 23:30:54.975 D/PlayerControlView( 6007): 🔍 Visibility ayarlandı: parent=0, top=0, bottom=0
12-06 23:30:54.975 D/PlayerControlView( 6007): 🔍 Elevation: 20.0, Parent: ConstraintLayout
12-06 23:30:54.976 D/PlayerControlView( 6007): ✅ Panel gösterildi, 8 saniye sonra otomatik gizlenecek
12-06 23:30:54.988 D/PlayerControlView( 6007): 🔍 Child view boyutları:
12-06 23:30:54.988 D/PlayerControlView( 6007):   - panelTopSection: 3840x160, visibility=0
12-06 23:30:54.988 D/PlayerControlView( 6007):   - panelBottomSection: 3840x480, visibility=0
12-06 23:30:54.988 D/PlayerControlView( 6007):   - txtContentTitle: 603x76, visibility=0, text='Altered - 2025  •  6.6 ⭐'
12-06 23:30:54.988 D/PlayerControlView( 6007):   - seekbarProgress: 3712x16, visibility=0
12-06 23:30:54.988 D/PlayerControlView( 6007):   - btnPlay: 192x192, visibility=8
12-06 23:30:54.988 D/PlayerControlView( 6007):   - btnStop: 192x192, visibility=0
12-06 23:30:56.291 D/PlayerControlView( 6007): ⏩ SeekBar ileri: 5s (normal basma)
12-06 23:30:56.821 D/PlayerControlView( 6007): ⏩ SeekBar ileri: 5s (normal basma)
12-06 23:30:57.232 D/PlayerControlView( 6007): ⏩ SeekBar ileri: 5s (normal basma)
12-06 23:30:57.286 D/PlayerControlView( 6007): ⏩ SeekBar ileri: 5s (normal basma)
12-06 23:30:57.337 D/PlayerControlView( 6007): ⏩ SeekBar ileri: 30s (uzun basma)
12-06 23:30:57.386 D/PlayerControlView( 6007): ⏩ SeekBar ileri: 30s (uzun basma)
12-06 23:30:57.439 D/PlayerControlView( 6007): ⏩ SeekBar ileri: 30s (uzun basma)
12-06 23:30:57.488 D/PlayerControlView( 6007): ⏩ SeekBar ileri: 30s (uzun basma)
12-06 23:30:57.553 D/PlayerControlView( 6007): ⏩ SeekBar ileri: 30s (uzun basma)
12-06 23:30:57.601 D/PlayerControlView( 6007): ⏩ SeekBar ileri: 30s (uzun basma)
12-06 23:30:57.651 D/PlayerControlView( 6007): ⏩ SeekBar ileri: 30s (uzun basma)
12-06 23:30:57.704 D/PlayerControlView( 6007): ⏩ SeekBar ileri: 30s (uzun basma)
12-06 23:30:57.753 D/PlayerControlView( 6007): ⏩ SeekBar ileri: 30s (uzun basma)
12-06 23:30:57.803 D/PlayerControlView( 6007): ⏩ SeekBar ileri: 30s (uzun basma)
12-06 23:30:57.857 D/PlayerControlView( 6007): ⏩ SeekBar ileri: 30s (uzun basma)
12-06 23:30:57.907 D/PlayerControlView( 6007): ⏩ SeekBar ileri: 30s (uzun basma)
12-06 23:30:57.960 D/PlayerControlView( 6007): ⏩ SeekBar ileri: 30s (uzun basma)
12-06 23:30:58.311 D/PlayerActivity( 6007): 🎮 Tuş basıldı: keyCode=19
12-06 23:30:58.312 D/PlayerActivity( 6007): 📱 Kontrol paneli gösteriliyor...
12-06 23:30:58.312 D/PlayerActivity( 6007): 🔍 playerControlView null mu? false
12-06 23:30:58.312 D/PlayerControlView( 6007): 🎛️ showControls() çağrıldı
12-06 23:30:58.312 D/PlayerControlView( 6007): 🔍 showControls: visibility=0, isFirstPanelOpen=false
12-06 23:30:58.313 D/PlayerControlView( 6007): 🔍 showControls: isFirstOpen=false
12-06 23:30:58.313 D/PlayerControlView( 6007): ℹ️ Panel zaten görünür, sayaç sıfırlanıyor
12-06 23:30:58.709 D/PlayerControlView( 6007): ⏩ SeekBar ileri: 5s (normal basma)
12-06 23:30:58.906 D/PlayerControlView( 6007): ⏩ SeekBar ileri: 5s (normal basma)
12-06 23:30:59.146 D/PlayerControlView( 6007): ⏩ SeekBar ileri: 5s (normal basma)
12-06 23:30:59.502 D/PlayerControlView( 6007): ⏩ SeekBar ileri: 5s (normal basma)
12-06 23:30:59.556 D/PlayerControlView( 6007): ⏩ SeekBar ileri: 5s (normal basma)
12-06 23:30:59.608 D/PlayerControlView( 6007): ⏩ SeekBar ileri: 5s (normal basma)
12-06 23:30:59.660 D/PlayerControlView( 6007): ⏩ SeekBar ileri: 30s (uzun basma)
12-06 23:30:59.717 D/PlayerControlView( 6007): ⏩ SeekBar ileri: 30s (uzun basma)
12-06 23:30:59.776 D/PlayerControlView( 6007): ⏩ SeekBar ileri: 30s (uzun basma)
12-06 23:30:59.817 D/PlayerControlView( 6007): ⏩ SeekBar ileri: 30s (uzun basma)
12-06 23:30:59.866 D/PlayerControlView( 6007): ⏩ SeekBar ileri: 30s (uzun basma)
12-06 23:30:59.920 D/PlayerControlView( 6007): ⏩ SeekBar ileri: 30s (uzun basma)
12-06 23:30:59.971 D/PlayerControlView( 6007): ⏩ SeekBar ileri: 30s (uzun basma)
12-06 23:31:00.023 D/PlayerControlView( 6007): ⏩ SeekBar ileri: 30s (uzun basma)
12-06 23:31:00.075 D/PlayerControlView( 6007): ⏩ SeekBar ileri: 30s (uzun basma)
12-06 23:31:00.136 D/PlayerControlView( 6007): ⏩ SeekBar ileri: 30s (uzun basma)
12-06 23:31:00.179 D/PlayerControlView( 6007): ⏩ SeekBar ileri: 30s (uzun basma)
12-06 23:31:00.234 D/PlayerControlView( 6007): ⏩ SeekBar ileri: 30s (uzun basma)
12-06 23:31:00.285 D/PlayerControlView( 6007): ⏩ SeekBar ileri: 30s (uzun basma)
12-06 23:31:00.337 D/PlayerControlView( 6007): ⏩ SeekBar ileri: 30s (uzun basma)
12-06 23:31:00.386 D/PlayerControlView( 6007): ⏩ SeekBar ileri: 30s (uzun basma)
12-06 23:31:00.438 D/PlayerControlView( 6007): ⏩ SeekBar ileri: 30s (uzun basma)
12-06 23:31:00.489 D/PlayerControlView( 6007): ⏩ SeekBar ileri: 30s (uzun basma)
12-06 23:31:00.540 D/PlayerControlView( 6007): ⏩ SeekBar ileri: 30s (uzun basma)
12-06 23:31:00.591 D/PlayerControlView( 6007): ⏩ SeekBar ileri: 30s (uzun basma)
12-06 23:31:00.644 D/PlayerControlView( 6007): ⏩ SeekBar ileri: 30s (uzun basma)
12-06 23:31:00.694 D/PlayerControlView( 6007): ⏩ SeekBar ileri: 30s (uzun basma)
12-06 23:31:00.747 D/PlayerControlView( 6007): ⏩ SeekBar ileri: 30s (uzun basma)
12-06 23:31:00.805 D/PlayerControlView( 6007): ⏩ SeekBar ileri: 30s (uzun basma)
12-06 23:31:00.854 D/PlayerControlView( 6007): ⏩ SeekBar ileri: 30s (uzun basma)
12-06 23:31:00.909 D/PlayerControlView( 6007): ⏩ SeekBar ileri: 30s (uzun basma)
12-06 23:31:00.962 D/PlayerControlView( 6007): ⏩ SeekBar ileri: 30s (uzun basma)
12-06 23:31:01.007 D/PlayerControlView( 6007): ⏩ SeekBar ileri: 30s (uzun basma)
12-06 23:31:01.062 D/PlayerControlView( 6007): ⏩ SeekBar ileri: 30s (uzun basma)
12-06 23:31:01.108 D/PlayerControlView( 6007): ⏩ SeekBar ileri: 30s (uzun basma)
12-06 23:31:01.161 D/PlayerControlView( 6007): ⏩ SeekBar ileri: 30s (uzun basma)
12-06 23:31:01.211 D/PlayerControlView( 6007): ⏩ SeekBar ileri: 30s (uzun basma)
12-06 23:31:01.266 D/PlayerControlView( 6007): ⏩ SeekBar ileri: 30s (uzun basma)
12-06 23:31:01.316 D/PlayerControlView( 6007): ⏩ SeekBar ileri: 30s (uzun basma)
12-06 23:31:01.373 D/PlayerControlView( 6007): ⏩ SeekBar ileri: 30s (uzun basma)
12-06 23:31:01.422 D/PlayerControlView( 6007): ⏩ SeekBar ileri: 30s (uzun basma)
12-06 23:31:02.433 D/PlayerControlView( 6007): ‼️ commitSeekPosition çağrıldı. isUserSeeking: true
12-06 23:31:02.435 E/AppOps  (  676): attributionTag  not declared in manifest of com.pnr.tv
12-06 23:31:02.437 E/AppOps  (  676): attributionTag  not declared in manifest of com.pnr.tv
12-06 23:31:02.437 D/PlayerControlView( 6007): 🎮 Buton durumu güncellendi: isPlaying=false
12-06 23:31:02.439 D/PlayerControlView( 6007): ✅ onSeekTo(0) çağrıldı.
12-06 23:31:02.439 D/PlayerControlView( 6007): ✅ Kilit kaldırıldı. isUserSeeking: false
12-06 23:31:02.442 D/PlayerControlView( 6007): 🎯 Video pozisyonu değiştirildi: 00:00
12-06 23:31:02.442 D/PlayerControlView$startSeekCommitTimer( 6007): ⏱️ SeekBar pozisyonu otomatik onaylandı (1 saniye timeout)
12-06 23:31:04.002 E/AppOps  (  676): attributionTag  not declared in manifest of com.pnr.tv
12-06 23:31:04.003 E/AppOps  (  676): attributionTag  not declared in manifest of com.pnr.tv
12-06 23:31:04.014 D/PlayerControlView( 6007): 🎮 Buton durumu güncellendi: isPlaying=true
12-06 23:31:04.759 D/PlayerControlView$setupSeekBar( 6007): 👆 SeekBar tracking başladı
12-06 23:31:05.166 D/PlayerControlView( 6007): ‼️ commitSeekPosition çağrıldı. isUserSeeking: true
12-06 23:31:05.169 E/AppOps  (  676): attributionTag  not declared in manifest of com.pnr.tv
12-06 23:31:05.169 E/AppOps  (  676): attributionTag  not declared in manifest of com.pnr.tv
12-06 23:31:05.170 D/PlayerControlView( 6007): 🎮 Buton durumu güncellendi: isPlaying=false
12-06 23:31:05.172 D/PlayerControlView( 6007): ✅ onSeekTo(561059) çağrıldı.
12-06 23:31:05.174 D/PlayerControlView( 6007): ✅ Kilit kaldırıldı. isUserSeeking: false
12-06 23:31:05.175 D/PlayerControlView( 6007): 🎯 Video pozisyonu değiştirildi: 09:21
12-06 23:31:05.181 D/PlayerControlView$setupSeekBar( 6007): 👆 SeekBar tracking bitti
12-06 23:31:07.613 E/AppOps  (  676): attributionTag  not declared in manifest of com.pnr.tv
12-06 23:31:07.615 E/AppOps  (  676): attributionTag  not declared in manifest of com.pnr.tv
12-06 23:31:07.619 D/PlayerControlView( 6007): 🎮 Buton durumu güncellendi: isPlaying=true
12-06 23:31:10.360 I/com.pnr.tv( 6007): Background concurrent mark compact GC freed 15MB AllocSpace bytes, 8(388KB) LOS objects, 29% free, 57MB/81MB, paused 1.897ms,2.112ms total 142.713ms
12-06 23:31:17.687 I/com.pnr.tv( 6007): Background concurrent mark compact GC freed 808KB AllocSpace bytes, 0(0B) LOS objects, 22% free, 81MB/105MB, paused 951us,3.081ms total 140.664ms
12-06 23:32:12.555 E/AppOps  (  676): attributionTag  not declared in manifest of com.pnr.tv
