12-06 22:58:20.095 D/PlayerControlView( 5196): 🔍 showControls: visibility=0, isFirstPanelOpen=false
12-06 22:58:20.096 D/PlayerControlView( 5196): 🔍 showControls: isFirstOpen=false
12-06 22:58:20.097 D/PlayerControlView( 5196): ℹ️ Panel zaten görünür, sayaç sıfırlanıyor
12-06 22:58:20.503 D/PlayerControlView( 5196): 🎯 Backward'dan Stop butonuna focus
12-06 22:58:21.052 D/PlayerActivity( 5196): 🎮 Tuş basıldı: keyCode=21
12-06 22:58:21.052 D/PlayerActivity( 5196): 📱 Kontrol paneli gösteriliyor...
12-06 22:58:21.052 D/PlayerActivity( 5196): 🔍 playerControlView null mu? false
12-06 22:58:21.053 D/PlayerControlView( 5196): 🎛️ showControls() çağrıldı
12-06 22:58:21.053 D/PlayerControlView( 5196): 🔍 showControls: visibility=0, isFirstPanelOpen=false
12-06 22:58:21.053 D/PlayerControlView( 5196): 🔍 showControls: isFirstOpen=false
12-06 22:58:21.053 D/PlayerControlView( 5196): ℹ️ Panel zaten görünür, sayaç sıfırlanıyor
12-06 22:58:21.819 D/PlayerActivity( 5196): 🎮 Tuş basıldı: keyCode=22
12-06 22:58:21.821 D/PlayerActivity( 5196): 📱 Kontrol paneli gösteriliyor...
12-06 22:58:21.821 D/PlayerActivity( 5196): 🔍 playerControlView null mu? false
12-06 22:58:21.821 D/PlayerControlView( 5196): 🎛️ showControls() çağrıldı
12-06 22:58:21.821 D/PlayerControlView( 5196): 🔍 showControls: visibility=0, isFirstPanelOpen=false
12-06 22:58:21.822 D/PlayerControlView( 5196): 🔍 showControls: isFirstOpen=false
12-06 22:58:21.822 D/PlayerControlView( 5196): ℹ️ Panel zaten görünür, sayaç sıfırlanıyor
12-06 22:58:22.019 D/PlayerActivity( 5196): 🎮 Tuş basıldı: keyCode=22
12-06 22:58:22.020 D/PlayerActivity( 5196): 📱 Kontrol paneli gösteriliyor...
12-06 22:58:22.020 D/PlayerActivity( 5196): 🔍 playerControlView null mu? false
12-06 22:58:22.020 D/PlayerControlView( 5196): 🎛️ showControls() çağrıldı
12-06 22:58:22.020 D/PlayerControlView( 5196): 🔍 showControls: visibility=0, isFirstPanelOpen=false
12-06 22:58:22.020 D/PlayerControlView( 5196): 🔍 showControls: isFirstOpen=false
12-06 22:58:22.032 D/PlayerControlView( 5196): ℹ️ Panel zaten görünür, sayaç sıfırlanıyor
12-06 22:58:22.226 D/PlayerActivity( 5196): 🎮 Tuş basıldı: keyCode=22
12-06 22:58:22.226 D/PlayerActivity( 5196): 📱 Kontrol paneli gösteriliyor...
12-06 22:58:22.227 D/PlayerActivity( 5196): 🔍 playerControlView null mu? false
12-06 22:58:22.227 D/PlayerControlView( 5196): 🎛️ showControls() çağrıldı
12-06 22:58:22.228 D/PlayerControlView( 5196): 🔍 showControls: visibility=0, isFirstPanelOpen=false
12-06 22:58:22.229 D/PlayerControlView( 5196): 🔍 showControls: isFirstOpen=false
12-06 22:58:22.229 D/PlayerControlView( 5196): ℹ️ Panel zaten görünür, sayaç sıfırlanıyor
12-06 22:58:22.697 D/PlayerActivity( 5196): 🎮 Tuş basıldı: keyCode=22
12-06 22:58:22.697 D/PlayerActivity( 5196): 📱 Kontrol paneli gösteriliyor...
12-06 22:58:22.697 D/PlayerActivity( 5196): 🔍 playerControlView null mu? false
12-06 22:58:22.697 D/PlayerControlView( 5196): 🎛️ showControls() çağrıldı
12-06 22:58:22.697 D/PlayerControlView( 5196): 🔍 showControls: visibility=0, isFirstPanelOpen=false
12-06 22:58:22.698 D/PlayerControlView( 5196): 🔍 showControls: isFirstOpen=false
12-06 22:58:22.698 D/PlayerControlView( 5196): ℹ️ Panel zaten görünür, sayaç sıfırlanıyor
12-06 22:58:24.310 D/PlayerActivity( 5196): 🎮 Tuş basıldı: keyCode=19
12-06 22:58:24.311 D/PlayerActivity( 5196): 📱 Kontrol paneli gösteriliyor...
12-06 22:58:24.311 D/PlayerActivity( 5196): 🔍 playerControlView null mu? false
12-06 22:58:24.311 D/PlayerControlView( 5196): 🎛️ showControls() çağrıldı
12-06 22:58:24.311 D/PlayerControlView( 5196): 🔍 showControls: visibility=8, isFirstPanelOpen=false
12-06 22:58:24.311 D/PlayerControlView( 5196): 🔍 showControls: isFirstOpen=false
12-06 22:58:24.311 D/PlayerControlView( 5196): ▶️ Panel gösteriliyor ve animasyon başlatılıyor
12-06 22:58:24.315 D/PlayerControlView( 5196): 🔍 Visibility ayarlandı: parent=0, top=0, bottom=0
12-06 22:58:24.315 D/PlayerControlView( 5196): 🔍 Elevation: 20.0, Parent: ConstraintLayout
12-06 22:58:24.318 D/PlayerControlView( 5196): ✅ Panel gösterildi, 8 saniye sonra otomatik gizlenecek
12-06 22:58:24.328 D/PlayerControlView( 5196): 🔍 Child view boyutları:
12-06 22:58:24.328 D/PlayerControlView( 5196):   - panelTopSection: 3840x160, visibility=0
12-06 22:58:24.328 D/PlayerControlView( 5196):   - panelBottomSection: 3840x480, visibility=0
12-06 22:58:24.328 D/PlayerControlView( 5196):   - txtContentTitle: 603x76, visibility=0, text='Altered - 2025  •  6.6 ⭐'
12-06 22:58:24.328 D/PlayerControlView( 5196):   - seekbarProgress: 3712x16, visibility=0
12-06 22:58:24.329 D/PlayerControlView( 5196):   - btnPlay: 192x192, visibility=8
12-06 22:58:24.329 D/PlayerControlView( 5196):   - btnStop: 192x192, visibility=0
12-06 22:58:25.058 D/PlayerActivity( 5196): 🎮 Tuş basıldı: keyCode=19
12-06 22:58:25.058 D/PlayerActivity( 5196): 📱 Kontrol paneli gösteriliyor...
12-06 22:58:25.058 D/PlayerActivity( 5196): 🔍 playerControlView null mu? false
12-06 22:58:25.059 D/PlayerControlView( 5196): 🎛️ showControls() çağrıldı
12-06 22:58:25.059 D/PlayerControlView( 5196): 🔍 showControls: visibility=0, isFirstPanelOpen=false
12-06 22:58:25.059 D/PlayerControlView( 5196): 🔍 showControls: isFirstOpen=false
12-06 22:58:25.059 D/PlayerControlView( 5196): ℹ️ Panel zaten görünür, sayaç sıfırlanıyor
12-06 22:58:26.219 D/PlayerControlView( 5196): ✅ SeekBar pozisyonu onaylandı (OK tuşu)
12-06 22:58:26.979 D/PlayerControlView( 5196): ⏩ SeekBar ileri: 5s (normal basma)
12-06 22:58:27.452 D/PlayerControlView( 5196): ⏩ SeekBar ileri: 5s (normal basma)
12-06 22:58:27.857 D/PlayerControlView( 5196): ⏩ SeekBar ileri: 5s (normal basma)
12-06 22:58:27.901 D/PlayerControlView( 5196): ⏩ SeekBar ileri: 5s (normal basma)
12-06 22:58:27.954 D/PlayerControlView( 5196): ⏩ SeekBar ileri: 30s (uzun basma)
12-06 22:58:28.004 D/PlayerControlView( 5196): ⏩ SeekBar ileri: 30s (uzun basma)
12-06 22:58:28.055 D/PlayerControlView( 5196): ⏩ SeekBar ileri: 30s (uzun basma)
12-06 22:58:28.106 D/PlayerControlView( 5196): ⏩ SeekBar ileri: 30s (uzun basma)
12-06 22:58:28.158 D/PlayerControlView( 5196): ⏩ SeekBar ileri: 30s (uzun basma)
12-06 22:58:28.222 D/PlayerControlView( 5196): ⏩ SeekBar ileri: 30s (uzun basma)
12-06 22:58:28.270 D/PlayerControlView( 5196): ⏩ SeekBar ileri: 30s (uzun basma)
12-06 22:58:28.320 D/PlayerControlView( 5196): ⏩ SeekBar ileri: 30s (uzun basma)
12-06 22:58:28.371 D/PlayerControlView( 5196): ⏩ SeekBar ileri: 30s (uzun basma)
12-06 22:58:28.421 D/PlayerControlView( 5196): ⏩ SeekBar ileri: 30s (uzun basma)
12-06 22:58:28.483 D/PlayerControlView( 5196): ⏩ SeekBar ileri: 30s (uzun basma)
12-06 22:58:28.576 D/PlayerControlView( 5196): ⏩ SeekBar ileri: 5s (normal basma)
12-06 22:58:28.818 D/PlayerControlView( 5196): ⏩ SeekBar ileri: 5s (normal basma)
12-06 22:58:29.072 D/PlayerControlView( 5196): ⏩ SeekBar ileri: 5s (normal basma)
12-06 22:58:29.281 D/PlayerControlView( 5196): ⏩ SeekBar ileri: 5s (normal basma)
12-06 22:58:29.494 D/PlayerControlView( 5196): ⏩ SeekBar ileri: 5s (normal basma)
12-06 22:58:29.660 D/PlayerControlView( 5196): ⏩ SeekBar ileri: 5s (normal basma)
12-06 22:58:29.860 D/PlayerControlView( 5196): ⏩ SeekBar ileri: 5s (normal basma)
12-06 22:58:30.035 D/PlayerControlView( 5196): ⏩ SeekBar ileri: 5s (normal basma)
12-06 22:58:30.226 D/PlayerControlView( 5196): ⏩ SeekBar ileri: 5s (normal basma)
12-06 22:58:30.832 E/AppOps  (  676): attributionTag  not declared in manifest of com.pnr.tv
12-06 22:58:30.833 E/AppOps  (  676): attributionTag  not declared in manifest of com.pnr.tv
12-06 22:58:30.844 D/PlayerControlView( 5196): 🎮 Buton durumu güncellendi: isPlaying=false
12-06 22:58:30.846 D/PlayerControlView( 5196): 🎯 Video pozisyonu değiştirildi: 00:00
12-06 22:58:30.847 D/PlayerControlView( 5196): ✅ SeekBar pozisyonu onaylandı (OK tuşu)
12-06 22:58:31.660 D/PlayerControlView( 5196): ✅ SeekBar pozisyonu onaylandı (OK tuşu)
12-06 22:58:32.891 E/AppOps  (  676): attributionTag  not declared in manifest of com.pnr.tv
12-06 22:58:32.892 E/AppOps  (  676): attributionTag  not declared in manifest of com.pnr.tv
12-06 22:58:32.895 D/PlayerControlView( 5196): 🎮 Buton durumu güncellendi: isPlaying=true
12-06 22:58:33.951 D/PlayerControlView( 5196): 🎯 SeekBar'dan Stop butonuna focus
12-06 22:58:37.101 D/PlayerActivity( 5196): 🎮 Tuş basıldı: keyCode=19
12-06 22:58:37.106 D/PlayerActivity( 5196): 📱 Kontrol paneli gösteriliyor...
12-06 22:58:37.106 D/PlayerActivity( 5196): 🔍 playerControlView null mu? false
12-06 22:58:37.106 D/PlayerControlView( 5196): 🎛️ showControls() çağrıldı
12-06 22:58:37.106 D/PlayerControlView( 5196): 🔍 showControls: visibility=8, isFirstPanelOpen=false
12-06 22:58:37.106 D/PlayerControlView( 5196): 🔍 showControls: isFirstOpen=false
12-06 22:58:37.106 D/PlayerControlView( 5196): ▶️ Panel gösteriliyor ve animasyon başlatılıyor
12-06 22:58:37.107 D/PlayerControlView( 5196): 🔍 Visibility ayarlandı: parent=0, top=0, bottom=0
12-06 22:58:37.107 D/PlayerControlView( 5196): 🔍 Elevation: 20.0, Parent: ConstraintLayout
12-06 22:58:37.109 D/PlayerControlView( 5196): ✅ Panel gösterildi, 8 saniye sonra otomatik gizlenecek
12-06 22:58:37.119 D/PlayerControlView( 5196): 🔍 Child view boyutları:
12-06 22:58:37.119 D/PlayerControlView( 5196):   - panelTopSection: 3840x160, visibility=0
12-06 22:58:37.119 D/PlayerControlView( 5196):   - panelBottomSection: 3840x480, visibility=0
12-06 22:58:37.119 D/PlayerControlView( 5196):   - txtContentTitle: 603x76, visibility=0, text='Altered - 2025  •  6.6 ⭐'
12-06 22:58:37.119 D/PlayerControlView( 5196):   - seekbarProgress: 3712x16, visibility=0
12-06 22:58:37.120 D/PlayerControlView( 5196):   - btnPlay: 192x192, visibility=8
12-06 22:58:37.120 D/PlayerControlView( 5196):   - btnStop: 192x192, visibility=0
12-06 22:58:40.220 D/PlayerControlView( 5196): ⏩ SeekBar ileri: 5s (normal basma)
12-06 22:58:40.797 D/PlayerControlView( 5196): ⏩ SeekBar ileri: 5s (normal basma)
12-06 22:58:41.009 D/PlayerControlView( 5196): ⏩ SeekBar ileri: 5s (normal basma)
12-06 22:58:41.720 D/PlayerControlView( 5196): 🎯 SeekBar'dan Stop butonuna focus
12-06 22:58:42.017 D/PlayerControlView( 5196): 🎮 Buton durumu güncellendi: isPlaying=false
12-06 22:58:42.017 E/AppOps  (  676): attributionTag  not declared in manifest of com.pnr.tv
12-06 22:58:42.017 D/PlayerControlView( 5196): 🎯 Video pozisyonu değiştirildi: 00:00
12-06 22:58:42.018 D/PlayerControlView$startSeekCommitTimer( 5196): ⏱️ SeekBar pozisyonu otomatik onaylandı (1 saniye timeout)
12-06 22:58:42.018 E/AppOps  (  676): attributionTag  not declared in manifest of com.pnr.tv
12-06 22:58:42.728 D/PlayerControlView( 5196): 🎯 SeekBar'dan Play butonuna focus
12-06 22:58:43.309 E/AppOps  (  676): attributionTag  not declared in manifest of com.pnr.tv
12-06 22:58:43.310 E/AppOps  (  676): attributionTag  not declared in manifest of com.pnr.tv
12-06 22:58:43.313 D/PlayerControlView( 5196): 🎮 Buton durumu güncellendi: isPlaying=true
12-06 22:58:44.603 D/PlayerActivity( 5196): 🎮 Tuş basıldı: keyCode=19
12-06 22:58:44.604 D/PlayerActivity( 5196): 📱 Kontrol paneli gösteriliyor...
12-06 22:58:44.604 D/PlayerActivity( 5196): 🔍 playerControlView null mu? false
12-06 22:58:44.604 D/PlayerControlView( 5196): 🎛️ showControls() çağrıldı
12-06 22:58:44.604 D/PlayerControlView( 5196): 🔍 showControls: visibility=0, isFirstPanelOpen=false
12-06 22:58:44.604 D/PlayerControlView( 5196): 🔍 showControls: isFirstOpen=false
12-06 22:58:44.604 D/PlayerControlView( 5196): ℹ️ Panel zaten görünür, sayaç sıfırlanıyor
12-06 22:58:46.132 D/PlayerControlView( 5196): ⏩ SeekBar ileri: 5s (normal basma)
12-06 22:58:46.732 D/PlayerControlView( 5196): ⏩ SeekBar ileri: 5s (normal basma)
12-06 22:58:46.914 D/PlayerControlView( 5196): ⏩ SeekBar ileri: 5s (normal basma)
12-06 22:58:47.143 D/PlayerControlView( 5196): ⏩ SeekBar ileri: 5s (normal basma)
12-06 22:58:48.155 E/AppOps  (  676): attributionTag  not declared in manifest of com.pnr.tv
12-06 22:58:48.155 E/AppOps  (  676): attributionTag  not declared in manifest of com.pnr.tv
12-06 22:58:48.179 D/PlayerControlView( 5196): 🎮 Buton durumu güncellendi: isPlaying=false
12-06 22:58:48.183 D/PlayerControlView( 5196): 🎯 Video pozisyonu değiştirildi: 00:00
12-06 22:58:48.183 D/PlayerControlView$startSeekCommitTimer( 5196): ⏱️ SeekBar pozisyonu otomatik onaylandı (1 saniye timeout)
12-06 22:58:49.503 E/AppOps  (  676): attributionTag  not declared in manifest of com.pnr.tv
12-06 22:58:49.505 E/AppOps  (  676): attributionTag  not declared in manifest of com.pnr.tv
12-06 22:58:49.510 D/PlayerControlView( 5196): 🎮 Buton durumu güncellendi: isPlaying=true
12-06 22:59:01.239 D/PlayerActivity( 5196): 🎮 Tuş basıldı: keyCode=20
12-06 22:59:01.239 D/PlayerActivity( 5196): 📱 Kontrol paneli gösteriliyor...
12-06 22:59:01.239 D/PlayerActivity( 5196): 🔍 playerControlView null mu? false
12-06 22:59:01.239 D/PlayerControlView( 5196): 🎛️ showControls() çağrıldı
12-06 22:59:01.239 D/PlayerControlView( 5196): 🔍 showControls: visibility=8, isFirstPanelOpen=false
12-06 22:59:01.239 D/PlayerControlView( 5196): 🔍 showControls: isFirstOpen=false
12-06 22:59:01.240 D/PlayerControlView( 5196): ▶️ Panel gösteriliyor ve animasyon başlatılıyor
12-06 22:59:01.242 D/PlayerControlView( 5196): 🔍 Visibility ayarlandı: parent=0, top=0, bottom=0
12-06 22:59:01.243 D/PlayerControlView( 5196): 🔍 Elevation: 20.0, Parent: ConstraintLayout
12-06 22:59:01.246 D/PlayerControlView( 5196): ✅ Panel gösterildi, 8 saniye sonra otomatik gizlenecek
12-06 22:59:01.252 D/PlayerControlView( 5196): 🔍 Child view boyutları:
12-06 22:59:01.252 D/PlayerControlView( 5196):   - panelTopSection: 3840x160, visibility=0
12-06 22:59:01.252 D/PlayerControlView( 5196):   - panelBottomSection: 3840x480, visibility=0
12-06 22:59:01.252 D/PlayerControlView( 5196):   - txtContentTitle: 603x76, visibility=0, text='Altered - 2025  •  6.6 ⭐'
12-06 22:59:01.252 D/PlayerControlView( 5196):   - seekbarProgress: 3712x16, visibility=0
12-06 22:59:01.252 D/PlayerControlView( 5196):   - btnPlay: 192x192, visibility=8
12-06 22:59:01.252 D/PlayerControlView( 5196):   - btnStop: 192x192, visibility=0
12-06 22:59:02.989 D/PlayerControlView( 5196): 🎯 Backward'dan Stop butonuna focus
12-06 22:59:04.930 D/PlayerActivity( 5196): 🎮 Tuş basıldı: keyCode=22
12-06 22:59:04.930 D/PlayerActivity( 5196): 📱 Kontrol paneli gösteriliyor...
12-06 22:59:04.930 D/PlayerActivity( 5196): 🔍 playerControlView null mu? false
12-06 22:59:04.930 D/PlayerControlView( 5196): 🎛️ showControls() çağrıldı
12-06 22:59:04.930 D/PlayerControlView( 5196): 🔍 showControls: visibility=0, isFirstPanelOpen=false
12-06 22:59:04.930 D/PlayerControlView( 5196): 🔍 showControls: isFirstOpen=false
12-06 22:59:04.934 D/PlayerControlView( 5196): ℹ️ Panel zaten görünür, sayaç sıfırlanıyor
12-06 22:59:05.447 D/PlayerActivity( 5196): 🎮 Tuş basıldı: keyCode=22
12-06 22:59:05.447 D/PlayerActivity( 5196): 📱 Kontrol paneli gösteriliyor...
12-06 22:59:05.447 D/PlayerActivity( 5196): 🔍 playerControlView null mu? false
12-06 22:59:05.447 D/PlayerControlView( 5196): 🎛️ showControls() çağrıldı
12-06 22:59:05.448 D/PlayerControlView( 5196): 🔍 showControls: visibility=0, isFirstPanelOpen=false
12-06 22:59:05.448 D/PlayerControlView( 5196): 🔍 showControls: isFirstOpen=false
12-06 22:59:05.448 D/PlayerControlView( 5196): ℹ️ Panel zaten görünür, sayaç sıfırlanıyor
12-06 22:59:05.801 D/PlayerActivity( 5196): 🎮 Tuş basıldı: keyCode=22
12-06 22:59:05.802 D/PlayerActivity( 5196): 📱 Kontrol paneli gösteriliyor...
12-06 22:59:05.802 D/PlayerActivity( 5196): 🔍 playerControlView null mu? false
12-06 22:59:05.802 D/PlayerControlView( 5196): 🎛️ showControls() çağrıldı
12-06 22:59:05.802 D/PlayerControlView( 5196): 🔍 showControls: visibility=0, isFirstPanelOpen=false
12-06 22:59:05.802 D/PlayerControlView( 5196): 🔍 showControls: isFirstOpen=false
12-06 22:59:05.803 D/PlayerControlView( 5196): ℹ️ Panel zaten görünür, sayaç sıfırlanıyor
12-06 22:59:06.802 D/PlayerActivity( 5196): 🎮 Tuş basıldı: keyCode=19
12-06 22:59:06.802 D/PlayerActivity( 5196): 📱 Kontrol paneli gösteriliyor...
12-06 22:59:06.802 D/PlayerActivity( 5196): 🔍 playerControlView null mu? false
12-06 22:59:06.803 D/PlayerControlView( 5196): 🎛️ showControls() çağrıldı
12-06 22:59:06.803 D/PlayerControlView( 5196): 🔍 showControls: visibility=0, isFirstPanelOpen=false
12-06 22:59:06.803 D/PlayerControlView( 5196): 🔍 showControls: isFirstOpen=false
12-06 22:59:06.803 D/PlayerControlView( 5196): ℹ️ Panel zaten görünür, sayaç sıfırlanıyor
12-06 22:59:07.921 D/PlayerControlView( 5196): 🎯 SeekBar'dan Stop butonuna focus
12-06 22:59:09.121 D/PlayerActivity( 5196): 🎮 Tuş basıldı: keyCode=22
12-06 22:59:09.121 D/PlayerActivity( 5196): 📱 Kontrol paneli gösteriliyor...
12-06 22:59:09.121 D/PlayerActivity( 5196): 🔍 playerControlView null mu? false
12-06 22:59:09.122 D/PlayerControlView( 5196): 🎛️ showControls() çağrıldı
12-06 22:59:09.122 D/PlayerControlView( 5196): 🔍 showControls: visibility=0, isFirstPanelOpen=false
12-06 22:59:09.122 D/PlayerControlView( 5196): 🔍 showControls: isFirstOpen=false
12-06 22:59:09.122 D/PlayerControlView( 5196): ℹ️ Panel zaten görünür, sayaç sıfırlanıyor
12-06 22:59:09.453 D/PlayerActivity( 5196): 🎮 Tuş basıldı: keyCode=22
12-06 22:59:09.454 D/PlayerActivity( 5196): 📱 Kontrol paneli gösteriliyor...
12-06 22:59:09.454 D/PlayerActivity( 5196): 🔍 playerControlView null mu? false
12-06 22:59:09.454 D/PlayerControlView( 5196): 🎛️ showControls() çağrıldı
12-06 22:59:09.454 D/PlayerControlView( 5196): 🔍 showControls: visibility=0, isFirstPanelOpen=false
12-06 22:59:09.454 D/PlayerControlView( 5196): 🔍 showControls: isFirstOpen=false
12-06 22:59:09.455 D/PlayerControlView( 5196): ℹ️ Panel zaten görünür, sayaç sıfırlanıyor
12-06 22:59:09.756 D/PlayerActivity( 5196): 🎮 Tuş basıldı: keyCode=22
12-06 22:59:09.756 D/PlayerActivity( 5196): 📱 Kontrol paneli gösteriliyor...
12-06 22:59:09.756 D/PlayerActivity( 5196): 🔍 playerControlView null mu? false
12-06 22:59:09.757 D/PlayerControlView( 5196): 🎛️ showControls() çağrıldı
12-06 22:59:09.758 D/PlayerControlView( 5196): 🔍 showControls: visibility=0, isFirstPanelOpen=false
12-06 22:59:09.758 D/PlayerControlView( 5196): 🔍 showControls: isFirstOpen=false
12-06 22:59:09.758 D/PlayerControlView( 5196): ℹ️ Panel zaten görünür, sayaç sıfırlanıyor
12-06 22:59:10.563 D/PlayerActivity( 5196): 🎮 Tuş basıldı: keyCode=21
12-06 22:59:10.564 D/PlayerActivity( 5196): 📱 Kontrol paneli gösteriliyor...
12-06 22:59:10.564 D/PlayerActivity( 5196): 🔍 playerControlView null mu? false
12-06 22:59:10.565 D/PlayerControlView( 5196): 🎛️ showControls() çağrıldı
12-06 22:59:10.565 D/PlayerControlView( 5196): 🔍 showControls: visibility=0, isFirstPanelOpen=false
12-06 22:59:10.565 D/PlayerControlView( 5196): 🔍 showControls: isFirstOpen=false
12-06 22:59:10.565 D/PlayerControlView( 5196): ℹ️ Panel zaten görünür, sayaç sıfırlanıyor
12-06 22:59:10.965 D/PlayerActivity( 5196): 🎮 Tuş basıldı: keyCode=21
12-06 22:59:10.965 D/PlayerActivity( 5196): 📱 Kontrol paneli gösteriliyor...
12-06 22:59:10.965 D/PlayerActivity( 5196): 🔍 playerControlView null mu? false
12-06 22:59:10.966 D/PlayerControlView( 5196): 🎛️ showControls() çağrıldı
12-06 22:59:10.966 D/PlayerControlView( 5196): 🔍 showControls: visibility=0, isFirstPanelOpen=false
12-06 22:59:10.966 D/PlayerControlView( 5196): 🔍 showControls: isFirstOpen=false
12-06 22:59:10.966 D/PlayerControlView( 5196): ℹ️ Panel zaten görünür, sayaç sıfırlanıyor
12-06 22:59:11.338 D/PlayerControlView( 5196): 🎯 Backward'dan Stop butonuna focus
12-06 22:59:12.679 E/AppOps  (  676): attributionTag  not declared in manifest of com.pnr.tv
12-06 22:59:12.682 E/AppOps  (  676): attributionTag  not declared in manifest of com.pnr.tv
12-06 22:59:12.684 D/PlayerControlView( 5196): 🎮 Buton durumu güncellendi: isPlaying=false
12-06 22:59:12.685 D/PlayerControlView( 5196): 🎛️ showControls() çağrıldı
12-06 22:59:12.685 D/PlayerControlView( 5196): 🔍 showControls: visibility=0, isFirstPanelOpen=false
12-06 22:59:12.685 D/PlayerControlView( 5196): 🔍 showControls: isFirstOpen=false
12-06 22:59:12.685 D/PlayerControlView( 5196): ℹ️ Panel zaten görünür, sayaç sıfırlanıyor
12-06 22:59:12.686 D/PlayerControlView( 5196): ⏸️ Stop butonuna tıklandı
12-06 22:59:15.492 D/PlayerActivity( 5196): 🎮 Tuş basıldı: keyCode=19
12-06 22:59:15.493 D/PlayerActivity( 5196): 📱 Kontrol paneli gösteriliyor...
12-06 22:59:15.494 D/PlayerActivity( 5196): 🔍 playerControlView null mu? false
12-06 22:59:15.495 D/PlayerControlView( 5196): 🎛️ showControls() çağrıldı
12-06 22:59:15.496 D/PlayerControlView( 5196): 🔍 showControls: visibility=0, isFirstPanelOpen=false
12-06 22:59:15.497 D/PlayerControlView( 5196): 🔍 showControls: isFirstOpen=false
12-06 22:59:15.498 D/PlayerControlView( 5196): ℹ️ Panel zaten görünür, sayaç sıfırlanıyor
12-06 22:59:16.850 D/PlayerControlView( 5196): ⏩ SeekBar ileri: 5s (normal basma)
12-06 22:59:17.655 D/PlayerControlView( 5196): ⏩ SeekBar ileri: 5s (normal basma)
12-06 22:59:18.613 D/PlayerControlView( 5196): 🎯 SeekBar'dan Play butonuna focus
12-06 22:59:18.682 D/PlayerControlView( 5196): 🎯 Video pozisyonu değiştirildi: 00:00
12-06 22:59:18.683 D/PlayerControlView$startSeekCommitTimer( 5196): ⏱️ SeekBar pozisyonu otomatik onaylandı (1 saniye timeout)
12-06 22:59:19.347 D/PlayerControlView( 5196): 🎛️ showControls() çağrıldı
12-06 22:59:19.347 D/PlayerControlView( 5196): 🔍 showControls: visibility=0, isFirstPanelOpen=false
12-06 22:59:19.347 D/PlayerControlView( 5196): 🔍 showControls: isFirstOpen=false
12-06 22:59:19.347 D/PlayerControlView( 5196): ℹ️ Panel zaten görünür, sayaç sıfırlanıyor
12-06 22:59:19.349 D/PlayerControlView( 5196): ▶️ Play butonuna tıklandı
12-06 22:59:20.109 E/AppOps  (  676): attributionTag  not declared in manifest of com.pnr.tv
12-06 22:59:20.111 E/AppOps  (  676): attributionTag  not declared in manifest of com.pnr.tv
12-06 22:59:20.119 D/PlayerControlView( 5196): 🎮 Buton durumu güncellendi: isPlaying=true
12-06 22:59:20.432 D/PlayerControlView( 5196): ✅ SeekBar pozisyonu onaylandı (OK tuşu)
12-06 22:59:21.811 D/PlayerControlView( 5196): ✅ SeekBar pozisyonu onaylandı (OK tuşu)
12-06 23:01:46.809 I/com.pnr.tv( 5196): Background concurrent mark compact GC freed 2752KB AllocSpace bytes, 0(0B) LOS objects, 22% free, 83MB/107MB, paused 1.971ms,3.793ms total 169.928ms
12-06 23:03:39.678 I/ActivityManager(  676): Force stopping com.pnr.tv appid=10092 user=0: from pid 5378
12-06 23:03:39.689 I/ActivityManager(  676): Killing 5196:com.pnr.tv/u0a92 (adj 0): stop com.pnr.tv due to from pid 5378
12-06 23:03:39.708 E/AppOps  (  676): attributionTag  not declared in manifest of com.pnr.tv
12-06 23:03:39.708 E/AppOps  (  676): Operation not started: uid=10092 pkg=com.pnr.tv(null) op=CONTROL_AUDIO_PARTIAL
12-06 23:03:39.709 E/AppOps  (  676): attributionTag  not declared in manifest of com.pnr.tv
12-06 23:03:39.710 E/AppOps  (  676): Operation not started: uid=10092 pkg=com.pnr.tv(null) op=CONTROL_AUDIO
12-06 23:03:39.718 W/ActivityTaskManager(  676): Force removing ActivityRecord{455547 u0 com.pnr.tv/.PlayerActivity t8 f}}: app died, no saved state
12-06 23:03:39.730 I/AS.AudioService(  676): AudioHardening background playback would be muted for com.pnr.tv (10092), level: partial
12-06 23:03:39.749 W/ActivityTaskManager(  676): Force removing ActivityRecord{51782547 u0 com.pnr.tv/.MainActivity t8 f}}: app died, no saved state
12-06 23:03:39.750 W/UsageStatsService(  676): Unexpected activity event reported! (com.pnr.tv/com.pnr.tv.MainActivity event : 23 instanceId : 39656393)
12-06 23:03:39.808 I/ActivityManager(  676): Force stopping com.pnr.tv appid=10092 user=0: from pid 5376
12-06 23:03:39.808 I/WindowManager(  676):   Force removing ActivityRecord{455547 u0 com.pnr.tv/.PlayerActivity t8 f} isExiting}
12-06 23:03:39.809 W/WindowManager(  676): removeAppToken: Attempted to remove non-existing token: Token{d475598 ActivityRecord{455547 u0 com.pnr.tv/.PlayerActivity t8 f} isExiting}}
12-06 23:03:39.809 I/WindowManager(  676):   Force removing ActivityRecord{51782547 u0 com.pnr.tv/.MainActivity t8 f} isExiting}
12-06 23:03:39.809 W/WindowManager(  676): removeAppToken: Attempted to remove non-existing token: Token{25d1bc9 ActivityRecord{51782547 u0 com.pnr.tv/.MainActivity t8 f} isExiting}}
12-06 23:03:40.047 I/WindowManager(  676): WIN DEATH: Window{21515ae u0 com.pnr.tv/com.pnr.tv.PlayerActivity}
12-06 23:03:40.059 I/ImeTracker(  676): com.pnr.tv:d07103c9: onRequestHide at ORIGIN_SERVER reason HIDE_REMOVE_CLIENT fromUser false
12-06 23:03:40.060 I/ImeTracker(  676): com.pnr.tv:d07103c9: onCancelled at PHASE_SERVER_SHOULD_HIDE
12-06 23:03:40.073 V/ActivityManager(  676): Got obituary of 5196:com.pnr.tv
12-06 23:03:40.096 I/WindowManager(  676): WIN DEATH: Window{3397f43 u0 com.pnr.tv/com.pnr.tv.MainActivity}
12-06 23:03:40.804 V/WindowManager(  676):         {WCT{RemoteToken{fae2c31 Task{5f61fd0 #8 type=standard A=10092:com.pnr.tv}}} m=TO_BACK f=NONE leash=Surface(name=Task=8)/@0x5dfa9b5 sb=Rect(0, 0 - 3840, 2160) eb=Rect(0, 0 - 3840, 2160) epz=Point(3840, 2160) d=0 taskParent=-1}
12-06 23:03:41.318 W/WindowManager(  676): Exception thrown during dispatchAppVisibility Window{21515ae u0 com.pnr.tv/com.pnr.tv.PlayerActivity EXITING}
12-06 23:03:41.620 W/run-as  ( 5429): type=1400 audit(0.0:318): avc:  granted  { execute } for  name="install_server-69b40b6c" dev="dm-52" ino=344968 scontext=u:r:runas_app:s0:c92,c256,c512,c768 tcontext=u:object_r:app_data_file:s0:c92,c256,c512,c768 tclass=file app=com.pnr.tv
12-06 23:03:41.620 W/install_server-( 5429): type=1400 audit(0.0:319): avc:  granted  { execute } for  path="/data/data/com.pnr.tv/code_cache/install_server-69b40b6c" dev="dm-52" ino=344968 scontext=u:r:runas_app:s0:c92,c256,c512,c768 tcontext=u:object_r:app_data_file:s0:c92,c256,c512,c768 tclass=file app=com.pnr.tv
12-06 23:03:41.678 E/studio.deploy( 5429): ERROR: Could not remove dir '/data/data/com.pnr.tv/code_cache/.ll/': No such file or directory
12-06 23:03:41.770 I/ActivityManager(  676): Force stopping com.pnr.tv appid=10092 user=0: from pid 5434
12-06 23:03:42.344 I/ActivityTaskManager(  676): START u0 {act=android.intent.action.MAIN cat=[android.intent.category.LEANBACK_LAUNCHER] flg=0x10000000 xflg=0x4 cmp=com.pnr.tv/.MainActivity} with LAUNCH_MULTIPLE from uid 2000 (BAL_ALLOW_PERMISSION) result code=0
12-06 23:03:42.345 V/WindowManagerShell( 1156): Transition requested (#22): android.os.BinderProxy@c512a21 TransitionRequestInfo { type = OPEN, triggerTask = TaskInfo{userId=0 taskId=9 effectiveUid=10092 displayId=0 isRunning=true baseIntent=Intent { act=android.intent.action.MAIN cat=[android.intent.category.LEANBACK_LAUNCHER] flg=0x10000000 cmp=com.pnr.tv/.MainActivity } baseActivity=ComponentInfo{com.pnr.tv/com.pnr.tv.MainActivity} topActivity=ComponentInfo{com.pnr.tv/com.pnr.tv.MainActivity} origActivity=null realActivity=ComponentInfo{com.pnr.tv/com.pnr.tv.MainActivity} numActivities=1 lastActiveTime=5078343 supportsMultiWindow=false resizeMode=1 isResizeable=true minWidth=-1 minHeight=-1 defaultMinSize=220 token=WCT{android.window.IWindowContainerToken$Stub$Proxy@feb2e46} topActivityType=1 pictureInPictureParams=null shouldDockBigOverlays=true launchIntoPipHostTaskId=-1 lastParentTaskIdBeforePip=-1 displayCutoutSafeInsets=Rect(0, 0 - 0, 0) topActivityInfo=ActivityInfo{f603807 com.pnr.tv.MainActivity} launchCookies=[] positionInParent=Point(0, 0) parentTaskId=-1 isFocused=false isVisible=false isVisibleRequested=false isTopActivityNoDisplay=false isSleeping=false locusId=null displayAreaFeatureId=1 isTopActivityTransparent=false isActivityStackTransparent=false lastNonFullscreenBounds=Rect(1374, 108 - 2467, 2052) capturedLink=null capturedLinkTimestamp=0 requestedVisibleTypes=-9 topActivityRequestOpenInBrowserEducationTimestamp=0 appCompatTaskInfo=AppCompatTaskInfo { topActivityInSizeCompat=false eligibleForLetterboxEducation= false isLetterboxEducationEnabled= false isLetterboxDoubleTapEnabled= false eligibleForUserAspectRatioButton= false topActivityBoundsLetterboxed= false isFromLetterboxDoubleTap= false topActivityLetterboxVerticalPosition= -1 topActivityLetterboxHorizontalPosition= -1 topActivityLetterboxWidth=-1 topActivityLetterboxHeight=-1 topActivityAppBounds=Rect(0, 0 - 3840, 2160) isUserFullscreenOverrideEnabled=false isSystemFullscreenOverrideEnabled=false hasMinAspectRatioOverride=false topActivityLetterboxBounds=null cameraCompatTaskInfo=CameraCompatTaskInfo { freeformCameraCompatMode=inactive}} topActivityMainWindowFrame=null}, pipChange = null, remoteTransition = null, displayChange = null, flags = 0, debugId = 22 }
12-06 23:03:42.511 I/ActivityManager(  676): Start proc 5444:com.pnr.tv/u0a92 for next-top-activity {com.pnr.tv/com.pnr.tv.MainActivity}
12-06 23:03:42.598 I/com.pnr.tv( 5444): Late-enabling -Xcheck:jni
12-06 23:03:42.662 I/com.pnr.tv( 5444): Using CollectorTypeCMC GC.
12-06 23:03:42.666 W/com.pnr.tv( 5444): Unexpected CPU variant for x86: x86.
12-06 23:03:42.666 W/com.pnr.tv( 5444): Known variants: atom, sandybridge, silvermont, goldmont, goldmont-plus, goldmont-without-sha-xsaves, tremont, kabylake, alderlake, default
12-06 23:03:42.744 W/re-initialized>( 5444): type=1400 audit(0.0:357): avc:  granted  { execute } for  path="/data/data/com.pnr.tv/code_cache/startup_agents/69b40b6c-agent.so" dev="dm-52" ino=345219 scontext=u:r:untrusted_app:s0:c92,c256,c512,c768 tcontext=u:object_r:app_data_file:s0:c92,c256,c512,c768 tclass=file app=com.pnr.tv
12-06 23:03:42.748 D/nativeloader( 5444): Load /data/user/0/com.pnr.tv/code_cache/startup_agents/69b40b6c-agent.so using system ns (caller=<unknown>): ok
12-06 23:03:42.759 W/com.pnr.tv( 5444): hiddenapi: DexFile /data/data/com.pnr.tv/code_cache/.studio/instruments-cbb5ff5f.jar is in boot class path but is not in a known location
12-06 23:03:42.879 W/com.pnr.tv( 5444): Redefining intrinsic method java.lang.Thread java.lang.Thread.currentThread(). This may cause the unexpected use of the original definition of java.lang.Thread java.lang.Thread.currentThread()in methods that have already been compiled.
12-06 23:03:42.879 W/com.pnr.tv( 5444): Redefining intrinsic method boolean java.lang.Thread.interrupted(). This may cause the unexpected use of the original definition of boolean java.lang.Thread.interrupted()in methods that have already been compiled.
12-06 23:03:43.272 D/nativeloader( 5444): Configuring clns-7 for other apk /data/app/~~7En2Hot3WpWcfEWuX3-Y-A==/com.pnr.tv-fYIeh40kV42ZHWAO6tELAg==/base.apk. target_sdk_version=34, uses_libraries=, library_path=/data/app/~~7En2Hot3WpWcfEWuX3-Y-A==/com.pnr.tv-fYIeh40kV42ZHWAO6tELAg==/lib/x86:/data/app/~~7En2Hot3WpWcfEWuX3-Y-A==/com.pnr.tv-fYIeh40kV42ZHWAO6tELAg==/base.apk!/lib/x86, permitted_path=/data:/mnt/expand:/data/user/0/com.pnr.tv
12-06 23:03:43.331 I/com.pnr.tv( 5444): AssetManager2(0xf2602f54) locale list changing from [] to [en-US]
12-06 23:03:43.333 I/com.pnr.tv( 5444): AssetManager2(0xf26057d4) locale list changing from [] to [en-US]
12-06 23:03:43.340 V/GraphicsEnvironment( 5444): com.pnr.tv is not listed in per-application setting
12-06 23:03:43.341 V/GraphicsEnvironment( 5444): com.pnr.tv is not listed in ANGLE allowlist or settings, returning default
12-06 23:03:43.366 W/com.pnr.tv( 5444): Method void com.google.android.gms.common.api.internal.BackgroundDetector.initialize(android.app.Application) failed lock verification and will run slower.
12-06 23:03:43.366 W/com.pnr.tv( 5444): Common causes for lock verification issues are non-optimized dex code
12-06 23:03:43.366 W/com.pnr.tv( 5444): and incorrect proguard optimizations.
12-06 23:03:43.366 W/com.pnr.tv( 5444): Method void com.google.android.gms.common.api.internal.BackgroundDetector.zza(boolean) failed lock verification and will run slower.
12-06 23:03:43.366 W/com.pnr.tv( 5444): Method void com.google.android.gms.common.api.internal.BackgroundDetector.addListener(com.google.android.gms.common.api.internal.BackgroundDetector$BackgroundStateChangeListener) failed lock verification and will run slower.
12-06 23:03:43.428 W/com.pnr.tv( 5444): Method void com.google.android.gms.tasks.zzw.zzi() failed lock verification and will run slower.
12-06 23:03:43.430 W/com.pnr.tv( 5444): Method void com.google.android.gms.tasks.zzr.zza(com.google.android.gms.tasks.zzq) failed lock verification and will run slower.
12-06 23:03:43.430 W/com.pnr.tv( 5444): Method void com.google.android.gms.common.internal.zzag.zzc(android.content.Context) failed lock verification and will run slower.
12-06 23:03:43.430 W/com.pnr.tv( 5444): Method void com.google.android.gms.tasks.zzr.zzb(com.google.android.gms.tasks.Task) failed lock verification and will run slower.
12-06 23:03:43.437 W/com.pnr.tv( 5444): Method void com.google.android.gms.common.zzn.zzj() failed lock verification and will run slower.
12-06 23:03:43.454 W/com.pnr.tv( 5444): Method java.lang.ClassLoader com.google.android.gms.dynamite.zzb.zzb() failed lock verification and will run slower.
12-06 23:03:43.455 W/com.pnr.tv( 5444): Method java.lang.Thread com.google.android.gms.dynamite.zzb.zzc() failed lock verification and will run slower.
12-06 23:03:43.455 W/com.pnr.tv( 5444): Method void com.google.android.gms.dynamite.zza.run() failed lock verification and will run slower.
12-06 23:03:43.492 I/com.pnr.tv( 5444): AssetManager2(0xf2609b54) locale list changing from [] to [en-US]
12-06 23:03:43.517 I/com.pnr.tv( 5444): AssetManager2(0xf2605354) locale list changing from [] to [en-US]
12-06 23:03:43.519 I/com.pnr.tv( 5444): AssetManager2(0xf26069d4) locale list changing from [] to [en-US]
12-06 23:03:43.627 I/com.pnr.tv( 5444): AssetManager2(0xf2603f14) locale list changing from [] to [en-US]
12-06 23:03:43.769 W/com.pnr.tv( 5444): Verification of java.util.Set androidx.fragment.app.FragmentManager.collectChangedControllers(java.util.ArrayList, int, int) took 102.442ms (1005.44 bytecodes/s) (0B arena alloc)
12-06 23:03:43.802 I/FA      ( 5444):   adb shell setprop debug.firebase.analytics.app com.pnr.tv
12-06 23:03:43.821 I/com.pnr.tv( 5444): AssetManager2(0xf2600fd4) locale list changing from [] to [en-US]
12-06 23:03:43.841 W/com.pnr.tv( 5444): Method void com.google.android.gms.tasks.zzn.zzc() failed lock verification and will run slower.
12-06 23:03:43.842 W/com.pnr.tv( 5444): Method void com.google.android.gms.tasks.zzn.zzd(com.google.android.gms.tasks.Task) failed lock verification and will run slower.
12-06 23:03:43.842 W/com.pnr.tv( 5444): Method void com.google.android.gms.tasks.zzl.zzc() failed lock verification and will run slower.
12-06 23:03:43.842 W/com.pnr.tv( 5444): Method void com.google.android.gms.tasks.zzl.zzd(com.google.android.gms.tasks.Task) failed lock verification and will run slower.
12-06 23:03:43.843 W/com.pnr.tv( 5444): Method void com.google.android.gms.tasks.zzh.zzc() failed lock verification and will run slower.
12-06 23:03:43.843 W/com.pnr.tv( 5444): Method void com.google.android.gms.tasks.zzh.zzd(com.google.android.gms.tasks.Task) failed lock verification and will run slower.
12-06 23:03:43.851 W/com.pnr.tv( 5444): Method void com.google.android.gms.tasks.zzm.run() failed lock verification and will run slower.
12-06 23:03:44.160 I/com.pnr.tv( 5444): hiddenapi: Accessing hidden method Landroid/view/View;->computeFitSystemWindows(Landroid/graphics/Rect;Landroid/graphics/Rect;)Z (runtime_flags=0, domain=platform, api=unsupported) from Landroidx/appcompat/widget/ViewUtils; (domain=app) using reflection: allowed
12-06 23:03:44.160 I/com.pnr.tv( 5444): hiddenapi: Accessing hidden method Landroid/view/ViewGroup;->makeOptionalFitsSystemWindows()V (runtime_flags=0, domain=platform, api=unsupported) from Landroidx/appcompat/widget/ViewUtils; (domain=app) using reflection: allowed
12-06 23:03:44.608 I/com.pnr.tv( 5444): hiddenapi: Accessing hidden method Ljava/lang/invoke/MethodHandles$Lookup;-><init>(Ljava/lang/Class;I)V (runtime_flags=0, domain=core-platform, api=unsupported) from Lretrofit2/Platform; (domain=app) using reflection: allowed
12-06 23:03:44.770 D/CoreBackPreview(  676): Window{24dc96f u0 com.pnr.tv/com.pnr.tv.MainActivity}: Setting back callback OnBackInvokedCallbackInfo{mCallback=android.window.IOnBackInvokedCallback$Stub$Proxy@72e7b05, mPriority=0, mIsAnimationCallback=false, mOverrideBehavior=0}
12-06 23:03:45.157 I/ActivityTaskManager(  676): Displayed com.pnr.tv/.MainActivity for user 0: +2s819ms
12-06 23:03:45.158 V/WindowManager(  676): Sent Transition (#22) createdAt=12-06 23:03:42.330 via request=TransitionRequestInfo { type = OPEN, triggerTask = TaskInfo{userId=0 taskId=9 effectiveUid=10092 displayId=0 isRunning=true baseIntent=Intent { act=android.intent.action.MAIN cat=[android.intent.category.LEANBACK_LAUNCHER] flg=0x10000000 cmp=com.pnr.tv/.MainActivity } baseActivity=ComponentInfo{com.pnr.tv/com.pnr.tv.MainActivity} topActivity=ComponentInfo{com.pnr.tv/com.pnr.tv.MainActivity} origActivity=null realActivity=ComponentInfo{com.pnr.tv/com.pnr.tv.MainActivity} numActivities=1 lastActiveTime=5078343 supportsMultiWindow=false resizeMode=1 isResizeable=true minWidth=-1 minHeight=-1 defaultMinSize=220 token=WCT{RemoteToken{59605bd Task{bad48f2 #9 type=standard A=10092:com.pnr.tv}}} topActivityType=1 pictureInPictureParams=null shouldDockBigOverlays=true launchIntoPipHostTaskId=-1 lastParentTaskIdBeforePip=-1 displayCutoutSafeInsets=Rect(0, 0 - 0, 0) topActivityInfo=ActivityInfo{3ce37b2 com.pnr.tv.MainActivity} launchCookies=[] positionInParent=Point(0, 0) parentTaskId=-1 isFocused=false isVisible=false isVisibleRequested=false isTopActivityNoDisplay=false isSleeping=false locusId=null displayAreaFeatureId=1 isTopActivityTransparent=false isActivityStackTransparent=false lastNonFullscreenBounds=Rect(1374, 108 - 2467, 2052) capturedLink=null capturedLinkTimestamp=0 requestedVisibleTypes=-9 topActivityRequestOpenInBrowserEducationTimestamp=0 appCompatTaskInfo=AppCompatTaskInfo { topActivityInSizeCompat=false eligibleForLetterboxEducation= false isLetterboxEducationEnabled= false isLetterboxDoubleTapEnabled= false eligibleForUserAspectRatioButton= false topActivityBoundsLetterboxed= false isFromLetterboxDoubleTap= false topActivityLetterboxVerticalPosition= -1 topActivityLetterboxHorizontalPosition= -1 topActivityLetterboxWidth=-1 topActivityLetterboxHeight=-1 topActivityAppBounds=Rect(0, 0 - 3840, 2160) isUserFullscreenOverrideEnabled=false isSystemFullscreenOverrideEnabled=false hasMinAspectRatioOverride=false topActivityLetterboxBounds=null cameraCompatTaskInfo=CameraCompatTaskInfo { freeformCameraCompatMode=inactive}} topActivityMainWindowFrame=null}, pipChange = null, remoteTransition = null, displayChange = null, flags = 0, debugId = 22 }
12-06 23:03:45.158 V/WindowManager(  676):         {WCT{RemoteToken{59605bd Task{bad48f2 #9 type=standard A=10092:com.pnr.tv}}} m=OPEN f=NONE leash=Surface(name=Task=9)/@0xb7c4f26 sb=Rect(0, 0 - 3840, 2160) eb=Rect(0, 0 - 3840, 2160) epz=Point(3840, 2160) d=0 taskParent=-1},
12-06 23:03:45.235 I/ImeTracker(  676): com.pnr.tv:2f1946e: onRequestHide at ORIGIN_SERVER reason HIDE_UNSPECIFIED_WINDOW fromUser false
12-06 23:03:45.245 I/ImeTracker( 5444): com.pnr.tv:2f1946e: onCancelled at PHASE_CLIENT_ALREADY_HIDDEN
12-06 23:03:45.274 I/GoogleInputMethodService( 2056): GoogleInputMethodService.onStartInput():1345 onStartInput(EditorInfo{EditorInfo{packageName=com.pnr.tv, inputType=0, inputTypeString=NULL, enableLearning=false, autoCorrection=false, autoComplete=false, imeOptions=0, privateImeOptions=null, actionName=UNSPECIFIED, actionLabel=null, initialSelStart=-1, initialSelEnd=-1, initialCapsMode=0, label=null, fieldId=0, fieldName=null, extras=null, hintText=null, hintLocales=[]}}, false)
12-06 23:03:45.283 W/PackageConfigPersister(  676): App-specific configuration not found for packageName: com.pnr.tv and userId: 0
12-06 23:03:49.570 D/ProfileInstaller( 5444): Installing profile for com.pnr.tv
12-06 23:03:53.439 I/GoogleInputMethodService( 2056): GoogleInputMethodService.onStartInput():1345 onStartInput(EditorInfo{EditorInfo{packageName=com.pnr.tv, inputType=0, inputTypeString=NULL, enableLearning=false, autoCorrection=false, autoComplete=false, imeOptions=0, privateImeOptions=null, actionName=UNSPECIFIED, actionLabel=null, initialSelStart=-1, initialSelEnd=-1, initialCapsMode=0, label=null, fieldId=0, fieldName=null, extras=null, hintText=null, hintLocales=[]}}, false)
12-06 23:03:53.445 W/PackageConfigPersister(  676): App-specific configuration not found for packageName: com.pnr.tv and userId: 0
12-06 23:03:54.755 I/ImeTracker( 5444): com.pnr.tv:926f708d: onRequestHide at ORIGIN_CLIENT reason HIDE_SOFT_INPUT_CLOSE_CURRENT_SESSION fromUser false
12-06 23:03:54.755 I/ImeTracker( 5444): com.pnr.tv:926f708d: onCancelled at PHASE_CLIENT_ALREADY_HIDDEN
12-06 23:03:55.019 I/GoogleInputMethodService( 2056): GoogleInputMethodService.onStartInput():1345 onStartInput(EditorInfo{EditorInfo{packageName=com.pnr.tv, inputType=0, inputTypeString=NULL, enableLearning=false, autoCorrection=false, autoComplete=false, imeOptions=0, privateImeOptions=null, actionName=UNSPECIFIED, actionLabel=null, initialSelStart=-1, initialSelEnd=-1, initialCapsMode=0, label=null, fieldId=0, fieldName=null, extras=null, hintText=null, hintLocales=[]}}, false)
12-06 23:03:55.024 W/PackageConfigPersister(  676): App-specific configuration not found for packageName: com.pnr.tv and userId: 0
12-06 23:03:57.503 I/ImeTracker( 5444): com.pnr.tv:d969a978: onRequestHide at ORIGIN_CLIENT reason HIDE_SOFT_INPUT_CLOSE_CURRENT_SESSION fromUser false
12-06 23:03:57.503 I/ImeTracker( 5444): com.pnr.tv:d969a978: onCancelled at PHASE_CLIENT_ALREADY_HIDDEN
12-06 23:03:57.537 I/GoogleInputMethodService( 2056): GoogleInputMethodService.onStartInput():1345 onStartInput(EditorInfo{EditorInfo{packageName=com.pnr.tv, inputType=0, inputTypeString=NULL, enableLearning=false, autoCorrection=false, autoComplete=false, imeOptions=0, privateImeOptions=null, actionName=UNSPECIFIED, actionLabel=null, initialSelStart=-1, initialSelEnd=-1, initialCapsMode=0, label=null, fieldId=0, fieldName=null, extras=null, hintText=null, hintLocales=[]}}, false)
12-06 23:03:57.539 W/PackageConfigPersister(  676): App-specific configuration not found for packageName: com.pnr.tv and userId: 0
12-06 23:03:58.385 I/ActivityTaskManager(  676): START u0 {xflg=0x4 cmp=com.pnr.tv/.PlayerActivity (has extras)} with LAUNCH_MULTIPLE from uid 10092 (rr=212702205) (BAL_ALLOW_VISIBLE_WINDOW) result code=0
12-06 23:03:58.385 V/WindowManagerShell( 1156): Transition requested (#23): android.os.BinderProxy@2bf2bb8 TransitionRequestInfo { type = OPEN, triggerTask = TaskInfo{userId=0 taskId=9 effectiveUid=10092 displayId=0 isRunning=true baseIntent=Intent { act=android.intent.action.MAIN cat=[android.intent.category.LEANBACK_LAUNCHER] flg=0x10000000 cmp=com.pnr.tv/.MainActivity } baseActivity=ComponentInfo{com.pnr.tv/com.pnr.tv.MainActivity} topActivity=ComponentInfo{com.pnr.tv/com.pnr.tv.PlayerActivity} origActivity=null realActivity=ComponentInfo{com.pnr.tv/com.pnr.tv.MainActivity} numActivities=2 lastActiveTime=5094383 supportsMultiWindow=false resizeMode=1 isResizeable=true minWidth=-1 minHeight=-1 defaultMinSize=220 token=WCT{android.window.IWindowContainerToken$Stub$Proxy@307dd91} topActivityType=1 pictureInPictureParams=null shouldDockBigOverlays=true launchIntoPipHostTaskId=-1 lastParentTaskIdBeforePip=-1 displayCutoutSafeInsets=Rect(0, 0 - 0, 0) topActivityInfo=ActivityInfo{f01b4f6 com.pnr.tv.PlayerActivity} launchCookies=[] positionInParent=Point(0, 0) parentTaskId=-1 isFocused=true isVisible=true isVisibleRequested=true isTopActivityNoDisplay=false isSleeping=false locusId=null displayAreaFeatureId=1 isTopActivityTransparent=false isActivityStackTransparent=false lastNonFullscreenBounds=Rect(1374, 108 - 2467, 2052) capturedLink=null capturedLinkTimestamp=0 requestedVisibleTypes=-9 topActivityRequestOpenInBrowserEducationTimestamp=0 appCompatTaskInfo=AppCompatTaskInfo { topActivityInSizeCompat=false eligibleForLetterboxEducation= false isLetterboxEducationEnabled= false isLetterboxDoubleTapEnabled= false eligibleForUserAspectRatioButton= false topActivityBoundsLetterboxed= false isFromLetterboxDoubleTap= false topActivityLetterboxVerticalPosition= -1 topActivityLetterboxHorizontalPosition= -1 topActivityLetterboxWidth=-1 topActivityLetterboxHeight=-1 topActivityAppBounds=Rect(0, 0 - 3840, 2160) isUserFullscreenOverrideEnabled=false isSystemFullscreenOverrideEnabled=false hasMinAspectRatioOverride=false topActivityLetterboxBounds=null cameraCompatTaskInfo=CameraCompatTaskInfo { freeformCameraCompatMode=inactive}} topActivityMainWindowFrame=null}, pipChange = null, remoteTransition = null, displayChange = null, flags = 0, debugId = 23 }
12-06 23:03:58.420 I/com.pnr.tv( 5444): AssetManager2(0xf261df54) locale list changing from [] to [en-US]
12-06 23:03:58.461 D/PlayerControlView( 5444): ✅ Tüm view'lar focusable yapıldı
12-06 23:03:58.531 D/PlayerActivity( 5444): 🔍 onCreate: playerControlView null mu? false
12-06 23:03:58.534 D/PlayerControlView( 5444): 📝 İçerik bilgisi ayarlandı: Altered - 2025  •  6.6 ⭐
12-06 23:03:58.621 I/com.pnr.tv( 5444): hiddenapi: Accessing hidden method Landroid/media/AudioTrack;->getLatency()I (runtime_flags=0, domain=platform, api=unsupported) from Landroidx/media3/exoplayer/audio/AudioTrackPositionTracker; (domain=app) using reflection: allowed
12-06 23:03:58.696 D/PlayerControlView( 5444): 🎮 Buton durumu güncellendi: isPlaying=false
12-06 23:03:58.701 D/PlayerActivity( 5444): 🎬 Video URL: http://global3b.xyz:8080/movie/suayuk/nDUAR2DW66ec1/728314.mp4, Content ID: movie_728314
12-06 23:03:58.701 D/PlayerViewModel( 5444): 🎬 playVideo çağrıldı: url=http://global3b.xyz:8080/movie/suayuk/nDUAR2DW66ec1/728314.mp4, contentId=movie_728314
12-06 23:03:58.701 D/PlayerViewModel( 5444): 🔍 Player null mu? false
12-06 23:03:58.702 D/PlayerViewModel( 5444): 📺 MediaItem oluşturuldu: http://global3b.xyz:8080/movie/suayuk/nDUAR2DW66ec1/728314.mp4
12-06 23:03:58.719 D/PlayerViewModel( 5444): ✅ Player prepare() çağrıldı
12-06 23:03:58.720 D/PlayerViewModel( 5444): 🎮 player?.play() çağrılıyor (hemen)...
12-06 23:03:58.722 D/PlayerViewModel( 5444): ✅ player?.play() çağrıldı, playbackState: 2
12-06 23:03:58.722 D/PlayerViewModel( 5444): 🔍 contentId var, coroutine başlatılıyor: movie_728314
12-06 23:03:58.725 D/PlayerViewModel$playVideo( 5444): 🔍 Coroutine başladı, playback position kontrol ediliyor...
12-06 23:03:58.731 D/PlayerActivity( 5444): 🔍 onStart: ExoPlayer null mu? false
12-06 23:03:58.732 D/PlayerActivity( 5444): ✅ ExoPlayer PlayerView'a atandı
12-06 23:03:58.752 D/CoreBackPreview(  676): Window{d882328 u0 com.pnr.tv/com.pnr.tv.PlayerActivity}: Setting back callback OnBackInvokedCallbackInfo{mCallback=android.window.IOnBackInvokedCallback$Stub$Proxy@52891e6, mPriority=0, mIsAnimationCallback=false, mOverrideBehavior=0}
12-06 23:03:58.833 I/ActivityTaskManager(  676): Displayed com.pnr.tv/.PlayerActivity for user 0: +454ms
12-06 23:03:58.833 V/WindowManager(  676): Sent Transition (#23) createdAt=12-06 23:03:58.378 via request=TransitionRequestInfo { type = OPEN, triggerTask = TaskInfo{userId=0 taskId=9 effectiveUid=10092 displayId=0 isRunning=true baseIntent=Intent { act=android.intent.action.MAIN cat=[android.intent.category.LEANBACK_LAUNCHER] flg=0x10000000 cmp=com.pnr.tv/.MainActivity } baseActivity=ComponentInfo{com.pnr.tv/com.pnr.tv.MainActivity} topActivity=ComponentInfo{com.pnr.tv/com.pnr.tv.PlayerActivity} origActivity=null realActivity=ComponentInfo{com.pnr.tv/com.pnr.tv.MainActivity} numActivities=2 lastActiveTime=5094383 supportsMultiWindow=false resizeMode=1 isResizeable=true minWidth=-1 minHeight=-1 defaultMinSize=220 token=WCT{RemoteToken{59605bd Task{bad48f2 #9 type=standard A=10092:com.pnr.tv}}} topActivityType=1 pictureInPictureParams=null shouldDockBigOverlays=true launchIntoPipHostTaskId=-1 lastParentTaskIdBeforePip=-1 displayCutoutSafeInsets=Rect(0, 0 - 0, 0) topActivityInfo=ActivityInfo{ddbe672 com.pnr.tv.PlayerActivity} launchCookies=[] positionInParent=Point(0, 0) parentTaskId=-1 isFocused=true isVisible=true isVisibleRequested=true isTopActivityNoDisplay=false isSleeping=false locusId=null displayAreaFeatureId=1 isTopActivityTransparent=false isActivityStackTransparent=false lastNonFullscreenBounds=Rect(1374, 108 - 2467, 2052) capturedLink=null capturedLinkTimestamp=0 requestedVisibleTypes=-9 topActivityRequestOpenInBrowserEducationTimestamp=0 appCompatTaskInfo=AppCompatTaskInfo { topActivityInSizeCompat=false eligibleForLetterboxEducation= false isLetterboxEducationEnabled= false isLetterboxDoubleTapEnabled= false eligibleForUserAspectRatioButton= false topActivityBoundsLetterboxed= false isFromLetterboxDoubleTap= false topActivityLetterboxVerticalPosition= -1 topActivityLetterboxHorizontalPosition= -1 topActivityLetterboxWidth=-1 topActivityLetterboxHeight=-1 topActivityAppBounds=Rect(0, 0 - 3840, 2160) isUserFullscreenOverrideEnabled=false isSystemFullscreenOverrideEnabled=false hasMinAspectRatioOverride=false topActivityLetterboxBounds=null cameraCompatTaskInfo=CameraCompatTaskInfo { freeformCameraCompatMode=inactive}} topActivityMainWindowFrame=null}, pipChange = null, remoteTransition = null, displayChange = null, flags = 0, debugId = 23 }
12-06 23:03:58.834 V/WindowManager(  676):         {m=OPEN f=FILLS_TASK leash=Surface(name=ActivityRecord{114661585 u0 com.pnr.tv/.PlayerActivity)/@0x8d049d4 sb=Rect(0, 0 - 0, 0) eb=Rect(0, 0 - 3840, 2160) epz=Point(3840, 2160) d=-1->0 r=-1->0:-1 bc=ff303030 component=com.pnr.tv/.PlayerActivity opt={t=FROM_STYLE mUserId=0}},
12-06 23:03:58.834 V/WindowManager(  676):         {m=TO_BACK f=FILLS_TASK leash=Surface(name=ActivityRecord{212702205 u0 com.pnr.tv/.MainActivity)/@0xc9e6327 sb=Rect(0, 0 - 3840, 2160) eb=Rect(0, 0 - 3840, 2160) epz=Point(3840, 2160) d=0 bc=ff303030 component=com.pnr.tv/.MainActivity opt={t=FROM_STYLE mUserId=0}}
